E/Adreno200-EGLSUB( 1522): UnlockImage() genlock_unlock_buffer failed
I/auditd  ( 1978): Starting up
E/audit_log( 1978): Could not stat audit logfile /data/misc/audit/audit.log: Permission denied
E/auditd  ( 1978): Failed on audit_log_open
I/auditd  ( 1978): Exiting
E/libaudit( 1978): Could net set pid for audit events, error: Protocol error
D/TextLayoutCache( 1523): Using debug level = 0 - Debug Enabled = 0
I/dalvikvm( 1523): threadid=1: recursive native library load attempt (/system/lib/libmedia_jni.so)
D/MtpDeviceJNI( 1523): register_android_mtp_MtpDevice
I/dalvikvm( 1523): threadid=1: recursive native library load attempt (/system/lib/libmedia_jni.so)
I/dalvikvm( 1523): threadid=1: recursive native library load attempt (/system/lib/libmedia_jni.so)
I/dalvikvm( 1523): threadid=1: recursive native library load attempt (/system/lib/libmedia_jni.so)
E/libgenlock( 1522): perform_lock_unlock_operation: GENLOCK_IOC_DREADLOCK failed (lockType0x2,err=Connection timed out fd=36)
E/Adreno200-EGLSUB( 1522): LockImage() genlock_lock_buffer GENLOCK_READ_LOCK failed
E/Adreno200-ES20( 1522): <qgl2DrvAPI_glEGLImageTargetTexture2DOES:2612>: GL_INVALID_OPERATION
E/GLConsumer( 1522): [BootAnimation] bindTextureImage: error binding external texture image 0x3: 0x502
E/libgenlock( 1522): perform_lock_unlock_operation: GENLOCK_IOC_DREADLOCK failed (lockType0x2,err=Connection timed out fd=24)
E/Adreno200-EGLSUB( 1522): updater_thread() genlock_lock_buffer GENLOCK_READ_LOCK failed
E/libgenlock( 1647): perform_lock_unlock_operation: GENLOCK_IOC_DREADLOCK failed (lockType0x2,err=Connection timed out fd=16)
E/Adreno200-EGLSUB( 1647): updater_thread() genlock_lock_buffer GENLOCK_READ_LOCK failed
E/libgenlock( 1522): perform_lock_unlock_operation: GENLOCK_IOC_DREADLOCK failed (lockType0x2,err=Connection timed out fd=24)
E/libgenlock( 1522): perform_lock_unlock_operation: GENLOCK_IOC_DREADLOCK failed (lockType0x0,err=Invalid argument fd=21)
W/Adreno200-EGLSUB( 1522): updater_thread() genlock_unlock_buffer already unlocked
E/libgenlock( 1522): perform_lock_unlock_operation: GENLOCK_IOC_DREADLOCK failed (lockType0x0,err=Invalid argument fd=36)
E/Adreno200-EGLSUB( 1522): UnlockImage() genlock_unlock_buffer failed
I/WebViewFactory( 1523): Provider overridden by property: persist.webview.provider=classic
W/dalvikvm( 1523): Exception Ljava/lang/UnsatisfiedLinkError; thrown while initializing Landroid/webkit/JniUtil;
E/webview ( 1523): failed to load JNI libraries
W/WebViewFactory( 1523): error preloading provider
W/WebViewFactory( 1523): android.util.AndroidRuntimeException: java.lang.ClassNotFoundException: android.webkit.JniUtil
W/WebViewFactory( 1523): 	at android.webkit.WebViewClassic$Factory.<init>(WebViewClassic.java:1309)
W/WebViewFactory( 1523): 	at java.lang.Class.newInstanceImpl(Native Method)
W/WebViewFactory( 1523): 	at java.lang.Class.newInstance(Class.java:1208)
W/WebViewFactory( 1523): 	at android.webkit.WebViewFactory$Preloader.<clinit>(WebViewFactory.java:49)
W/WebViewFactory( 1523): 	at java.lang.Class.classForName(Native Method)
W/WebViewFactory( 1523): 	at java.lang.Class.forName(Class.java:251)
W/WebViewFactory( 1523): 	at java.lang.Class.forName(Class.java:216)
W/WebViewFactory( 1523): 	at com.android.internal.os.ZygoteInit.preloadClasses(ZygoteInit.java:301)
W/WebViewFactory( 1523): 	at com.android.internal.os.ZygoteInit.preload(ZygoteInit.java:241)
W/WebViewFactory( 1523): 	at com.android.internal.os.ZygoteInit.main(ZygoteInit.java:574)
W/WebViewFactory( 1523): 	at dalvik.system.NativeStart.main(Native Method)
W/WebViewFactory( 1523): Caused by: java.lang.ClassNotFoundException: android.webkit.JniUtil
W/WebViewFactory( 1523): 	at java.lang.Class.classForName(Native Method)
W/WebViewFactory( 1523): 	at java.lang.Class.forName(Class.java:251)
W/WebViewFactory( 1523): 	at java.lang.Class.forName(Class.java:216)
W/WebViewFactory( 1523): 	at android.webkit.WebViewClassic$Factory.<init>(WebViewClassic.java:1305)
W/WebViewFactory( 1523): 	... 10 more
W/WebViewFactory( 1523): Caused by: java.lang.UnsatisfiedLinkError: Library webcore not found; tried [/vendor/lib/libwebcore.so, /system/lib/libwebcore.so]
W/WebViewFactory( 1523): 	at java.lang.Runtime.loadLibrary(Runtime.java:388)
W/WebViewFactory( 1523): 	at java.lang.System.loadLibrary(System.java:526)
W/WebViewFactory( 1523): 	at android.webkit.JniUtil.<clinit>(JniUtil.java:31)
W/WebViewFactory( 1523): 	... 14 more
E/libgenlock( 1522): perform_lock_unlock_operation: GENLOCK_IOC_DREADLOCK failed (lockType0x2,err=Connection timed out fd=30)
E/Adreno200-EGLSUB( 1522): LockImage() genlock_lock_buffer GENLOCK_READ_LOCK failed
E/Adreno200-ES20( 1522): <qgl2DrvAPI_glEGLImageTargetTexture2DOES:2612>: GL_INVALID_OPERATION
E/GLConsumer( 1522): [BootAnimation] bindTextureImage: error binding external texture image 0x1: 0x502
E/libgenlock( 1522): perform_lock_unlock_operation: GENLOCK_IOC_DREADLOCK failed (lockType0x2,err=Connection timed out fd=18)
E/Adreno200-EGLSUB( 1522): updater_thread() genlock_lock_buffer GENLOCK_READ_LOCK failed
W/Zygote  ( 1523): Class not found for preloading: java.lang.UnsafeByteSequence
E/libgenlock( 1647): perform_lock_unlock_operation: GENLOCK_IOC_DREADLOCK failed (lockType0x2,err=Connection timed out fd=23)
E/Adreno200-EGLSUB( 1647): updater_thread() genlock_lock_buffer GENLOCK_READ_LOCK failed
E/libgenlock( 1522): perform_lock_unlock_operation: GENLOCK_IOC_DREADLOCK failed (lockType0x2,err=Connection timed out fd=18)
E/libgenlock( 1522): perform_lock_unlock_operation: GENLOCK_IOC_DREADLOCK failed (lockType0x0,err=Invalid argument fd=24)
W/Adreno200-EGLSUB( 1522): updater_thread() genlock_unlock_buffer already unlocked
E/libgenlock( 1522): perform_lock_unlock_operation: GENLOCK_IOC_DREADLOCK failed (lockType0x0,err=Invalid argument fd=30)
E/Adreno200-EGLSUB( 1522): UnlockImage() genlock_unlock_buffer failed
I/System  ( 1523): Loaded time zone names for "" in 227ms (207ms in ICU)
I/System  ( 1523): Loaded time zone names for "en_US" in 158ms (133ms in ICU)
I/Zygote  ( 1523): ...preloaded 2815 classes in 5880ms.
E/libgenlock( 1522): perform_lock_unlock_operation: GENLOCK_IOC_DREADLOCK failed (lockType0x2,err=Connection timed out fd=33)
E/Adreno200-EGLSUB( 1522): LockImage() genlock_lock_buffer GENLOCK_READ_LOCK failed
E/Adreno200-ES20( 1522): <qgl2DrvAPI_glEGLImageTargetTexture2DOES:2612>: GL_INVALID_OPERATION
E/GLConsumer( 1522): [BootAnimation] bindTextureImage: error binding external texture image 0x2: 0x502
E/libgenlock( 1522): perform_lock_unlock_operation: GENLOCK_IOC_DREADLOCK failed (lockType0x2,err=Connection timed out fd=21)
E/Adreno200-EGLSUB( 1522): updater_thread() genlock_lock_buffer GENLOCK_READ_LOCK failed
I/auditd  ( 1982): Starting up
E/audit_log( 1982): Could not stat audit logfile /data/misc/audit/audit.log: Permission denied
E/auditd  ( 1982): Failed on audit_log_open
I/auditd  ( 1982): Exiting
E/libaudit( 1982): Could net set pid for audit events, error: Protocol error
D/libEGL  ( 1523): loaded /system/lib/egl/libEGL_adreno200.so
D/libEGL  ( 1523): loaded /system/lib/egl/libGLESv1_CM_adreno200.so
E/libgenlock( 1647): perform_lock_unlock_operation: GENLOCK_IOC_DREADLOCK failed (lockType0x2,err=Connection timed out fd=12)
E/Adreno200-EGLSUB( 1647): updater_thread() genlock_lock_buffer GENLOCK_READ_LOCK failed
D/libEGL  ( 1523): loaded /system/lib/egl/libGLESv2_adreno200.so
E/libgenlock( 1522): perform_lock_unlock_operation: GENLOCK_IOC_DREADLOCK failed (lockType0x2,err=Connection timed out fd=21)
E/libgenlock( 1522): perform_lock_unlock_operation: GENLOCK_IOC_DREADLOCK failed (lockType0x0,err=Invalid argument fd=18)
W/Adreno200-EGLSUB( 1522): updater_thread() genlock_unlock_buffer already unlocked
E/libgenlock( 1522): perform_lock_unlock_operation: GENLOCK_IOC_DREADLOCK failed (lockType0x0,err=Invalid argument fd=33)
E/Adreno200-EGLSUB( 1522): UnlockImage() genlock_unlock_buffer failed
I/dalvikvm( 1523): System server process 1986 has been created
W/dalvikvm( 1986): PR_CAPBSET_DROP 0 failed: Invalid argument. Please make sure your kernel is compiled with file capabilities support enabled.
W/dalvikvm( 1986): PR_CAPBSET_DROP 1 failed: Invalid argument. Please make sure your kernel is compiled with file capabilities support enabled.
W/dalvikvm( 1986): PR_CAPBSET_DROP 2 failed: Invalid argument. Please make sure your kernel is compiled with file capabilities support enabled.
W/dalvikvm( 1986): PR_CAPBSET_DROP 3 failed: Invalid argument. Please make sure your kernel is compiled with file capabilities support enabled.
W/dalvikvm( 1986): PR_CAPBSET_DROP 4 failed: Invalid argument. Please make sure your kernel is compiled with file capabilities support enabled.
W/dalvikvm( 1986): PR_CAPBSET_DROP 5 failed: Invalid argument. Please make sure your kernel is compiled with file capabilities support enabled.
W/dalvikvm( 1986): PR_CAPBSET_DROP 6 failed: Invalid argument. Please make sure your kernel is compiled with file capabilities support enabled.
W/dalvikvm( 1986): PR_CAPBSET_DROP 7 failed: Invalid argument. Please make sure your kernel is compiled with file capabilities support enabled.
W/dalvikvm( 1986): PR_CAPBSET_DROP 8 failed: Invalid argument. Please make sure your kernel is compiled with file capabilities support enabled.
W/dalvikvm( 1986): PR_CAPBSET_DROP 9 failed: Invalid argument. Please make sure your kernel is compiled with file capabilities support enabled.
W/dalvikvm( 1986): PR_CAPBSET_DROP 10 failed: Invalid argument. Please make sure your kernel is compiled with file capabilities support enabled.
W/dalvikvm( 1986): PR_CAPBSET_DROP 11 failed: Invalid argument. Please make sure your kernel is compiled with file capabilities support enabled.
W/dalvikvm( 1986): PR_CAPBSET_DROP 12 failed: Invalid argument. Please make sure your kernel is compiled with file capabilities support enabled.
W/dalvikvm( 1986): PR_CAPBSET_DROP 13 failed: Invalid argument. Please make sure your kernel is compiled with file capabilities support enabled.
W/dalvikvm( 1986): PR_CAPBSET_DROP 14 failed: Invalid argument. Please make sure your kernel is compiled with file capabilities support enabled.
W/dalvikvm( 1986): PR_CAPBSET_DROP 15 failed: Invalid argument. Please make sure your kernel is compiled with file capabilities support enabled.
W/dalvikvm( 1986): PR_CAPBSET_DROP 16 failed: Invalid argument. Please make sure your kernel is compiled with file capabilities support enabled.
W/dalvikvm( 1986): PR_CAPBSET_DROP 17 failed: Invalid argument. Please make sure your kernel is compiled with file capabilities support enabled.
W/dalvikvm( 1986): PR_CAPBSET_DROP 18 failed: Invalid argument. Please make sure your kernel is compiled with file capabilities support enabled.
W/dalvikvm( 1986): PR_CAPBSET_DROP 19 failed: Invalid argument. Please make sure your kernel is compiled with file capabilities support enabled.
W/dalvikvm( 1986): PR_CAPBSET_DROP 20 failed: Invalid argument. Please make sure your kernel is compiled with file capabilities support enabled.
W/dalvikvm( 1986): PR_CAPBSET_DROP 21 failed: Invalid argument. Please make sure your kernel is compiled with file capabilities support enabled.
W/dalvikvm( 1986): PR_CAPBSET_DROP 22 failed: Invalid argument. Please make sure your kernel is compiled with file capabilities support enabled.
W/dalvikvm( 1986): PR_CAPBSET_DROP 23 failed: Invalid argument. Please make sure your kernel is compiled with file capabilities support enabled.
W/dalvikvm( 1986): PR_CAPBSET_DROP 24 failed: Invalid argument. Please make sure your kernel is compiled with file capabilities support enabled.
W/dalvikvm( 1986): PR_CAPBSET_DROP 25 failed: Invalid argument. Please make sure your kernel is compiled with file capabilities support enabled.
W/dalvikvm( 1986): PR_CAPBSET_DROP 26 failed: Invalid argument. Please make sure your kernel is compiled with file capabilities support enabled.
W/dalvikvm( 1986): PR_CAPBSET_DROP 27 failed: Invalid argument. Please make sure your kernel is compiled with file capabilities support enabled.
W/dalvikvm( 1986): PR_CAPBSET_DROP 28 failed: Invalid argument. Please make sure your kernel is compiled with file capabilities support enabled.
W/dalvikvm( 1986): PR_CAPBSET_DROP 29 failed: Invalid argument. Please make sure your kernel is compiled with file capabilities support enabled.
W/dalvikvm( 1986): PR_CAPBSET_DROP 30 failed: Invalid argument. Please make sure your kernel is compiled with file capabilities support enabled.
W/dalvikvm( 1986): PR_CAPBSET_DROP 31 failed: Invalid argument. Please make sure your kernel is compiled with file capabilities support enabled.
W/dalvikvm( 1986): PR_CAPBSET_DROP 32 failed: Invalid argument. Please make sure your kernel is compiled with file capabilities support enabled.
W/dalvikvm( 1986): PR_CAPBSET_DROP 33 failed: Invalid argument. Please make sure your kernel is compiled with file capabilities support enabled.
W/dalvikvm( 1986): PR_CAPBSET_DROP 34 failed: Invalid argument. Please make sure your kernel is compiled with file capabilities support enabled.
W/dalvikvm( 1986): PR_CAPBSET_DROP 35 failed: Invalid argument. Please make sure your kernel is compiled with file capabilities support enabled.
I/Zygote  ( 1523): Accepting command socket connections
D/SensorService( 1986): nuSensorService starting...
I/SystemServer( 1986): Entered the Android system server!
I/AKMD2   ( 1529): akmd2 : Compass Opened.
E/AKMD2   ( 1529): akmd2 : Setting file can't be read. Default value is used.
I/SensorService( 1986): BMA150 3-axis Accelerometer
I/SensorService( 1986): AK8975 3-axis Magnetic field sensor
I/SensorService( 1986): AK8975 Orientation sensor
I/SensorService( 1986): APDS9700 Proximity sensor
I/SensorService( 1986): MSM Light sensor
D/SensorService( 1986): Max socket buffer size 112640
I/SystemServer( 1986): Waiting for installd to be ready.
I/SystemServer( 1986): Enabled StrictMode logging for WM Looper
I/installd( 1526): new connection
D/SensorService( 1986): nuSensorService thread starting...
I/Installer( 1986): connecting...
E/Klzz PowerHAL( 1986): Error opening /sys/devices/system/cpu/cpufreq/ondemand/sampling_rate: No such file or directory
I/SystemServer( 1986): Power Manager
I/SystemServer( 1986): Activity Manager
I/ActivityManager( 1986): Memory class: 24
I/AppOps  ( 1986): No existing app ops /data/system/appops.xml; starting empty
I/AKMD2   ( 1529): akmd2 : Compass Closed.
I/UiThread( 1986): Enabled StrictMode logging for UI thread
I/IntentFirewall( 1986): Read new rules (A:0 B:0 S:0)
I/ActivityManager( 1986): Enabled StrictMode logging for AThread's Looper
I/SystemServer( 1986): Display Manager
I/SystemServer( 1986): Telephony Registry
I/DisplayManagerService( 1986): Display device added: DisplayDeviceInfo{"Built-in Screen": 320 x 480, 60.000004 fps, density 160, 159.37254 x 160.42105 dpi, touch INTERNAL, rotation 0, type BUILT_IN, FLAG_DEFAULT_DISPLAY, FLAG_ROTATES_WITH_CONTENT, FLAG_SECURE, FLAG_SUPPORTS_PROTECTED_BUFFERS}
I/SystemServer( 1986): Scheduling Policy
I/SystemServer( 1986): Package Manager
W/FileUtils( 1986): Failed to chmod(/data/system/packages.list): libcore.io.ErrnoException: chmod failed: ENOENT (No such file or directory)
D/SELinuxMMAC( 1986): Couldn't find install policy /data/security/mac_permissions.xml
D/SELinuxMMAC( 1986): Using install policy file /system/etc/security/mac_permissions.xml
I/PackageManager( 1986): No settings file; creating initial state
W/PackageManager( 1986): Library not found: /system/framework/com.sonyericsson.suquashi.jar
D/dalvikvm( 2018): DexOpt: sleeping on flock(/data/dalvik-cache/system@framework@ext.jar@classes.dex)
D/dalvikvm( 2018): Unable to stat classpath element '/system/framework/webviewchromium.jar'
D/dalvikvm( 2019): Unable to stat classpath element '/system/framework/webviewchromium.jar'
E/libgenlock( 1522): perform_lock_unlock_operation: GENLOCK_IOC_DREADLOCK failed (lockType0x2,err=Connection timed out fd=36)
E/Adreno200-EGLSUB( 1522): LockImage() genlock_lock_buffer GENLOCK_READ_LOCK failed
E/Adreno200-ES20( 1522): <qgl2DrvAPI_glEGLImageTargetTexture2DOES:2612>: GL_INVALID_OPERATION
E/GLConsumer( 1522): [BootAnimation] bindTextureImage: error binding external texture image 0x3: 0x502
E/libgenlock( 1522): perform_lock_unlock_operation: GENLOCK_IOC_DREADLOCK failed (lockType0x2,err=Connection timed out fd=24)
E/Adreno200-EGLSUB( 1522): updater_thread() genlock_lock_buffer GENLOCK_READ_LOCK failed
D/dalvikvm( 2019): DexOpt: load 24ms, verify+opt 24ms, 121628 bytes
D/dalvikvm( 2018): DexOpt: load 23ms, verify+opt 106ms, 136028 bytes
D/dalvikvm( 2021): Unable to stat classpath element '/system/framework/webviewchromium.jar'
D/dalvikvm( 2021): DexOpt: load 32ms, verify+opt 23ms, 105388 bytes
D/dalvikvm( 2023): Unable to stat classpath element '/system/framework/webviewchromium.jar'
D/dalvikvm( 2025): Unable to stat classpath element '/system/framework/webviewchromium.jar'
D/dalvikvm( 2025): DexOpt: load 24ms, verify+opt 38ms, 154580 bytes
D/dalvikvm( 2027): Unable to stat classpath element '/system/framework/webviewchromium.jar'
D/dalvikvm( 2027): DexOpt: load 24ms, verify+opt 1ms, 83452 bytes
D/dalvikvm( 2023): DexOpt: load 103ms, verify+opt 346ms, 536356 bytes
D/dalvikvm( 2029): Unable to stat classpath element '/system/framework/webviewchromium.jar'
D/dalvikvm( 2029): DexOpt: load 23ms, verify+opt 35ms, 143972 bytes
D/dalvikvm( 2031): Unable to stat classpath element '/system/framework/webviewchromium.jar'
E/libgenlock( 1647): perform_lock_unlock_operation: GENLOCK_IOC_DREADLOCK failed (lockType0x2,err=Connection timed out fd=16)
E/Adreno200-EGLSUB( 1647): updater_thread() genlock_lock_buffer GENLOCK_READ_LOCK failed
D/dalvikvm( 2031): DexOpt: load 12ms, verify+opt 7ms, 103924 bytes
E/libgenlock( 1522): perform_lock_unlock_operation: GENLOCK_IOC_DREADLOCK failed (lockType0x2,err=Connection timed out fd=24)
E/libgenlock( 1522): perform_lock_unlock_operation: GENLOCK_IOC_DREADLOCK failed (lockType0x0,err=Invalid argument fd=21)
W/Adreno200-EGLSUB( 1522): updater_thread() genlock_unlock_buffer already unlocked
E/libgenlock( 1522): perform_lock_unlock_operation: GENLOCK_IOC_DREADLOCK failed (lockType0x0,err=Invalid argument fd=36)
E/Adreno200-EGLSUB( 1522): UnlockImage() genlock_unlock_buffer failed
D/dalvikvm( 2035): Unable to stat classpath element '/system/framework/webviewchromium.jar'
D/dalvikvm( 2037): Unable to stat classpath element '/system/framework/webviewchromium.jar'
D/dalvikvm( 2035): DexOpt: load 20ms, verify+opt 22ms, 121972 bytes
D/dalvikvm( 2039): Unable to stat classpath element '/system/framework/webviewchromium.jar'
D/dalvikvm( 2039): DexOpt: load 20ms, verify+opt 36ms, 132524 bytes
D/dalvikvm( 2037): Note: class Landroid/app/ActivityManagerNative; has 180 unimplemented (abstract) methods
D/dalvikvm( 2041): Unable to stat classpath element '/system/framework/webviewchromium.jar'
D/dalvikvm( 2037): DexOpt: load 20ms, verify+opt 427ms, 484796 bytes
D/dalvikvm( 2041): Note: class Landroid/app/ActivityManagerNative; has 180 unimplemented (abstract) methods
D/dalvikvm( 2041): DexOpt: load 27ms, verify+opt 28ms, 141324 bytes
D/dalvikvm( 2043): Unable to stat classpath element '/system/framework/webviewchromium.jar'
D/dalvikvm( 2043): DexOpt: load 19ms, verify+opt 33ms, 114860 bytes
D/dalvikvm( 2045): Unable to stat classpath element '/system/framework/webviewchromium.jar'
D/dalvikvm( 2045): Note: class Landroid/app/ActivityManagerNative; has 180 unimplemented (abstract) methods
E/libgenlock( 1522): perform_lock_unlock_operation: GENLOCK_IOC_DREADLOCK failed (lockType0x2,err=Connection timed out fd=30)
E/Adreno200-EGLSUB( 1522): LockImage() genlock_lock_buffer GENLOCK_READ_LOCK failed
E/Adreno200-ES20( 1522): <qgl2DrvAPI_glEGLImageTargetTexture2DOES:2612>: GL_INVALID_OPERATION
E/GLConsumer( 1522): [BootAnimation] bindTextureImage: error binding external texture image 0x1: 0x502
E/libgenlock( 1522): perform_lock_unlock_operation: GENLOCK_IOC_DREADLOCK failed (lockType0x2,err=Connection timed out fd=18)
E/Adreno200-EGLSUB( 1522): updater_thread() genlock_lock_buffer GENLOCK_READ_LOCK failed
D/dalvikvm( 2045): DexOpt: load 15ms, verify+opt 133ms, 231124 bytes
D/dalvikvm( 2047): Unable to stat classpath element '/system/framework/webviewchromium.jar'
D/dalvikvm( 2047): Note: class Landroid/app/ActivityManagerNative; has 180 unimplemented (abstract) methods
D/dalvikvm( 2049): Unable to stat classpath element '/system/framework/webviewchromium.jar'
D/dalvikvm( 2049): DexOpt: load 22ms, verify+opt 35ms, 142036 bytes
D/dalvikvm( 2047): DexOpt: load 41ms, verify+opt 299ms, 378988 bytes
D/dalvikvm( 2051): Unable to stat classpath element '/system/framework/webviewchromium.jar'
D/dalvikvm( 2051): DexOpt: load 12ms, verify+opt 28ms, 131188 bytes
D/dalvikvm( 2053): Unable to stat classpath element '/system/framework/webviewchromium.jar'
D/dalvikvm( 2053): DexOpt: load 21ms, verify+opt 33ms, 107668 bytes
D/dalvikvm( 2055): Unable to stat classpath element '/system/framework/webviewchromium.jar'
D/dalvikvm( 2055): Note: class Landroid/app/ActivityManagerNative; has 180 unimplemented (abstract) methods
D/dalvikvm( 2055): DexOpt: load 22ms, verify+opt 60ms, 160012 bytes
D/dalvikvm( 2057): Unable to stat classpath element '/system/framework/webviewchromium.jar'
D/dalvikvm( 2057): DexOpt: load 21ms, verify+opt 21ms, 111220 bytes
D/dalvikvm( 2059): Unable to stat classpath element '/system/framework/webviewchromium.jar'
D/dalvikvm( 2059): DexOpt: load 22ms, verify+opt 39ms, 113684 bytes
E/libgenlock( 1647): perform_lock_unlock_operation: GENLOCK_IOC_DREADLOCK failed (lockType0x2,err=Connection timed out fd=23)
E/Adreno200-EGLSUB( 1647): updater_thread() genlock_lock_buffer GENLOCK_READ_LOCK failed
E/libgenlock( 1522): perform_lock_unlock_operation: GENLOCK_IOC_DREADLOCK failed (lockType0x2,err=Connection timed out fd=18)
E/libgenlock( 1522): perform_lock_unlock_operation: GENLOCK_IOC_DREADLOCK failed (lockType0x0,err=Invalid argument fd=24)
W/Adreno200-EGLSUB( 1522): updater_thread() genlock_unlock_buffer already unlocked
E/libgenlock( 1522): perform_lock_unlock_operation: GENLOCK_IOC_DREADLOCK failed (lockType0x0,err=Invalid argument fd=30)
E/Adreno200-EGLSUB( 1522): UnlockImage() genlock_unlock_buffer failed
D/dalvikvm( 2061): Unable to stat classpath element '/system/framework/webviewchromium.jar'
D/dalvikvm( 2061): Note: class Landroid/app/ActivityManagerNative; has 180 unimplemented (abstract) methods
D/dalvikvm( 2061): DexOpt: load 16ms, verify+opt 82ms, 225020 bytes
D/PackageManager( 1986): No files in app dir /vendor/overlay
I/auditd  ( 2062): Starting up
E/audit_log( 2062): Could not stat audit logfile /data/misc/audit/audit.log: Permission denied
E/auditd  ( 2062): Failed on audit_log_open
I/auditd  ( 2062): Exiting
E/libaudit( 2062): Could net set pid for audit events, error: Protocol error
I/PackageManager( 1986): /system/framework/framework-res.apk changed; collecting certs
E/libgenlock( 1522): perform_lock_unlock_operation: GENLOCK_IOC_DREADLOCK failed (lockType0x2,err=Connection timed out fd=33)
E/Adreno200-EGLSUB( 1522): LockImage() genlock_lock_buffer GENLOCK_READ_LOCK failed
E/Adreno200-ES20( 1522): <qgl2DrvAPI_glEGLImageTargetTexture2DOES:2612>: GL_INVALID_OPERATION
E/GLConsumer( 1522): [BootAnimation] bindTextureImage: error binding external texture image 0x2: 0x502
E/libgenlock( 1522): perform_lock_unlock_operation: GENLOCK_IOC_DREADLOCK failed (lockType0x2,err=Connection timed out fd=21)
E/Adreno200-EGLSUB( 1522): updater_thread() genlock_lock_buffer GENLOCK_READ_LOCK failed
E/libgenlock( 1647): perform_lock_unlock_operation: GENLOCK_IOC_DREADLOCK failed (lockType0x2,err=Connection timed out fd=12)
E/Adreno200-EGLSUB( 1647): updater_thread() genlock_lock_buffer GENLOCK_READ_LOCK failed
E/libgenlock( 1522): perform_lock_unlock_operation: GENLOCK_IOC_DREADLOCK failed (lockType0x2,err=Connection timed out fd=21)
E/libgenlock( 1522): perform_lock_unlock_operation: GENLOCK_IOC_DREADLOCK failed (lockType0x0,err=Invalid argument fd=18)
W/Adreno200-EGLSUB( 1522): updater_thread() genlock_unlock_buffer already unlocked
E/libgenlock( 1522): perform_lock_unlock_operation: GENLOCK_IOC_DREADLOCK failed (lockType0x0,err=Invalid argument fd=33)
E/Adreno200-EGLSUB( 1522): UnlockImage() genlock_unlock_buffer failed
E/libgenlock( 1522): perform_lock_unlock_operation: GENLOCK_IOC_DREADLOCK failed (lockType0x2,err=Connection timed out fd=36)
E/Adreno200-EGLSUB( 1522): LockImage() genlock_lock_buffer GENLOCK_READ_LOCK failed
E/Adreno200-ES20( 1522): <qgl2DrvAPI_glEGLImageTargetTexture2DOES:2612>: GL_INVALID_OPERATION
E/GLConsumer( 1522): [BootAnimation] bindTextureImage: error binding external texture image 0x3: 0x502
E/libgenlock( 1522): perform_lock_unlock_operation: GENLOCK_IOC_DREADLOCK failed (lockType0x2,err=Connection timed out fd=24)
E/Adreno200-EGLSUB( 1522): updater_thread() genlock_lock_buffer GENLOCK_READ_LOCK failed
I/PackageManager( 1986): /system/priv-app/WallpaperCropper.apk changed; collecting certs
I/PackageManager( 1986): /system/priv-app/VpnDialogs.apk changed; collecting certs
I/PackageManager( 1986): /system/priv-app/VoiceDialer.apk changed; collecting certs
I/PackageManager( 1986): /system/priv-app/Trebuchet.apk changed; collecting certs
I/PackageManager( 1986): /system/priv-app/ThemeManager.apk changed; collecting certs
I/PackageManager( 1986): New shared user com.tmobile.thememanager: id=10003
I/PackageManager( 1986): /system/priv-app/TeleService.apk changed; collecting certs
I/PackageManager( 1986): /system/priv-app/SystemUI.apk changed; collecting certs
E/libgenlock( 1647): perform_lock_unlock_operation: GENLOCK_IOC_DREADLOCK failed (lockType0x2,err=Connection timed out fd=16)
E/Adreno200-EGLSUB( 1647): updater_thread() genlock_lock_buffer GENLOCK_READ_LOCK failed
E/libgenlock( 1522): perform_lock_unlock_operation: GENLOCK_IOC_DREADLOCK failed (lockType0x2,err=Connection timed out fd=24)
E/libgenlock( 1522): perform_lock_unlock_operation: GENLOCK_IOC_DREADLOCK failed (lockType0x0,err=Invalid argument fd=21)
W/Adreno200-EGLSUB( 1522): updater_thread() genlock_unlock_buffer already unlocked
E/libgenlock( 1522): perform_lock_unlock_operation: GENLOCK_IOC_DREADLOCK failed (lockType0x0,err=Invalid argument fd=36)
E/Adreno200-EGLSUB( 1522): UnlockImage() genlock_unlock_buffer failed
I/PackageManager( 1986): /system/priv-app/Shell.apk changed; collecting certs
I/PackageManager( 1986): /system/priv-app/SharedStorageBackup.apk changed; collecting certs
I/PackageManager( 1986): /system/priv-app/SettingsProvider.apk changed; collecting certs
I/PackageManager( 1986): /system/priv-app/Settings.apk changed; collecting certs
I/PackageManager( 1986): New shared user android.uid.systemui: id=10006
I/PackageManager( 1986): /system/priv-app/ProxyHandler.apk changed; collecting certs
E/libgenlock( 1522): perform_lock_unlock_operation: GENLOCK_IOC_DREADLOCK failed (lockType0x2,err=Connection timed out fd=30)
E/Adreno200-EGLSUB( 1522): LockImage() genlock_lock_buffer GENLOCK_READ_LOCK failed
E/Adreno200-ES20( 1522): <qgl2DrvAPI_glEGLImageTargetTexture2DOES:2612>: GL_INVALID_OPERATION
E/GLConsumer( 1522): [BootAnimation] bindTextureImage: error binding external texture image 0x1: 0x502
E/libgenlock( 1522): perform_lock_unlock_operation: GENLOCK_IOC_DREADLOCK failed (lockType0x2,err=Connection timed out fd=18)
E/Adreno200-EGLSUB( 1522): updater_thread() genlock_lock_buffer GENLOCK_READ_LOCK failed
I/PackageManager( 1986): /system/priv-app/PicoTts.apk changed; collecting certs
I/auditd  ( 2079): Starting up
E/audit_log( 2079): Could not stat audit logfile /data/misc/audit/audit.log: Permission denied
E/auditd  ( 2079): Failed on audit_log_open
I/auditd  ( 2079): Exiting
E/libaudit( 2079): Could net set pid for audit events, error: Protocol error
I/PackageManager( 1986): /system/priv-app/OneTimeInitializer.apk changed; collecting certs
I/PackageManager( 1986): /system/priv-app/Mms.apk changed; collecting certs
E/libgenlock( 1647): perform_lock_unlock_operation: GENLOCK_IOC_DREADLOCK failed (lockType0x2,err=Connection timed out fd=23)
E/Adreno200-EGLSUB( 1647): updater_thread() genlock_lock_buffer GENLOCK_READ_LOCK failed
E/libgenlock( 1522): perform_lock_unlock_operation: GENLOCK_IOC_DREADLOCK failed (lockType0x2,err=Connection timed out fd=18)
E/libgenlock( 1522): perform_lock_unlock_operation: GENLOCK_IOC_DREADLOCK failed (lockType0x0,err=Invalid argument fd=24)
W/Adreno200-EGLSUB( 1522): updater_thread() genlock_unlock_buffer already unlocked
E/libgenlock( 1522): perform_lock_unlock_operation: GENLOCK_IOC_DREADLOCK failed (lockType0x0,err=Invalid argument fd=30)
E/Adreno200-EGLSUB( 1522): UnlockImage() genlock_unlock_buffer failed
I/PackageManager( 1986): /system/priv-app/MediaProvider.apk changed; collecting certs
I/PackageManager( 1986): New shared user android.media: id=10011
I/PackageManager( 1986): /system/priv-app/Keyguard.apk changed; collecting certs
I/PackageManager( 1986): /system/priv-app/InputDevices.apk changed; collecting certs
I/PackageManager( 1986): /system/priv-app/FusedLocation.apk changed; collecting certs
I/PackageManager( 1986): /system/priv-app/ExternalStorageProvider.apk changed; collecting certs
I/PackageManager( 1986): /system/priv-app/DownloadProvider.apk changed; collecting certs
W/PackageParser( 1986): No actions in intent filter at /system/priv-app/Dialer.apk Binary XML file line #189
I/PackageManager( 1986): /system/priv-app/Dialer.apk changed; collecting certs
E/libgenlock( 1522): perform_lock_unlock_operation: GENLOCK_IOC_DREADLOCK failed (lockType0x2,err=Connection timed out fd=33)
E/Adreno200-EGLSUB( 1522): LockImage() genlock_lock_buffer GENLOCK_READ_LOCK failed
E/Adreno200-ES20( 1522): <qgl2DrvAPI_glEGLImageTargetTexture2DOES:2612>: GL_INVALID_OPERATION
E/GLConsumer( 1522): [BootAnimation] bindTextureImage: error binding external texture image 0x2: 0x502
E/libgenlock( 1522): perform_lock_unlock_operation: GENLOCK_IOC_DREADLOCK failed (lockType0x2,err=Connection timed out fd=21)
E/Adreno200-EGLSUB( 1522): updater_thread() genlock_lock_buffer GENLOCK_READ_LOCK failed
I/PackageManager( 1986): /system/priv-app/DefaultContainerService.apk changed; collecting certs
I/PackageManager( 1986): /system/priv-app/ContactsProvider.apk changed; collecting certs
I/PackageManager( 1986): New shared user android.uid.shared: id=10014
W/PackageParser( 1986): No actions in intent filter at /system/priv-app/Contacts.apk Binary XML file line #375
I/PackageManager( 1986): /system/priv-app/Contacts.apk changed; collecting certs
I/PackageManager( 1986): New shared user com.android.dialer: id=10015
E/libgenlock( 1647): perform_lock_unlock_operation: GENLOCK_IOC_DREADLOCK failed (lockType0x2,err=Connection timed out fd=12)
E/Adreno200-EGLSUB( 1647): updater_thread() genlock_lock_buffer GENLOCK_READ_LOCK failed
E/libgenlock( 1522): perform_lock_unlock_operation: GENLOCK_IOC_DREADLOCK failed (lockType0x2,err=Connection timed out fd=21)
I/PackageManager( 1986): /system/priv-app/CalendarProvider.apk changed; collecting certs
E/libgenlock( 1522): perform_lock_unlock_operation: GENLOCK_IOC_DREADLOCK failed (lockType0x0,err=Invalid argument fd=18)
W/Adreno200-EGLSUB( 1522): updater_thread() genlock_unlock_buffer already unlocked
E/libgenlock( 1522): perform_lock_unlock_operation: GENLOCK_IOC_DREADLOCK failed (lockType0x0,err=Invalid argument fd=33)
E/Adreno200-EGLSUB( 1522): UnlockImage() genlock_unlock_buffer failed
I/PackageManager( 1986): New shared user android.uid.calendar: id=10016
I/PackageManager( 1986): /system/priv-app/CMUpdater.apk changed; collecting certs
I/PackageManager( 1986): /system/priv-app/BackupRestoreConfirmation.apk changed; collecting certs
I/PackageManager( 1986): /system/app/WAPPushManager.apk changed; collecting certs
I/PackageManager( 1986): /system/app/WhisperPush.apk changed; collecting certs
I/PackageManager( 1986): /system/app/UserDictionaryProvider.apk changed; collecting certs
I/PackageManager( 1986): /system/app/ThemeChooser.apk changed; collecting certs
I/PackageManager( 1986): /system/app/Term.apk changed; collecting certs
E/libgenlock( 1522): perform_lock_unlock_operation: GENLOCK_IOC_DREADLOCK failed (lockType0x2,err=Connection timed out fd=36)
E/Adreno200-EGLSUB( 1522): LockImage() genlock_lock_buffer GENLOCK_READ_LOCK failed
E/Adreno200-ES20( 1522): <qgl2DrvAPI_glEGLImageTargetTexture2DOES:2612>: GL_INVALID_OPERATION
E/GLConsumer( 1522): [BootAnimation] bindTextureImage: error binding external texture image 0x3: 0x502
E/libgenlock( 1522): perform_lock_unlock_operation: GENLOCK_IOC_DREADLOCK failed (lockType0x2,err=Connection timed out fd=24)
E/Adreno200-EGLSUB( 1522): updater_thread() genlock_lock_buffer GENLOCK_READ_LOCK failed
I/PackageManager( 1986): /system/app/TelephonyProvider.apk changed; collecting certs
I/PackageManager( 1986): /system/app/SystemConnector.apk changed; collecting certs
I/PackageManager( 1986): /system/app/Stk.apk changed; collecting certs
I/PackageManager( 1986): /system/app/SoundRecorder.apk changed; collecting certs
I/PackageManager( 1986): /system/app/Provision.apk changed; collecting certs
I/PackageManager( 1986): /system/app/PackageInstaller.apk changed; collecting certs
I/PackageManager( 1986): /system/app/PrintSpooler.apk changed; collecting certs
I/PackageManager( 1986): /system/app/PacProcessor.apk changed; collecting certs
I/PackageManager( 1986): /system/app/LockClock.apk changed; collecting certs
W/PackageParser( 1986): Unknown element under <application>: reciever at /system/app/LockClock.apk Binary XML file line #104
I/PackageManager( 1986): /system/app/LiveWallpapersPicker.apk changed; collecting certs
E/libgenlock( 1647): perform_lock_unlock_operation: GENLOCK_IOC_DREADLOCK failed (lockType0x2,err=Connection timed out fd=16)
E/Adreno200-EGLSUB( 1647): updater_thread() genlock_lock_buffer GENLOCK_READ_LOCK failed
E/libgenlock( 1522): perform_lock_unlock_operation: GENLOCK_IOC_DREADLOCK failed (lockType0x2,err=Connection timed out fd=24)
E/libgenlock( 1522): perform_lock_unlock_operation: GENLOCK_IOC_DREADLOCK failed (lockType0x0,err=Invalid argument fd=21)
W/Adreno200-EGLSUB( 1522): updater_thread() genlock_unlock_buffer already unlocked
E/libgenlock( 1522): perform_lock_unlock_operation: GENLOCK_IOC_DREADLOCK failed (lockType0x0,err=Invalid argument fd=36)
E/Adreno200-EGLSUB( 1522): UnlockImage() genlock_unlock_buffer failed
I/PackageManager( 1986): /system/app/LiveWallpapers.apk changed; collecting certs
I/auditd  ( 2115): Starting up
E/audit_log( 2115): Could not stat audit logfile /data/misc/audit/audit.log: Permission denied
E/auditd  ( 2115): Failed on audit_log_open
I/auditd  ( 2115): Exiting
E/libaudit( 2115): Could net set pid for audit events, error: Protocol error
I/PackageManager( 1986): /system/app/LatinIME.apk changed; collecting certs
I/PackageManager( 1986): /system/app/KeyChain.apk changed; collecting certs
I/PackageManager( 1986): /system/app/InCallUI.apk changed; collecting certs
I/PackageManager( 1986): /system/app/HwaSettings.apk changed; collecting certs
I/PackageManager( 1986): /system/app/HTMLViewer.apk changed; collecting certs
W/PackageParser( 1986): Unknown element under <application>: permission at /system/app/Gallery2.apk Binary XML file line #252
W/PackageParser( 1986): Unknown element under <application>: permission at /system/app/Gallery2.apk Binary XML file line #255
I/PackageManager( 1986): /system/app/Gallery2.apk changed; collecting certs
E/libgenlock( 1522): perform_lock_unlock_operation: GENLOCK_IOC_DREADLOCK failed (lockType0x2,err=Connection timed out fd=30)
E/Adreno200-EGLSUB( 1522): LockImage() genlock_lock_buffer GENLOCK_READ_LOCK failed
E/Adreno200-ES20( 1522): <qgl2DrvAPI_glEGLImageTargetTexture2DOES:2612>: GL_INVALID_OPERATION
E/GLConsumer( 1522): [BootAnimation] bindTextureImage: error binding external texture image 0x1: 0x502
E/libgenlock( 1522): perform_lock_unlock_operation: GENLOCK_IOC_DREADLOCK failed (lockType0x2,err=Connection timed out fd=18)
E/Adreno200-EGLSUB( 1522): updater_thread() genlock_lock_buffer GENLOCK_READ_LOCK failed
I/PackageManager( 1986): /system/app/Exchange2.apk changed; collecting certs
I/PackageManager( 1986): /system/app/DownloadProviderUi.apk changed; collecting certs
I/PackageManager( 1986): /system/app/DocumentsUI.apk changed; collecting certs
E/libgenlock( 1647): perform_lock_unlock_operation: GENLOCK_IOC_DREADLOCK failed (lockType0x2,err=Connection timed out fd=23)
E/Adreno200-EGLSUB( 1647): updater_thread() genlock_lock_buffer GENLOCK_READ_LOCK failed
E/libgenlock( 1522): perform_lock_unlock_operation: GENLOCK_IOC_DREADLOCK failed (lockType0x2,err=Connection timed out fd=18)
E/libgenlock( 1522): perform_lock_unlock_operation: GENLOCK_IOC_DREADLOCK failed (lockType0x0,err=Invalid argument fd=24)
W/Adreno200-EGLSUB( 1522): updater_thread() genlock_unlock_buffer already unlocked
E/libgenlock( 1522): perform_lock_unlock_operation: GENLOCK_IOC_DREADLOCK failed (lockType0x0,err=Invalid argument fd=30)
E/Adreno200-EGLSUB( 1522): UnlockImage() genlock_unlock_buffer failed
I/PackageManager( 1986): /system/app/Development.apk changed; collecting certs
I/PackageManager( 1986): /system/app/DSPManager.apk changed; collecting certs
I/PackageManager( 1986): /system/app/DeskClock.apk changed; collecting certs
I/PackageManager( 1986): /system/app/CertInstaller.apk changed; collecting certs
I/PackageManager( 1986): /system/app/CellBroadcastReceiver.apk changed; collecting certs
E/libgenlock( 1522): perform_lock_unlock_operation: GENLOCK_IOC_DREADLOCK failed (lockType0x2,err=Connection timed out fd=33)
E/Adreno200-EGLSUB( 1522): LockImage() genlock_lock_buffer GENLOCK_READ_LOCK failed
E/Adreno200-ES20( 1522): <qgl2DrvAPI_glEGLImageTargetTexture2DOES:2612>: GL_INVALID_OPERATION
E/GLConsumer( 1522): [BootAnimation] bindTextureImage: error binding external texture image 0x2: 0x502
E/libgenlock( 1522): perform_lock_unlock_operation: GENLOCK_IOC_DREADLOCK failed (lockType0x2,err=Connection timed out fd=21)
E/Adreno200-EGLSUB( 1522): updater_thread() genlock_lock_buffer GENLOCK_READ_LOCK failed
W/ResourceType( 1986): Failure getting entry for 0x7f04000f (t=3 e=15) in package 0 (error -75)
W/ResourceType( 1986): Failure getting entry for 0x7f04000f (t=3 e=15) in package 0 (error -75)
I/PackageManager( 1986): /system/app/Camera2.apk changed; collecting certs
I/PackageManager( 1986): /system/app/Calendar.apk changed; collecting certs
I/PackageManager( 1986): /system/app/Calculator.apk changed; collecting certs
E/libgenlock( 1647): perform_lock_unlock_operation: GENLOCK_IOC_DREADLOCK failed (lockType0x2,err=Connection timed out fd=12)
E/Adreno200-EGLSUB( 1647): updater_thread() genlock_lock_buffer GENLOCK_READ_LOCK failed
E/libgenlock( 1522): perform_lock_unlock_operation: GENLOCK_IOC_DREADLOCK failed (lockType0x2,err=Connection timed out fd=21)
E/libgenlock( 1522): perform_lock_unlock_operation: GENLOCK_IOC_DREADLOCK failed (lockType0x0,err=Invalid argument fd=18)
W/Adreno200-EGLSUB( 1522): updater_thread() genlock_unlock_buffer already unlocked
E/libgenlock( 1522): perform_lock_unlock_operation: GENLOCK_IOC_DREADLOCK failed (lockType0x0,err=Invalid argument fd=33)
E/Adreno200-EGLSUB( 1522): UnlockImage() genlock_unlock_buffer failed
I/PackageManager( 1986): /system/app/CMFileManager.apk changed; collecting certs
W/PackageParser( 1986): No actions in intent filter at /system/app/CMFileManager.apk Binary XML file line #137
I/PackageManager( 1986): /system/app/Browser.apk changed; collecting certs
W/PackageParser( 1986): Unknown element under <application>: uses-feature at /system/app/BluetoothExt.apk Binary XML file line #55
W/PackageParser( 1986): No actions in intent filter at /system/app/BluetoothExt.apk Binary XML file line #82
W/PackageParser( 1986): No actions in intent filter at /system/app/BluetoothExt.apk Binary XML file line #106
I/PackageManager( 1986): /system/app/BluetoothExt.apk changed; collecting certs
W/PackageParser( 1986): No actions in intent filter at /system/app/BluetoothExt.apk Binary XML file line #159
W/PackageParser( 1986): No actions in intent filter at /system/app/Bluetooth.apk Binary XML file line #227
E/libgenlock( 1522): perform_lock_unlock_operation: GENLOCK_IOC_DREADLOCK failed (lockType0x2,err=Connection timed out fd=36)
E/Adreno200-EGLSUB( 1522): LockImage() genlock_lock_buffer GENLOCK_READ_LOCK failed
E/Adreno200-ES20( 1522): <qgl2DrvAPI_glEGLImageTargetTexture2DOES:2612>: GL_INVALID_OPERATION
E/GLConsumer( 1522): [BootAnimation] bindTextureImage: error binding external texture image 0x3: 0x502
E/libgenlock( 1522): perform_lock_unlock_operation: GENLOCK_IOC_DREADLOCK failed (lockType0x2,err=Connection timed out fd=24)
E/Adreno200-EGLSUB( 1522): updater_thread() genlock_lock_buffer GENLOCK_READ_LOCK failed
I/PackageManager( 1986): /system/app/Bluetooth.apk changed; collecting certs
I/PackageManager( 1986): /system/app/BasicDreams.apk changed; collecting certs
I/PackageManager( 1986): /system/app/AntHalService.apk changed; collecting certs
I/PackageManager( 1986): /system/app/Apollo.apk changed; collecting certs
I/auditd  ( 2142): Starting up
E/audit_log( 2142): Could not stat audit logfile /data/misc/audit/audit.log: Permission denied
E/auditd  ( 2142): Failed on audit_log_open
I/auditd  ( 2142): Exiting
E/libaudit( 2142): Could net set pid for audit events, error: Protocol error
D/PackageManager( 1986): No files in app dir /vendor/app
W/PackageManager( 1986): Package com.android.gallery3d desires unavailable shared library com.google.android.media.effects; ignoring!
I/PackageManager( 1986): Time to scan packages: 18.812 seconds
W/PackageManager( 1986): Not granting permission android.permission.WRITE_MEDIA_STORAGE to package com.android.soundrecorder (protectionLevel=18 flags=0x8be45)
W/PackageManager( 1986): Unknown permission com.google.android.gallery3d.permission.GALLERY_PROVIDER in package com.android.bluetooth
W/PackageManager( 1986): Unknown permission com.android.email.permission.ACCESS_PROVIDER in package com.android.bluetooth
W/PackageManager( 1986): Unknown permission com.android.email.permission.READ_ATTACHMENT in package com.android.bluetooth
W/PackageManager( 1986): Unknown permission com.google.android.googleapps.permission.GOOGLE_AUTH in package com.android.providers.calendar
W/PackageManager( 1986): Unknown permission com.google.android.googleapps.permission.GOOGLE_AUTH.cl in package com.android.providers.calendar
W/PackageManager( 1986): Unknown permission com.google.android.googleapps.permission.GOOGLE_AUTH.mail in package com.android.calendar
W/PackageManager( 1986): Not granting permission android.permission.ACCESS_DOWNLOAD_MANAGER to package com.android.browser (protectionLevel=18 flags=0x49be45)
W/PackageManager( 1986): Not granting permission android.permission.SEND_DOWNLOAD_COMPLETED_INTENTS to package com.android.browser (protectionLevel=2 flags=0x49be45)
W/PackageManager( 1986): Unknown permission com.android.launcher.permission.READ_SETTINGS in package com.android.onetimeinitializer
W/PackageManager( 1986): Unknown permission com.android.launcher.permission.WRITE_SETTINGS in package com.android.onetimeinitializer
W/PackageManager( 1986): Not granting permission android.permission.BIND_WALLPAPER to package com.android.camera2 (protectionLevel=18 flags=0x58bc45)
W/PackageManager( 1986): Unknown permission android.permission.INSTALL_DRM in package com.android.mms
W/PackageManager( 1986): Unknown permission com.cyanogenmod.filemanager.permissions.READ_THEME in package com.cyanogenmod.filemanager
W/PackageManager( 1986): Unknown permission android.permission.MMS_PUSH in package org.codeaurora.bluetooth
W/PackageManager( 1986): Unknown permission com.android.email.permission.ACCESS_PROVIDER in package org.codeaurora.bluetooth
W/PackageManager( 1986): Unknown permission com.android.email.permission.READ_ATTACHMENT in package org.codeaurora.bluetooth
W/PackageManager( 1986): Unknown permission com.google.android.googleapps.permission.GOOGLE_AUTH in package com.android.settings
W/PackageManager( 1986): Unknown permission com.android.launcher.permission.READ_SETTINGS in package com.android.settings
W/PackageManager( 1986): Unknown permission com.android.launcher.permission.WRITE_SETTINGS in package com.android.settings
W/PackageManager( 1986): Unknown permission android.permission.CHANGE_PRIVACY_GUARD_STATE in package com.android.settings
W/PackageManager( 1986): Unknown permission com.android.launcher.permission.READ_SETTINGS in package com.cyanogenmod.trebuchet
W/PackageManager( 1986): Unknown permission com.android.launcher.permission.WRITE_SETTINGS in package com.cyanogenmod.trebuchet
W/PackageManager( 1986): Unknown permission com.android.email.permission.READ_ATTACHMENT in package com.android.exchange
W/PackageManager( 1986): Unknown permission com.android.email.permission.ACCESS_PROVIDER in package com.android.exchange
W/PackageManager( 1986): Unknown permission com.google.android.c2dm.permission.RECEIVE in package org.whispersystems.whisperpush
W/PackageManager( 1986): Unknown permission com.google.android.googleapps.permission.ACCESS_GOOGLE_PASSWORD in package com.android.development
W/PackageManager( 1986): Unknown permission com.google.android.googleapps.permission.GOOGLE_AUTH in package com.android.development
W/PackageManager( 1986): Unknown permission com.google.android.googleapps.permission.GOOGLE_AUTH.ALL_SERVICES in package com.android.development
W/PackageManager( 1986): Unknown permission com.google.android.googleapps.permission.GOOGLE_AUTH.YouTubeUser in package com.android.development
W/PackageManager( 1986): Not granting permission android.permission.DEVICE_POWER to package com.android.deskclock (protectionLevel=2 flags=0x48be45)
W/PackageManager( 1986): Unknown permission com.android.deskclock.worldclock.permissions.WRITE_DATABASE in package com.android.deskclock
V/PackageManager( 1986): Disabling com.google.android.gsf/com.google.android.gsf.update.SystemUpdateActivity
W/PackageManager( 1986): Unable to disable com.google.android.gsf/com.google.android.gsf.update.SystemUpdateActivity
V/PackageManager( 1986): Disabling com.google.android.gsf/com.google.android.gsf.update.SystemUpdateService
W/PackageManager( 1986): Unable to disable com.google.android.gsf/com.google.android.gsf.update.SystemUpdateService
V/PackageManager( 1986): Disabling com.google.android.gsf/com.google.android.gsf.update.SystemUpdateService$Receiver
W/PackageManager( 1986): Unable to disable com.google.android.gsf/com.google.android.gsf.update.SystemUpdateService$Receiver
E/SELinuxMMAC( 1986): Error opening /data/system/seapp_hash. Assuming first boot.
E/SELinuxMMAC( 1986): java.io.FileNotFoundException: /data/system/seapp_hash: open failed: ENOENT (No such file or directory)
E/SELinuxMMAC( 1986): 	at libcore.io.IoBridge.open(IoBridge.java:409)
E/SELinuxMMAC( 1986): 	at libcore.io.IoUtils$FileReader.<init>(IoUtils.java:207)
E/SELinuxMMAC( 1986): 	at libcore.io.IoUtils.readFileAsByteArray(IoUtils.java:107)
E/SELinuxMMAC( 1986): 	at com.android.server.pm.SELinuxMMAC.shouldRestorecon(SELinuxMMAC.java:427)
E/SELinuxMMAC( 1986): 	at com.android.server.pm.PackageManagerService.<init>(PackageManagerService.java:1608)
E/SELinuxMMAC( 1986): 	at com.android.server.pm.PackageManagerService.main(PackageManagerService.java:1124)
E/SELinuxMMAC( 1986): 	at com.android.server.ServerThread.initAndLoop(SystemServer.java:308)
E/SELinuxMMAC( 1986): 	at com.android.server.SystemServer.main(SystemServer.java:1406)
E/SELinuxMMAC( 1986): 	at java.lang.reflect.Method.invokeNative(Native Method)
E/SELinuxMMAC( 1986): 	at java.lang.reflect.Method.invoke(Method.java:515)
E/SELinuxMMAC( 1986): 	at com.android.internal.os.ZygoteInit$MethodAndArgsCaller.run(ZygoteInit.java:789)
E/SELinuxMMAC( 1986): 	at com.android.internal.os.ZygoteInit.main(ZygoteInit.java:605)
E/SELinuxMMAC( 1986): 	at dalvik.system.NativeStart.main(Native Method)
E/SELinuxMMAC( 1986): Caused by: libcore.io.ErrnoException: open failed: ENOENT (No such file or directory)
E/SELinuxMMAC( 1986): 	at libcore.io.Posix.open(Native Method)
E/SELinuxMMAC( 1986): 	at libcore.io.BlockGuardOs.open(BlockGuardOs.java:110)
E/SELinuxMMAC( 1986): 	at libcore.io.IoBridge.open(IoBridge.java:393)
E/SELinuxMMAC( 1986): 	... 12 more
I/PackageManager( 1986): Relabeling of /data/data and /data/user issued.
I/SystemServer( 1986): Entropy Mixer
W/EntropyMixer( 1986): No existing entropy file -- first boot?
I/EntropyMixer( 1986): Writing entropy...
I/SystemServer( 1986): User Service
I/SystemServer( 1986): Account Manager
I/SystemServer( 1986): Content Manager
I/SystemServer( 1986): System Content Providers
D/dalvikvm( 1986): DexOpt: --- BEGIN 'SettingsProvider.apk' (bootstrap=0) ---
E/libgenlock( 1647): perform_lock_unlock_operation: GENLOCK_IOC_DREADLOCK failed (lockType0x2,err=Connection timed out fd=16)
E/Adreno200-EGLSUB( 1647): updater_thread() genlock_lock_buffer GENLOCK_READ_LOCK failed
E/libgenlock( 1522): perform_lock_unlock_operation: GENLOCK_IOC_DREADLOCK failed (lockType0x2,err=Connection timed out fd=24)
E/libgenlock( 1522): perform_lock_unlock_operation: GENLOCK_IOC_DREADLOCK failed (lockType0x0,err=Invalid argument fd=21)
W/Adreno200-EGLSUB( 1522): updater_thread() genlock_unlock_buffer already unlocked
E/libgenlock( 1522): perform_lock_unlock_operation: GENLOCK_IOC_DREADLOCK failed (lockType0x0,err=Invalid argument fd=36)
E/Adreno200-EGLSUB( 1522): UnlockImage() genlock_unlock_buffer failed
D/dalvikvm( 2149): Note: class Landroid/app/ActivityManagerNative; has 180 unimplemented (abstract) methods
D/dalvikvm( 2149): DexOpt: load 27ms, verify+opt 242ms, 578620 bytes
D/dalvikvm( 1986): DexOpt: --- END 'SettingsProvider.apk' (success) ---
D/dalvikvm( 1986): DEX prep '/system/priv-app/SettingsProvider.apk': unzip in 20ms, rewrite 383ms
I/SyncManager( 1986): No initial accounts
I/SyncManager( 1986): No initial status
W/SyncManagerFile( 1986): Error reading pending data.
