E/Adreno200-EGLSUB( 1522): LockImage() genlock_lock_buffer GENLOCK_READ_LOCK failed
E/Adreno200-ES20( 1522): <qgl2DrvAPI_glEGLImageTargetTexture2DOES:2612>: GL_INVALID_OPERATION
E/GLConsumer( 1522): [BootAnimation] bindTextureImage: error binding external texture image 0x1: 0x502
E/libgenlock( 1522): perform_lock_unlock_operation: GENLOCK_IOC_DREADLOCK failed (lockType0x2,err=Connection timed out fd=18)
E/Adreno200-EGLSUB( 1522): updater_thread() genlock_lock_buffer GENLOCK_READ_LOCK failed
D/dalvikvm( 2259): DexOpt: not verifying/optimizing 'Landroid/util/Pools$Pool;': multiple definitions
D/dalvikvm( 2259): DexOpt: not verifying/optimizing 'Landroid/util/Pools$SimplePool;': multiple definitions
D/dalvikvm( 2259): DexOpt: not verifying/optimizing 'Landroid/util/Pools$SynchronizedPool;': multiple definitions
D/dalvikvm( 2259): DexOpt: not verifying/optimizing 'Landroid/util/Pools;': multiple definitions
E/libgenlock( 1647): perform_lock_unlock_operation: GENLOCK_IOC_DREADLOCK failed (lockType0x2,err=Connection timed out fd=23)
E/Adreno200-EGLSUB( 1647): updater_thread() genlock_lock_buffer GENLOCK_READ_LOCK failed
E/libgenlock( 1522): perform_lock_unlock_operation: GENLOCK_IOC_DREADLOCK failed (lockType0x2,err=Connection timed out fd=18)
E/libgenlock( 1522): perform_lock_unlock_operation: GENLOCK_IOC_DREADLOCK failed (lockType0x0,err=Invalid argument fd=24)
W/Adreno200-EGLSUB( 1522): updater_thread() genlock_unlock_buffer already unlocked
E/libgenlock( 1522): perform_lock_unlock_operation: GENLOCK_IOC_DREADLOCK failed (lockType0x0,err=Invalid argument fd=30)
E/Adreno200-EGLSUB( 1522): UnlockImage() genlock_unlock_buffer failed
I/auditd  ( 2268): Starting up
E/audit_log( 2268): Could not stat audit logfile /data/misc/audit/audit.log: Permission denied
E/auditd  ( 2268): Failed on audit_log_open
I/auditd  ( 2268): Exiting
E/libaudit( 2268): Could net set pid for audit events, error: Protocol error
D/dalvikvm( 2262): DexOpt: load 1067ms, verify+opt 3946ms, 1540164 bytes
E/libgenlock( 1522): perform_lock_unlock_operation: GENLOCK_IOC_DREADLOCK failed (lockType0x2,err=Connection timed out fd=33)
E/Adreno200-EGLSUB( 1522): LockImage() genlock_lock_buffer GENLOCK_READ_LOCK failed
E/Adreno200-ES20( 1522): <qgl2DrvAPI_glEGLImageTargetTexture2DOES:2612>: GL_INVALID_OPERATION
E/GLConsumer( 1522): [BootAnimation] bindTextureImage: error binding external texture image 0x2: 0x502
E/libgenlock( 1522): perform_lock_unlock_operation: GENLOCK_IOC_DREADLOCK failed (lockType0x2,err=Connection timed out fd=21)
E/Adreno200-EGLSUB( 1522): updater_thread() genlock_lock_buffer GENLOCK_READ_LOCK failed
I/PackageManager( 1986): Running dexopt on: com.android.onetimeinitializer
D/dalvikvm( 2272): Unable to stat classpath element '/system/framework/webviewchromium.jar'
D/dalvikvm( 2272): DexOpt: load 21ms, verify+opt 61ms, 141164 bytes
I/PackageManager( 1986): Running dexopt on: com.android.pacprocessor
D/dalvikvm( 2274): Unable to stat classpath element '/system/framework/webviewchromium.jar'
D/dalvikvm( 2274): DexOpt: load 41ms, verify+opt 5ms, 125908 bytes
I/PackageManager( 1986): Running dexopt on: com.android.systemui
E/libgenlock( 1647): perform_lock_unlock_operation: GENLOCK_IOC_DREADLOCK failed (lockType0x2,err=Connection timed out fd=12)
E/Adreno200-EGLSUB( 1647): updater_thread() genlock_lock_buffer GENLOCK_READ_LOCK failed
E/libgenlock( 1522): perform_lock_unlock_operation: GENLOCK_IOC_DREADLOCK failed (lockType0x2,err=Connection timed out fd=21)
E/libgenlock( 1522): perform_lock_unlock_operation: GENLOCK_IOC_DREADLOCK failed (lockType0x0,err=Invalid argument fd=18)
W/Adreno200-EGLSUB( 1522): updater_thread() genlock_unlock_buffer already unlocked
E/libgenlock( 1522): perform_lock_unlock_operation: GENLOCK_IOC_DREADLOCK failed (lockType0x0,err=Invalid argument fd=33)
E/Adreno200-EGLSUB( 1522): UnlockImage() genlock_unlock_buffer failed
D/dalvikvm( 2276): Unable to stat classpath element '/system/framework/webviewchromium.jar'
E/libgenlock( 1522): perform_lock_unlock_operation: GENLOCK_IOC_DREADLOCK failed (lockType0x2,err=Connection timed out fd=36)
E/Adreno200-EGLSUB( 1522): LockImage() genlock_lock_buffer GENLOCK_READ_LOCK failed
E/Adreno200-ES20( 1522): <qgl2DrvAPI_glEGLImageTargetTexture2DOES:2612>: GL_INVALID_OPERATION
E/GLConsumer( 1522): [BootAnimation] bindTextureImage: error binding external texture image 0x3: 0x502
E/libgenlock( 1522): perform_lock_unlock_operation: GENLOCK_IOC_DREADLOCK failed (lockType0x2,err=Connection timed out fd=24)
E/Adreno200-EGLSUB( 1522): updater_thread() genlock_lock_buffer GENLOCK_READ_LOCK failed
D/dalvikvm( 2276): Note: class Landroid/app/ActivityManagerNative; has 180 unimplemented (abstract) methods
E/libgenlock( 1647): perform_lock_unlock_operation: GENLOCK_IOC_DREADLOCK failed (lockType0x2,err=Connection timed out fd=16)
E/Adreno200-EGLSUB( 1647): updater_thread() genlock_lock_buffer GENLOCK_READ_LOCK failed
E/libgenlock( 1522): perform_lock_unlock_operation: GENLOCK_IOC_DREADLOCK failed (lockType0x2,err=Connection timed out fd=24)
E/libgenlock( 1522): perform_lock_unlock_operation: GENLOCK_IOC_DREADLOCK failed (lockType0x0,err=Invalid argument fd=21)
W/Adreno200-EGLSUB( 1522): updater_thread() genlock_unlock_buffer already unlocked
E/libgenlock( 1522): perform_lock_unlock_operation: GENLOCK_IOC_DREADLOCK failed (lockType0x0,err=Invalid argument fd=36)
E/Adreno200-EGLSUB( 1522): UnlockImage() genlock_unlock_buffer failed
I/dalvikvm( 2259): DexOpt: not resolving ambiguous class 'Landroid/util/Pools$SynchronizedPool;'
I/dalvikvm( 2259): DexOpt: not resolving ambiguous class 'Landroid/util/Pools$SimplePool;'
I/dalvikvm( 2259): DexOpt: not resolving ambiguous class 'Landroid/util/Pools$Pool;'
I/dalvikvm( 2259): DexOpt: not resolving ambiguous class 'Landroid/util/Pools$SynchronizedPool;'
D/dalvikvm( 2259): DexOpt: load 1380ms, verify+opt 7400ms, 2337684 bytes
E/libgenlock( 1522): perform_lock_unlock_operation: GENLOCK_IOC_DREADLOCK failed (lockType0x2,err=Connection timed out fd=30)
E/Adreno200-EGLSUB( 1522): LockImage() genlock_lock_buffer GENLOCK_READ_LOCK failed
E/Adreno200-ES20( 1522): <qgl2DrvAPI_glEGLImageTargetTexture2DOES:2612>: GL_INVALID_OPERATION
E/GLConsumer( 1522): [BootAnimation] bindTextureImage: error binding external texture image 0x1: 0x502
E/libgenlock( 1522): perform_lock_unlock_operation: GENLOCK_IOC_DREADLOCK failed (lockType0x2,err=Connection timed out fd=18)
E/Adreno200-EGLSUB( 1522): updater_thread() genlock_lock_buffer GENLOCK_READ_LOCK failed
I/PackageManager( 1986): Running dexopt on: com.sonyericsson.anthal.service
I/auditd  ( 2280): Starting up
E/audit_log( 2280): Could not stat audit logfile /data/misc/audit/audit.log: Permission denied
E/auditd  ( 2280): Failed on audit_log_open
I/auditd  ( 2280): Exiting
E/libaudit( 2280): Could net set pid for audit events, error: Protocol error
D/dalvikvm( 2279): Unable to stat classpath element '/system/framework/webviewchromium.jar'
D/dalvikvm( 2279): DexOpt: load 41ms, verify+opt 23ms, 115716 bytes
I/PackageManager( 1986): Running dexopt on: com.android.calculator2
D/dalvikvm( 2284): Unable to stat classpath element '/system/framework/webviewchromium.jar'
E/libgenlock( 1522): perform_lock_unlock_operation: GENLOCK_IOC_DREADLOCK failed (lockType0x2,err=Connection timed out fd=18)
E/libgenlock( 1647): perform_lock_unlock_operation: GENLOCK_IOC_DREADLOCK failed (lockType0x2,err=Connection timed out fd=23)
E/Adreno200-EGLSUB( 1647): updater_thread() genlock_lock_buffer GENLOCK_READ_LOCK failed
E/libgenlock( 1522): perform_lock_unlock_operation: GENLOCK_IOC_DREADLOCK failed (lockType0x0,err=Invalid argument fd=24)
W/Adreno200-EGLSUB( 1522): updater_thread() genlock_unlock_buffer already unlocked
E/libgenlock( 1522): perform_lock_unlock_operation: GENLOCK_IOC_DREADLOCK failed (lockType0x0,err=Invalid argument fd=30)
E/Adreno200-EGLSUB( 1522): UnlockImage() genlock_unlock_buffer failed
D/dalvikvm( 2276): DexOpt: load 817ms, verify+opt 2700ms, 1409716 bytes
I/PackageManager( 1986): Running dexopt on: com.android.dialer
D/dalvikvm( 2286): Unable to stat classpath element '/system/framework/webviewchromium.jar'
E/libgenlock( 1522): perform_lock_unlock_operation: GENLOCK_IOC_DREADLOCK failed (lockType0x2,err=Connection timed out fd=33)
E/Adreno200-EGLSUB( 1522): LockImage() genlock_lock_buffer GENLOCK_READ_LOCK failed
E/Adreno200-ES20( 1522): <qgl2DrvAPI_glEGLImageTargetTexture2DOES:2612>: GL_INVALID_OPERATION
E/GLConsumer( 1522): [BootAnimation] bindTextureImage: error binding external texture image 0x2: 0x502
E/libgenlock( 1522): perform_lock_unlock_operation: GENLOCK_IOC_DREADLOCK failed (lockType0x2,err=Connection timed out fd=21)
E/Adreno200-EGLSUB( 1522): updater_thread() genlock_lock_buffer GENLOCK_READ_LOCK failed
E/libgenlock( 1647): perform_lock_unlock_operation: GENLOCK_IOC_DREADLOCK failed (lockType0x2,err=Connection timed out fd=12)
E/Adreno200-EGLSUB( 1647): updater_thread() genlock_lock_buffer GENLOCK_READ_LOCK failed
E/libgenlock( 1522): perform_lock_unlock_operation: GENLOCK_IOC_DREADLOCK failed (lockType0x2,err=Connection timed out fd=21)
E/libgenlock( 1522): perform_lock_unlock_operation: GENLOCK_IOC_DREADLOCK failed (lockType0x0,err=Invalid argument fd=18)
W/Adreno200-EGLSUB( 1522): updater_thread() genlock_unlock_buffer already unlocked
E/libgenlock( 1522): perform_lock_unlock_operation: GENLOCK_IOC_DREADLOCK failed (lockType0x0,err=Invalid argument fd=33)
E/Adreno200-EGLSUB( 1522): UnlockImage() genlock_unlock_buffer failed
E/libgenlock( 1522): perform_lock_unlock_operation: GENLOCK_IOC_DREADLOCK failed (lockType0x2,err=Connection timed out fd=36)
E/Adreno200-EGLSUB( 1522): LockImage() genlock_lock_buffer GENLOCK_READ_LOCK failed
E/Adreno200-ES20( 1522): <qgl2DrvAPI_glEGLImageTargetTexture2DOES:2612>: GL_INVALID_OPERATION
E/GLConsumer( 1522): [BootAnimation] bindTextureImage: error binding external texture image 0x3: 0x502
E/libgenlock( 1522): perform_lock_unlock_operation: GENLOCK_IOC_DREADLOCK failed (lockType0x2,err=Connection timed out fd=24)
E/Adreno200-EGLSUB( 1522): updater_thread() genlock_lock_buffer GENLOCK_READ_LOCK failed
D/dalvikvm( 2284): DexOpt: load 653ms, verify+opt 2527ms, 1012596 bytes
I/PackageManager( 1986): Running dexopt on: com.cyanogenmod.filemanager
D/dalvikvm( 2288): Unable to stat classpath element '/system/framework/webviewchromium.jar'
E/libgenlock( 1647): perform_lock_unlock_operation: GENLOCK_IOC_DREADLOCK failed (lockType0x2,err=Connection timed out fd=16)
E/Adreno200-EGLSUB( 1647): updater_thread() genlock_lock_buffer GENLOCK_READ_LOCK failed
E/libgenlock( 1522): perform_lock_unlock_operation: GENLOCK_IOC_DREADLOCK failed (lockType0x2,err=Connection timed out fd=24)
E/libgenlock( 1522): perform_lock_unlock_operation: GENLOCK_IOC_DREADLOCK failed (lockType0x0,err=Invalid argument fd=21)
W/Adreno200-EGLSUB( 1522): updater_thread() genlock_unlock_buffer already unlocked
E/libgenlock( 1522): perform_lock_unlock_operation: GENLOCK_IOC_DREADLOCK failed (lockType0x0,err=Invalid argument fd=36)
E/Adreno200-EGLSUB( 1522): UnlockImage() genlock_unlock_buffer failed
I/auditd  ( 2289): Starting up
E/audit_log( 2289): Could not stat audit logfile /data/misc/audit/audit.log: Permission denied
E/auditd  ( 2289): Failed on audit_log_open
I/auditd  ( 2289): Exiting
E/libaudit( 2289): Could net set pid for audit events, error: Protocol error
E/libgenlock( 1522): perform_lock_unlock_operation: GENLOCK_IOC_DREADLOCK failed (lockType0x2,err=Connection timed out fd=30)
E/Adreno200-EGLSUB( 1522): LockImage() genlock_lock_buffer GENLOCK_READ_LOCK failed
E/Adreno200-ES20( 1522): <qgl2DrvAPI_glEGLImageTargetTexture2DOES:2612>: GL_INVALID_OPERATION
E/GLConsumer( 1522): [BootAnimation] bindTextureImage: error binding external texture image 0x1: 0x502
E/libgenlock( 1522): perform_lock_unlock_operation: GENLOCK_IOC_DREADLOCK failed (lockType0x2,err=Connection timed out fd=18)
E/Adreno200-EGLSUB( 1522): updater_thread() genlock_lock_buffer GENLOCK_READ_LOCK failed
E/libgenlock( 1647): perform_lock_unlock_operation: GENLOCK_IOC_DREADLOCK failed (lockType0x2,err=Connection timed out fd=23)
E/Adreno200-EGLSUB( 1647): updater_thread() genlock_lock_buffer GENLOCK_READ_LOCK failed
E/libgenlock( 1522): perform_lock_unlock_operation: GENLOCK_IOC_DREADLOCK failed (lockType0x2,err=Connection timed out fd=18)
E/libgenlock( 1522): perform_lock_unlock_operation: GENLOCK_IOC_DREADLOCK failed (lockType0x0,err=Invalid argument fd=24)
W/Adreno200-EGLSUB( 1522): updater_thread() genlock_unlock_buffer already unlocked
E/libgenlock( 1522): perform_lock_unlock_operation: GENLOCK_IOC_DREADLOCK failed (lockType0x0,err=Invalid argument fd=30)
E/Adreno200-EGLSUB( 1522): UnlockImage() genlock_unlock_buffer failed
E/libgenlock( 1522): perform_lock_unlock_operation: GENLOCK_IOC_DREADLOCK failed (lockType0x2,err=Connection timed out fd=33)
E/Adreno200-EGLSUB( 1522): LockImage() genlock_lock_buffer GENLOCK_READ_LOCK failed
E/Adreno200-ES20( 1522): <qgl2DrvAPI_glEGLImageTargetTexture2DOES:2612>: GL_INVALID_OPERATION
E/GLConsumer( 1522): [BootAnimation] bindTextureImage: error binding external texture image 0x2: 0x502
E/libgenlock( 1522): perform_lock_unlock_operation: GENLOCK_IOC_DREADLOCK failed (lockType0x2,err=Connection timed out fd=21)
E/Adreno200-EGLSUB( 1522): updater_thread() genlock_lock_buffer GENLOCK_READ_LOCK failed
D/dalvikvm( 2288): DexOpt: load 831ms, verify+opt 2473ms, 1102764 bytes
I/PackageManager( 1986): Running dexopt on: com.android.wallpaper.livepicker
D/dalvikvm( 2293): Unable to stat classpath element '/system/framework/webviewchromium.jar'
E/libgenlock( 1647): perform_lock_unlock_operation: GENLOCK_IOC_DREADLOCK failed (lockType0x2,err=Connection timed out fd=12)
E/Adreno200-EGLSUB( 1647): updater_thread() genlock_lock_buffer GENLOCK_READ_LOCK failed
E/libgenlock( 1522): perform_lock_unlock_operation: GENLOCK_IOC_DREADLOCK failed (lockType0x2,err=Connection timed out fd=21)
E/libgenlock( 1522): perform_lock_unlock_operation: GENLOCK_IOC_DREADLOCK failed (lockType0x0,err=Invalid argument fd=18)
W/Adreno200-EGLSUB( 1522): updater_thread() genlock_unlock_buffer already unlocked
E/libgenlock( 1522): perform_lock_unlock_operation: GENLOCK_IOC_DREADLOCK failed (lockType0x0,err=Invalid argument fd=33)
E/Adreno200-EGLSUB( 1522): UnlockImage() genlock_unlock_buffer failed
D/dalvikvm( 2286): DexOpt: load 1141ms, verify+opt 5156ms, 1851020 bytes
I/PackageManager( 1986): Running dexopt on: com.android.providers.downloads
D/dalvikvm( 2293): DexOpt: load 117ms, verify+opt 396ms, 370964 bytes
I/PackageManager( 1986): Running dexopt on: com.android.location.fused
D/dalvikvm( 2295): Unable to stat classpath element '/system/framework/webviewchromium.jar'
D/dalvikvm( 2297): Unable to stat classpath element '/system/framework/webviewchromium.jar'
D/dalvikvm( 2297): DexOpt: load 43ms, verify+opt 30ms, 150364 bytes
I/PackageManager( 1986): Running dexopt on: com.bel.android.dspmanager
E/libgenlock( 1522): perform_lock_unlock_operation: GENLOCK_IOC_DREADLOCK failed (lockType0x2,err=Connection timed out fd=36)
E/Adreno200-EGLSUB( 1522): LockImage() genlock_lock_buffer GENLOCK_READ_LOCK failed
E/Adreno200-ES20( 1522): <qgl2DrvAPI_glEGLImageTargetTexture2DOES:2612>: GL_INVALID_OPERATION
E/GLConsumer( 1522): [BootAnimation] bindTextureImage: error binding external texture image 0x3: 0x502
E/libgenlock( 1522): perform_lock_unlock_operation: GENLOCK_IOC_DREADLOCK failed (lockType0x2,err=Connection timed out fd=24)
E/Adreno200-EGLSUB( 1522): updater_thread() genlock_lock_buffer GENLOCK_READ_LOCK failed
D/dalvikvm( 2299): Unable to stat classpath element '/system/framework/webviewchromium.jar'
I/auditd  ( 2300): Starting up
E/audit_log( 2300): Could not stat audit logfile /data/misc/audit/audit.log: Permission denied
E/auditd  ( 2300): Failed on audit_log_open
I/auditd  ( 2300): Exiting
E/libaudit( 2300): Could net set pid for audit events, error: Protocol error
D/dalvikvm( 2295): DexOpt: load 151ms, verify+opt 922ms, 574268 bytes
I/PackageManager( 1986): Running dexopt on: com.cyanogenmod.updater
E/libgenlock( 1647): perform_lock_unlock_operation: GENLOCK_IOC_DREADLOCK failed (lockType0x2,err=Connection timed out fd=16)
E/Adreno200-EGLSUB( 1647): updater_thread() genlock_lock_buffer GENLOCK_READ_LOCK failed
E/libgenlock( 1522): perform_lock_unlock_operation: GENLOCK_IOC_DREADLOCK failed (lockType0x2,err=Connection timed out fd=24)
E/libgenlock( 1522): perform_lock_unlock_operation: GENLOCK_IOC_DREADLOCK failed (lockType0x0,err=Invalid argument fd=21)
W/Adreno200-EGLSUB( 1522): updater_thread() genlock_unlock_buffer already unlocked
E/libgenlock( 1522): perform_lock_unlock_operation: GENLOCK_IOC_DREADLOCK failed (lockType0x0,err=Invalid argument fd=36)
E/Adreno200-EGLSUB( 1522): UnlockImage() genlock_unlock_buffer failed
D/dalvikvm( 2304): Unable to stat classpath element '/system/framework/webviewchromium.jar'
D/dalvikvm( 2304): DexOpt: load 279ms, verify+opt 441ms, 528580 bytes
E/libgenlock( 1522): perform_lock_unlock_operation: GENLOCK_IOC_DREADLOCK failed (lockType0x2,err=Connection timed out fd=30)
E/Adreno200-EGLSUB( 1522): LockImage() genlock_lock_buffer GENLOCK_READ_LOCK failed
E/Adreno200-ES20( 1522): <qgl2DrvAPI_glEGLImageTargetTexture2DOES:2612>: GL_INVALID_OPERATION
E/GLConsumer( 1522): [BootAnimation] bindTextureImage: error binding external texture image 0x1: 0x502
E/libgenlock( 1522): perform_lock_unlock_operation: GENLOCK_IOC_DREADLOCK failed (lockType0x2,err=Connection timed out fd=18)
E/Adreno200-EGLSUB( 1522): updater_thread() genlock_lock_buffer GENLOCK_READ_LOCK failed
I/PackageManager( 1986): Running dexopt on: com.android.documentsui
D/dalvikvm( 2306): Unable to stat classpath element '/system/framework/webviewchromium.jar'
E/libgenlock( 1647): perform_lock_unlock_operation: GENLOCK_IOC_DREADLOCK failed (lockType0x2,err=Connection timed out fd=23)
E/Adreno200-EGLSUB( 1647): updater_thread() genlock_lock_buffer GENLOCK_READ_LOCK failed
E/libgenlock( 1522): perform_lock_unlock_operation: GENLOCK_IOC_DREADLOCK failed (lockType0x2,err=Connection timed out fd=18)
E/libgenlock( 1522): perform_lock_unlock_operation: GENLOCK_IOC_DREADLOCK failed (lockType0x0,err=Invalid argument fd=24)
W/Adreno200-EGLSUB( 1522): updater_thread() genlock_unlock_buffer already unlocked
E/libgenlock( 1522): perform_lock_unlock_operation: GENLOCK_IOC_DREADLOCK failed (lockType0x0,err=Invalid argument fd=30)
E/Adreno200-EGLSUB( 1522): UnlockImage() genlock_unlock_buffer failed
D/dalvikvm( 2299): DexOpt: load 569ms, verify+opt 2331ms, 1133348 bytes
I/PackageManager( 1986): Running dexopt on: com.tmobile.themechooser
D/dalvikvm( 2308): Unable to stat classpath element '/system/framework/webviewchromium.jar'
E/libgenlock( 1522): perform_lock_unlock_operation: GENLOCK_IOC_DREADLOCK failed (lockType0x2,err=Connection timed out fd=33)
E/Adreno200-EGLSUB( 1522): LockImage() genlock_lock_buffer GENLOCK_READ_LOCK failed
E/Adreno200-ES20( 1522): <qgl2DrvAPI_glEGLImageTargetTexture2DOES:2612>: GL_INVALID_OPERATION
E/GLConsumer( 1522): [BootAnimation] bindTextureImage: error binding external texture image 0x2: 0x502
E/libgenlock( 1522): perform_lock_unlock_operation: GENLOCK_IOC_DREADLOCK failed (lockType0x2,err=Connection timed out fd=21)
E/Adreno200-EGLSUB( 1522): updater_thread() genlock_lock_buffer GENLOCK_READ_LOCK failed
D/dalvikvm( 2308): DexOpt: load 182ms, verify+opt 297ms, 376332 bytes
I/PackageManager( 1986): Running dexopt on: com.android.inputdevices
D/dalvikvm( 2310): Unable to stat classpath element '/system/framework/webviewchromium.jar'
D/dalvikvm( 2306): DexOpt: load 401ms, verify+opt 1614ms, 926212 bytes
D/dalvikvm( 2310): DexOpt: load 19ms, verify+opt 32ms, 101212 bytes
I/PackageManager( 1986): Running dexopt on: com.android.voicedialer
I/PackageManager( 1986): Running dexopt on: com.android.contacts
D/dalvikvm( 2312): Unable to stat classpath element '/system/framework/webviewchromium.jar'
E/libgenlock( 1522): perform_lock_unlock_operation: GENLOCK_IOC_DREADLOCK failed (lockType0x2,err=Connection timed out fd=21)
E/libgenlock( 1647): perform_lock_unlock_operation: GENLOCK_IOC_DREADLOCK failed (lockType0x2,err=Connection timed out fd=12)
E/Adreno200-EGLSUB( 1647): updater_thread() genlock_lock_buffer GENLOCK_READ_LOCK failed
E/libgenlock( 1522): perform_lock_unlock_operation: GENLOCK_IOC_DREADLOCK failed (lockType0x0,err=Invalid argument fd=18)
W/Adreno200-EGLSUB( 1522): updater_thread() genlock_unlock_buffer already unlocked
E/libgenlock( 1522): perform_lock_unlock_operation: GENLOCK_IOC_DREADLOCK failed (lockType0x0,err=Invalid argument fd=33)
E/Adreno200-EGLSUB( 1522): UnlockImage() genlock_unlock_buffer failed
D/dalvikvm( 2314): Unable to stat classpath element '/system/framework/webviewchromium.jar'
I/auditd  ( 2315): Starting up
E/audit_log( 2315): Could not stat audit logfile /data/misc/audit/audit.log: Permission denied
E/auditd  ( 2315): Failed on audit_log_open
I/auditd  ( 2315): Exiting
E/libaudit( 2315): Could net set pid for audit events, error: Protocol error
D/dalvikvm( 2312): DexOpt: load 116ms, verify+opt 510ms, 380276 bytes
I/PackageManager( 1986): Running dexopt on: org.whispersystems.whisperpush
E/libgenlock( 1522): perform_lock_unlock_operation: GENLOCK_IOC_DREADLOCK failed (lockType0x2,err=Connection timed out fd=36)
E/Adreno200-EGLSUB( 1522): LockImage() genlock_lock_buffer GENLOCK_READ_LOCK failed
E/Adreno200-ES20( 1522): <qgl2DrvAPI_glEGLImageTargetTexture2DOES:2612>: GL_INVALID_OPERATION
E/GLConsumer( 1522): [BootAnimation] bindTextureImage: error binding external texture image 0x3: 0x502
E/libgenlock( 1522): perform_lock_unlock_operation: GENLOCK_IOC_DREADLOCK failed (lockType0x2,err=Connection timed out fd=24)
E/Adreno200-EGLSUB( 1522): updater_thread() genlock_lock_buffer GENLOCK_READ_LOCK failed
D/dalvikvm( 2319): Unable to stat classpath element '/system/framework/webviewchromium.jar'
E/libgenlock( 1647): perform_lock_unlock_operation: GENLOCK_IOC_DREADLOCK failed (lockType0x2,err=Connection timed out fd=16)
E/Adreno200-EGLSUB( 1647): updater_thread() genlock_lock_buffer GENLOCK_READ_LOCK failed
E/libgenlock( 1522): perform_lock_unlock_operation: GENLOCK_IOC_DREADLOCK failed (lockType0x2,err=Connection timed out fd=24)
E/libgenlock( 1522): perform_lock_unlock_operation: GENLOCK_IOC_DREADLOCK failed (lockType0x0,err=Invalid argument fd=21)
W/Adreno200-EGLSUB( 1522): updater_thread() genlock_unlock_buffer already unlocked
E/libgenlock( 1522): perform_lock_unlock_operation: GENLOCK_IOC_DREADLOCK failed (lockType0x0,err=Invalid argument fd=36)
E/Adreno200-EGLSUB( 1522): UnlockImage() genlock_unlock_buffer failed
E/libgenlock( 1522): perform_lock_unlock_operation: GENLOCK_IOC_DREADLOCK failed (lockType0x2,err=Connection timed out fd=30)
E/Adreno200-EGLSUB( 1522): LockImage() genlock_lock_buffer GENLOCK_READ_LOCK failed
E/Adreno200-ES20( 1522): <qgl2DrvAPI_glEGLImageTargetTexture2DOES:2612>: GL_INVALID_OPERATION
E/GLConsumer( 1522): [BootAnimation] bindTextureImage: error binding external texture image 0x1: 0x502
E/libgenlock( 1522): perform_lock_unlock_operation: GENLOCK_IOC_DREADLOCK failed (lockType0x2,err=Connection timed out fd=18)
E/Adreno200-EGLSUB( 1522): updater_thread() genlock_lock_buffer GENLOCK_READ_LOCK failed
E/libgenlock( 1647): perform_lock_unlock_operation: GENLOCK_IOC_DREADLOCK failed (lockType0x2,err=Connection timed out fd=23)
E/Adreno200-EGLSUB( 1647): updater_thread() genlock_lock_buffer GENLOCK_READ_LOCK failed
E/libgenlock( 1522): perform_lock_unlock_operation: GENLOCK_IOC_DREADLOCK failed (lockType0x2,err=Connection timed out fd=18)
E/libgenlock( 1522): perform_lock_unlock_operation: GENLOCK_IOC_DREADLOCK failed (lockType0x0,err=Invalid argument fd=24)
W/Adreno200-EGLSUB( 1522): updater_thread() genlock_unlock_buffer already unlocked
E/libgenlock( 1522): perform_lock_unlock_operation: GENLOCK_IOC_DREADLOCK failed (lockType0x0,err=Invalid argument fd=30)
E/Adreno200-EGLSUB( 1522): UnlockImage() genlock_unlock_buffer failed
I/auditd  ( 2320): Starting up
E/audit_log( 2320): Could not stat audit logfile /data/misc/audit/audit.log: Permission denied
E/auditd  ( 2320): Failed on audit_log_open
I/auditd  ( 2320): Exiting
E/libaudit( 2320): Could net set pid for audit events, error: Protocol error
E/libgenlock( 1522): perform_lock_unlock_operation: GENLOCK_IOC_DREADLOCK failed (lockType0x2,err=Connection timed out fd=33)
E/Adreno200-EGLSUB( 1522): LockImage() genlock_lock_buffer GENLOCK_READ_LOCK failed
E/Adreno200-ES20( 1522): <qgl2DrvAPI_glEGLImageTargetTexture2DOES:2612>: GL_INVALID_OPERATION
E/GLConsumer( 1522): [BootAnimation] bindTextureImage: error binding external texture image 0x2: 0x502
E/libgenlock( 1522): perform_lock_unlock_operation: GENLOCK_IOC_DREADLOCK failed (lockType0x2,err=Connection timed out fd=21)
E/Adreno200-EGLSUB( 1522): updater_thread() genlock_lock_buffer GENLOCK_READ_LOCK failed
D/dalvikvm( 2319): DexOpt: load 498ms, verify+opt 3269ms, 1221052 bytes
I/PackageManager( 1986): Running dexopt on: com.android.wallpapercropper
D/dalvikvm( 2324): Unable to stat classpath element '/system/framework/webviewchromium.jar'
E/libgenlock( 1647): perform_lock_unlock_operation: GENLOCK_IOC_DREADLOCK failed (lockType0x2,err=Connection timed out fd=12)
E/Adreno200-EGLSUB( 1647): updater_thread() genlock_lock_buffer GENLOCK_READ_LOCK failed
E/libgenlock( 1522): perform_lock_unlock_operation: GENLOCK_IOC_DREADLOCK failed (lockType0x2,err=Connection timed out fd=21)
E/libgenlock( 1522): perform_lock_unlock_operation: GENLOCK_IOC_DREADLOCK failed (lockType0x0,err=Invalid argument fd=18)
W/Adreno200-EGLSUB( 1522): updater_thread() genlock_unlock_buffer already unlocked
E/libgenlock( 1522): perform_lock_unlock_operation: GENLOCK_IOC_DREADLOCK failed (lockType0x0,err=Invalid argument fd=33)
E/Adreno200-EGLSUB( 1522): UnlockImage() genlock_unlock_buffer failed
D/dalvikvm( 2324): DexOpt: load 197ms, verify+opt 459ms, 438316 bytes
I/PackageManager( 1986): Running dexopt on: org.codeaurora.bluetooth
D/dalvikvm( 2326): Unable to stat classpath element '/system/framework/webviewchromium.jar'
E/libgenlock( 1522): perform_lock_unlock_operation: GENLOCK_IOC_DREADLOCK failed (lockType0x2,err=Connection timed out fd=36)
E/Adreno200-EGLSUB( 1522): LockImage() genlock_lock_buffer GENLOCK_READ_LOCK failed
E/Adreno200-ES20( 1522): <qgl2DrvAPI_glEGLImageTargetTexture2DOES:2612>: GL_INVALID_OPERATION
E/GLConsumer( 1522): [BootAnimation] bindTextureImage: error binding external texture image 0x3: 0x502
E/libgenlock( 1522): perform_lock_unlock_operation: GENLOCK_IOC_DREADLOCK failed (lockType0x2,err=Connection timed out fd=24)
E/Adreno200-EGLSUB( 1522): updater_thread() genlock_lock_buffer GENLOCK_READ_LOCK failed
D/dalvikvm( 2314): DexOpt: load 1083ms, verify+opt 5000ms, 1756884 bytes
I/PackageManager( 1986): Running dexopt on: com.android.camera2
D/dalvikvm( 2328): Unable to stat classpath element '/system/framework/webviewchromium.jar'
E/libgenlock( 1647): perform_lock_unlock_operation: GENLOCK_IOC_DREADLOCK failed (lockType0x2,err=Connection timed out fd=16)
E/Adreno200-EGLSUB( 1647): updater_thread() genlock_lock_buffer GENLOCK_READ_LOCK failed
E/libgenlock( 1522): perform_lock_unlock_operation: GENLOCK_IOC_DREADLOCK failed (lockType0x2,err=Connection timed out fd=24)
E/libgenlock( 1522): perform_lock_unlock_operation: GENLOCK_IOC_DREADLOCK failed (lockType0x0,err=Invalid argument fd=21)
W/Adreno200-EGLSUB( 1522): updater_thread() genlock_unlock_buffer already unlocked
E/libgenlock( 1522): perform_lock_unlock_operation: GENLOCK_IOC_DREADLOCK failed (lockType0x0,err=Invalid argument fd=36)
E/Adreno200-EGLSUB( 1522): UnlockImage() genlock_unlock_buffer failed
E/libgenlock( 1522): perform_lock_unlock_operation: GENLOCK_IOC_DREADLOCK failed (lockType0x2,err=Connection timed out fd=30)
E/Adreno200-EGLSUB( 1522): LockImage() genlock_lock_buffer GENLOCK_READ_LOCK failed
E/Adreno200-ES20( 1522): <qgl2DrvAPI_glEGLImageTargetTexture2DOES:2612>: GL_INVALID_OPERATION
E/GLConsumer( 1522): [BootAnimation] bindTextureImage: error binding external texture image 0x1: 0x502
E/libgenlock( 1522): perform_lock_unlock_operation: GENLOCK_IOC_DREADLOCK failed (lockType0x2,err=Connection timed out fd=18)
E/Adreno200-EGLSUB( 1522): updater_thread() genlock_lock_buffer GENLOCK_READ_LOCK failed
D/dalvikvm( 2326): DexOpt: load 216ms, verify+opt 2167ms, 651036 bytes
I/auditd  ( 2329): Starting up
E/audit_log( 2329): Could not stat audit logfile /data/misc/audit/audit.log: Permission denied
E/auditd  ( 2329): Failed on audit_log_open
I/auditd  ( 2329): Exiting
E/libaudit( 2329): Could net set pid for audit events, error: Protocol error
I/PackageManager( 1986): Running dexopt on: com.android.sharedstoragebackup
D/dalvikvm( 2333): Unable to stat classpath element '/system/framework/webviewchromium.jar'
D/dalvikvm( 2333): DexOpt: load 36ms, verify+opt 34ms, 154860 bytes
I/PackageManager( 1986): Running dexopt on: com.android.inputmethod.latin
E/libgenlock( 1647): perform_lock_unlock_operation: GENLOCK_IOC_DREADLOCK failed (lockType0x2,err=Connection timed out fd=23)
E/Adreno200-EGLSUB( 1647): updater_thread() genlock_lock_buffer GENLOCK_READ_LOCK failed
E/libgenlock( 1522): perform_lock_unlock_operation: GENLOCK_IOC_DREADLOCK failed (lockType0x2,err=Connection timed out fd=18)
E/libgenlock( 1522): perform_lock_unlock_operation: GENLOCK_IOC_DREADLOCK failed (lockType0x0,err=Invalid argument fd=24)
W/Adreno200-EGLSUB( 1522): updater_thread() genlock_unlock_buffer already unlocked
E/libgenlock( 1522): perform_lock_unlock_operation: GENLOCK_IOC_DREADLOCK failed (lockType0x0,err=Invalid argument fd=30)
E/Adreno200-EGLSUB( 1522): UnlockImage() genlock_unlock_buffer failed
D/dalvikvm( 2335): Unable to stat classpath element '/system/framework/webviewchromium.jar'
E/libgenlock( 1522): perform_lock_unlock_operation: GENLOCK_IOC_DREADLOCK failed (lockType0x2,err=Connection timed out fd=33)
E/Adreno200-EGLSUB( 1522): LockImage() genlock_lock_buffer GENLOCK_READ_LOCK failed
E/Adreno200-ES20( 1522): <qgl2DrvAPI_glEGLImageTargetTexture2DOES:2612>: GL_INVALID_OPERATION
E/GLConsumer( 1522): [BootAnimation] bindTextureImage: error binding external texture image 0x2: 0x502
E/libgenlock( 1522): perform_lock_unlock_operation: GENLOCK_IOC_DREADLOCK failed (lockType0x2,err=Connection timed out fd=21)
E/Adreno200-EGLSUB( 1522): updater_thread() genlock_lock_buffer GENLOCK_READ_LOCK failed
E/libgenlock( 1647): perform_lock_unlock_operation: GENLOCK_IOC_DREADLOCK failed (lockType0x2,err=Connection timed out fd=12)
E/Adreno200-EGLSUB( 1647): updater_thread() genlock_lock_buffer GENLOCK_READ_LOCK failed
E/libgenlock( 1522): perform_lock_unlock_operation: GENLOCK_IOC_DREADLOCK failed (lockType0x2,err=Connection timed out fd=21)
E/libgenlock( 1522): perform_lock_unlock_operation: GENLOCK_IOC_DREADLOCK failed (lockType0x0,err=Invalid argument fd=18)
W/Adreno200-EGLSUB( 1522): updater_thread() genlock_unlock_buffer already unlocked
E/libgenlock( 1522): perform_lock_unlock_operation: GENLOCK_IOC_DREADLOCK failed (lockType0x0,err=Invalid argument fd=33)
E/Adreno200-EGLSUB( 1522): UnlockImage() genlock_unlock_buffer failed
D/dalvikvm( 2328): DexOpt: load 642ms, verify+opt 3352ms, 1310780 bytes
I/PackageManager( 1986): Running dexopt on: com.android.development
D/dalvikvm( 2337): Unable to stat classpath element '/system/framework/webviewchromium.jar'
E/libgenlock( 1522): perform_lock_unlock_operation: GENLOCK_IOC_DREADLOCK failed (lockType0x2,err=Connection timed out fd=36)
E/Adreno200-EGLSUB( 1522): LockImage() genlock_lock_buffer GENLOCK_READ_LOCK failed
E/Adreno200-ES20( 1522): <qgl2DrvAPI_glEGLImageTargetTexture2DOES:2612>: GL_INVALID_OPERATION
E/GLConsumer( 1522): [BootAnimation] bindTextureImage: error binding external texture image 0x3: 0x502
E/libgenlock( 1522): perform_lock_unlock_operation: GENLOCK_IOC_DREADLOCK failed (lockType0x2,err=Connection timed out fd=24)
E/Adreno200-EGLSUB( 1522): updater_thread() genlock_lock_buffer GENLOCK_READ_LOCK failed
D/dalvikvm( 2337): Note: class Landroid/app/ActivityManagerNative; has 180 unimplemented (abstract) methods
D/dalvikvm( 2337): DexOpt: load 276ms, verify+opt 831ms, 684756 bytes
I/PackageManager( 1986): Running dexopt on: com.android.providers.downloads.ui
D/dalvikvm( 2339): Unable to stat classpath element '/system/framework/webviewchromium.jar'
E/libgenlock( 1647): perform_lock_unlock_operation: GENLOCK_IOC_DREADLOCK failed (lockType0x2,err=Connection timed out fd=16)
E/Adreno200-EGLSUB( 1647): updater_thread() genlock_lock_buffer GENLOCK_READ_LOCK failed
E/libgenlock( 1522): perform_lock_unlock_operation: GENLOCK_IOC_DREADLOCK failed (lockType0x2,err=Connection timed out fd=24)
E/libgenlock( 1522): perform_lock_unlock_operation: GENLOCK_IOC_DREADLOCK failed (lockType0x0,err=Invalid argument fd=21)
W/Adreno200-EGLSUB( 1522): updater_thread() genlock_unlock_buffer already unlocked
E/libgenlock( 1522): perform_lock_unlock_operation: GENLOCK_IOC_DREADLOCK failed (lockType0x0,err=Invalid argument fd=36)
E/Adreno200-EGLSUB( 1522): UnlockImage() genlock_unlock_buffer failed
I/auditd  ( 2340): Starting up
E/audit_log( 2340): Could not stat audit logfile /data/misc/audit/audit.log: Permission denied
E/auditd  ( 2340): Failed on audit_log_open
I/auditd  ( 2340): Exiting
E/libaudit( 2340): Could net set pid for audit events, error: Protocol error
D/dalvikvm( 2339): DexOpt: load 227ms, verify+opt 452ms, 446172 bytes
I/PackageManager( 1986): Running dexopt on: com.android.backupconfirm
D/dalvikvm( 2344): Unable to stat classpath element '/system/framework/webviewchromium.jar'
E/libgenlock( 1522): perform_lock_unlock_operation: GENLOCK_IOC_DREADLOCK failed (lockType0x2,err=Connection timed out fd=30)
E/Adreno200-EGLSUB( 1522): LockImage() genlock_lock_buffer GENLOCK_READ_LOCK failed
E/Adreno200-ES20( 1522): <qgl2DrvAPI_glEGLImageTargetTexture2DOES:2612>: GL_INVALID_OPERATION
E/GLConsumer( 1522): [BootAnimation] bindTextureImage: error binding external texture image 0x1: 0x502
E/libgenlock( 1522): perform_lock_unlock_operation: GENLOCK_IOC_DREADLOCK failed (lockType0x2,err=Connection timed out fd=18)
E/Adreno200-EGLSUB( 1522): updater_thread() genlock_lock_buffer GENLOCK_READ_LOCK failed
D/dalvikvm( 2335): DexOpt: load 716ms, verify+opt 3518ms, 1349108 bytes
D/dalvikvm( 2344): DexOpt: load 89ms, verify+opt 132ms, 234356 bytes
I/PackageManager( 1986): Running dexopt on: com.cyanogenmod.lockclock
I/PackageManager( 1986): Running dexopt on: com.android.printspooler
D/dalvikvm( 2346): Unable to stat classpath element '/system/framework/webviewchromium.jar'
D/dalvikvm( 2348): Unable to stat classpath element '/system/framework/webviewchromium.jar'
E/libgenlock( 1647): perform_lock_unlock_operation: GENLOCK_IOC_DREADLOCK failed (lockType0x2,err=Connection timed out fd=23)
E/Adreno200-EGLSUB( 1647): updater_thread() genlock_lock_buffer GENLOCK_READ_LOCK failed
E/libgenlock( 1522): perform_lock_unlock_operation: GENLOCK_IOC_DREADLOCK failed (lockType0x2,err=Connection timed out fd=18)
E/libgenlock( 1522): perform_lock_unlock_operation: GENLOCK_IOC_DREADLOCK failed (lockType0x0,err=Invalid argument fd=24)
W/Adreno200-EGLSUB( 1522): updater_thread() genlock_unlock_buffer already unlocked
E/libgenlock( 1522): perform_lock_unlock_operation: GENLOCK_IOC_DREADLOCK failed (lockType0x0,err=Invalid argument fd=30)
E/Adreno200-EGLSUB( 1522): UnlockImage() genlock_unlock_buffer failed
D/dalvikvm( 2346): DexOpt: load 124ms, verify+opt 835ms, 632716 bytes
I/PackageManager( 1986): Running dexopt on: com.android.settings
D/dalvikvm( 2348): DexOpt: load 315ms, verify+opt 835ms, 611276 bytes
I/PackageManager( 1986): Running dexopt on: com.android.browser
E/libgenlock( 1522): perform_lock_unlock_operation: GENLOCK_IOC_DREADLOCK failed (lockType0x2,err=Connection timed out fd=33)
E/Adreno200-EGLSUB( 1522): LockImage() genlock_lock_buffer GENLOCK_READ_LOCK failed
E/Adreno200-ES20( 1522): <qgl2DrvAPI_glEGLImageTargetTexture2DOES:2612>: GL_INVALID_OPERATION
E/GLConsumer( 1522): [BootAnimation] bindTextureImage: error binding external texture image 0x2: 0x502
E/libgenlock( 1522): perform_lock_unlock_operation: GENLOCK_IOC_DREADLOCK failed (lockType0x2,err=Connection timed out fd=21)
E/Adreno200-EGLSUB( 1522): updater_thread() genlock_lock_buffer GENLOCK_READ_LOCK failed
D/dalvikvm( 2350): Unable to stat classpath element '/system/framework/webviewchromium.jar'
D/dalvikvm( 2352): Unable to stat classpath element '/system/framework/webviewchromium.jar'
E/libgenlock( 1647): perform_lock_unlock_operation: GENLOCK_IOC_DREADLOCK failed (lockType0x2,err=Connection timed out fd=12)
E/Adreno200-EGLSUB( 1647): updater_thread() genlock_lock_buffer GENLOCK_READ_LOCK failed
E/libgenlock( 1522): perform_lock_unlock_operation: GENLOCK_IOC_DREADLOCK failed (lockType0x2,err=Connection timed out fd=21)
E/libgenlock( 1522): perform_lock_unlock_operation: GENLOCK_IOC_DREADLOCK failed (lockType0x0,err=Invalid argument fd=18)
W/Adreno200-EGLSUB( 1522): updater_thread() genlock_unlock_buffer already unlocked
E/libgenlock( 1522): perform_lock_unlock_operation: GENLOCK_IOC_DREADLOCK failed (lockType0x0,err=Invalid argument fd=33)
E/Adreno200-EGLSUB( 1522): UnlockImage() genlock_unlock_buffer failed
E/libgenlock( 1522): perform_lock_unlock_operation: GENLOCK_IOC_DREADLOCK failed (lockType0x2,err=Connection timed out fd=36)
E/Adreno200-EGLSUB( 1522): LockImage() genlock_lock_buffer GENLOCK_READ_LOCK failed
E/Adreno200-ES20( 1522): <qgl2DrvAPI_glEGLImageTargetTexture2DOES:2612>: GL_INVALID_OPERATION
E/GLConsumer( 1522): [BootAnimation] bindTextureImage: error binding external texture image 0x3: 0x502
E/libgenlock( 1522): perform_lock_unlock_operation: GENLOCK_IOC_DREADLOCK failed (lockType0x2,err=Connection timed out fd=24)
E/Adreno200-EGLSUB( 1522): updater_thread() genlock_lock_buffer GENLOCK_READ_LOCK failed
I/auditd  ( 2353): Starting up
E/audit_log( 2353): Could not stat audit logfile /data/misc/audit/audit.log: Permission denied
E/auditd  ( 2353): Failed on audit_log_open
I/auditd  ( 2353): Exiting
E/libaudit( 2353): Could net set pid for audit events, error: Protocol error
E/libgenlock( 1647): perform_lock_unlock_operation: GENLOCK_IOC_DREADLOCK failed (lockType0x2,err=Connection timed out fd=16)
E/Adreno200-EGLSUB( 1647): updater_thread() genlock_lock_buffer GENLOCK_READ_LOCK failed
E/libgenlock( 1522): perform_lock_unlock_operation: GENLOCK_IOC_DREADLOCK failed (lockType0x2,err=Connection timed out fd=24)
E/libgenlock( 1522): perform_lock_unlock_operation: GENLOCK_IOC_DREADLOCK failed (lockType0x0,err=Invalid argument fd=21)
W/Adreno200-EGLSUB( 1522): updater_thread() genlock_unlock_buffer already unlocked
E/libgenlock( 1522): perform_lock_unlock_operation: GENLOCK_IOC_DREADLOCK failed (lockType0x0,err=Invalid argument fd=36)
E/Adreno200-EGLSUB( 1522): UnlockImage() genlock_unlock_buffer failed
E/libgenlock( 1522): perform_lock_unlock_operation: GENLOCK_IOC_DREADLOCK failed (lockType0x2,err=Connection timed out fd=30)
E/Adreno200-EGLSUB( 1522): LockImage() genlock_lock_buffer GENLOCK_READ_LOCK failed
E/Adreno200-ES20( 1522): <qgl2DrvAPI_glEGLImageTargetTexture2DOES:2612>: GL_INVALID_OPERATION
E/GLConsumer( 1522): [BootAnimation] bindTextureImage: error binding external texture image 0x1: 0x502
E/libgenlock( 1522): perform_lock_unlock_operation: GENLOCK_IOC_DREADLOCK failed (lockType0x2,err=Connection timed out fd=18)
E/Adreno200-EGLSUB( 1522): updater_thread() genlock_lock_buffer GENLOCK_READ_LOCK failed
D/dalvikvm( 2350): Note: class Landroid/app/ActivityManagerNative; has 180 unimplemented (abstract) methods
D/dalvikvm( 2352): DexOpt: load 1194ms, verify+opt 2890ms, 1522932 bytes
E/libgenlock( 1647): perform_lock_unlock_operation: GENLOCK_IOC_DREADLOCK failed (lockType0x2,err=Connection timed out fd=23)
E/Adreno200-EGLSUB( 1647): updater_thread() genlock_lock_buffer GENLOCK_READ_LOCK failed
E/libgenlock( 1522): perform_lock_unlock_operation: GENLOCK_IOC_DREADLOCK failed (lockType0x2,err=Connection timed out fd=18)
E/libgenlock( 1522): perform_lock_unlock_operation: GENLOCK_IOC_DREADLOCK failed (lockType0x0,err=Invalid argument fd=24)
W/Adreno200-EGLSUB( 1522): updater_thread() genlock_unlock_buffer already unlocked
E/libgenlock( 1522): perform_lock_unlock_operation: GENLOCK_IOC_DREADLOCK failed (lockType0x0,err=Invalid argument fd=30)
E/Adreno200-EGLSUB( 1522): UnlockImage() genlock_unlock_buffer failed
E/libgenlock( 1522): perform_lock_unlock_operation: GENLOCK_IOC_DREADLOCK failed (lockType0x2,err=Connection timed out fd=33)
E/Adreno200-EGLSUB( 1522): LockImage() genlock_lock_buffer GENLOCK_READ_LOCK failed
E/Adreno200-ES20( 1522): <qgl2DrvAPI_glEGLImageTargetTexture2DOES:2612>: GL_INVALID_OPERATION
E/GLConsumer( 1522): [BootAnimation] bindTextureImage: error binding external texture image 0x2: 0x502
E/libgenlock( 1522): perform_lock_unlock_operation: GENLOCK_IOC_DREADLOCK failed (lockType0x2,err=Connection timed out fd=21)
E/Adreno200-EGLSUB( 1522): updater_thread() genlock_lock_buffer GENLOCK_READ_LOCK failed
E/libgenlock( 1647): perform_lock_unlock_operation: GENLOCK_IOC_DREADLOCK failed (lockType0x2,err=Connection timed out fd=12)
E/Adreno200-EGLSUB( 1647): updater_thread() genlock_lock_buffer GENLOCK_READ_LOCK failed
E/libgenlock( 1522): perform_lock_unlock_operation: GENLOCK_IOC_DREADLOCK failed (lockType0x2,err=Connection timed out fd=21)
E/libgenlock( 1522): perform_lock_unlock_operation: GENLOCK_IOC_DREADLOCK failed (lockType0x0,err=Invalid argument fd=18)
W/Adreno200-EGLSUB( 1522): updater_thread() genlock_unlock_buffer already unlocked
E/libgenlock( 1522): perform_lock_unlock_operation: GENLOCK_IOC_DREADLOCK failed (lockType0x0,err=Invalid argument fd=33)
E/Adreno200-EGLSUB( 1522): UnlockImage() genlock_unlock_buffer failed
I/auditd  ( 2356): Starting up
E/audit_log( 2356): Could not stat audit logfile /data/misc/audit/audit.log: Permission denied
E/auditd  ( 2356): Failed on audit_log_open
I/auditd  ( 2356): Exiting
E/libaudit( 2356): Could net set pid for audit events, error: Protocol error
E/libgenlock( 1522): perform_lock_unlock_operation: GENLOCK_IOC_DREADLOCK failed (lockType0x2,err=Connection timed out fd=36)
E/Adreno200-EGLSUB( 1522): LockImage() genlock_lock_buffer GENLOCK_READ_LOCK failed
E/Adreno200-ES20( 1522): <qgl2DrvAPI_glEGLImageTargetTexture2DOES:2612>: GL_INVALID_OPERATION
E/GLConsumer( 1522): [BootAnimation] bindTextureImage: error binding external texture image 0x3: 0x502
E/libgenlock( 1522): perform_lock_unlock_operation: GENLOCK_IOC_DREADLOCK failed (lockType0x2,err=Connection timed out fd=24)
E/Adreno200-EGLSUB( 1522): updater_thread() genlock_lock_buffer GENLOCK_READ_LOCK failed
E/libgenlock( 1647): perform_lock_unlock_operation: GENLOCK_IOC_DREADLOCK failed (lockType0x2,err=Connection timed out fd=16)
E/Adreno200-EGLSUB( 1647): updater_thread() genlock_lock_buffer GENLOCK_READ_LOCK failed
E/libgenlock( 1522): perform_lock_unlock_operation: GENLOCK_IOC_DREADLOCK failed (lockType0x2,err=Connection timed out fd=24)
E/libgenlock( 1522): perform_lock_unlock_operation: GENLOCK_IOC_DREADLOCK failed (lockType0x0,err=Invalid argument fd=21)
W/Adreno200-EGLSUB( 1522): updater_thread() genlock_unlock_buffer already unlocked
E/libgenlock( 1522): perform_lock_unlock_operation: GENLOCK_IOC_DREADLOCK failed (lockType0x0,err=Invalid argument fd=36)
E/Adreno200-EGLSUB( 1522): UnlockImage() genlock_unlock_buffer failed
D/dalvikvm( 2350): DexOpt: load 1460ms, verify+opt 6087ms, 2931844 bytes
V/MIK     ( 1986): Finished in 85076 ms
I/SystemServer( 1986): Mount Service
D/MountService( 1986): got storage path: /storage/sdcard0 description: SD card primary: true removable: true emulated: false mtpReserve: 0 allowMassStorage: true maxFileSize: 0
D/MountService( 1986): addVolumeLocked() StorageVolume:
D/MountService( 1986):     mStorageId=0 mPath=/storage/sdcard0 mDescriptionId=17040838 mPrimary=true 
D/MountService( 1986):     mRemovable=true mEmulated=false mMtpReserveSpace=0 mAllowMassStorage=true 
D/MountService( 1986):     mMaxFileSize=0 mOwner=null mUuid=null mUserLabel=null mState=null 
I/SystemServer( 1986): LockSettingsService
I/SystemServer( 1986): Device Policy
I/SystemServer( 1986): Status Bar
I/SystemServer( 1986): Clipboard Service
I/SystemServer( 1986): NetworkManagement Service
I/SystemServer( 1986): Text Service Manager Service
W/MountService( 1986): Duplicate state transition (unmounted -> unmounted) for /storage/sdcard0
W/MountService( 1986): getSecureContainerList() called when storage not mounted
I/PackageManager( 1986): No secure containers on sdcard
W/PackageManager( 1986): Not granting permission android.permission.WRITE_MEDIA_STORAGE to package com.android.soundrecorder (protectionLevel=18 flags=0x8be45)
I/SystemServer( 1986): NetworkStats Service
I/SystemServer( 1986): NetworkPolicy Service
W/PackageManager( 1986): Unknown permission com.google.android.gallery3d.permission.GALLERY_PROVIDER in package com.android.bluetooth
W/PackageManager( 1986): Unknown permission com.android.email.permission.ACCESS_PROVIDER in package com.android.bluetooth
W/PackageManager( 1986): Unknown permission com.android.email.permission.READ_ATTACHMENT in package com.android.bluetooth
W/PackageManager( 1986): Unknown permission com.google.android.googleapps.permission.GOOGLE_AUTH in package com.android.providers.calendar
W/PackageManager( 1986): Unknown permission com.google.android.googleapps.permission.GOOGLE_AUTH.cl in package com.android.providers.calendar
W/PackageManager( 1986): Unknown permission com.google.android.googleapps.permission.GOOGLE_AUTH.mail in package com.android.calendar
W/PackageManager( 1986): Not granting permission android.permission.ACCESS_DOWNLOAD_MANAGER to package com.android.browser (protectionLevel=18 flags=0x49be45)
W/PackageManager( 1986): Not granting permission android.permission.SEND_DOWNLOAD_COMPLETED_INTENTS to package com.android.browser (protectionLevel=2 flags=0x49be45)
I/SystemServer( 1986): Wi-Fi P2pService
W/PackageManager( 1986): Unknown permission com.android.launcher.permission.READ_SETTINGS in package com.android.onetimeinitializer
W/PackageManager( 1986): Unknown permission com.android.launcher.permission.WRITE_SETTINGS in package com.android.onetimeinitializer
W/PackageManager( 1986): Not granting permission android.permission.BIND_WALLPAPER to package com.android.camera2 (protectionLevel=18 flags=0x58bc45)
W/PackageManager( 1986): Unknown permission android.permission.INSTALL_DRM in package com.android.mms
W/PackageManager( 1986): Unknown permission com.cyanogenmod.filemanager.permissions.READ_THEME in package com.cyanogenmod.filemanager
W/PackageManager( 1986): Unknown permission android.permission.MMS_PUSH in package org.codeaurora.bluetooth
W/PackageManager( 1986): Unknown permission com.android.email.permission.ACCESS_PROVIDER in package org.codeaurora.bluetooth
W/PackageManager( 1986): Unknown permission com.android.email.permission.READ_ATTACHMENT in package org.codeaurora.bluetooth
W/PackageManager( 1986): Unknown permission com.google.android.googleapps.permission.GOOGLE_AUTH in package com.android.settings
W/PackageManager( 1986): Unknown permission com.android.launcher.permission.READ_SETTINGS in package com.android.settings
W/PackageManager( 1986): Unknown permission com.android.launcher.permission.WRITE_SETTINGS in package com.android.settings
W/PackageManager( 1986): Unknown permission android.permission.CHANGE_PRIVACY_GUARD_STATE in package com.android.settings
W/PackageManager( 1986): Unknown permission com.android.launcher.permission.READ_SETTINGS in package com.cyanogenmod.trebuchet
W/PackageManager( 1986): Unknown permission com.android.launcher.permission.WRITE_SETTINGS in package com.cyanogenmod.trebuchet
W/PackageManager( 1986): Unknown permission com.android.email.permission.READ_ATTACHMENT in package com.android.exchange
W/PackageManager( 1986): Unknown permission com.android.email.permission.ACCESS_PROVIDER in package com.android.exchange
W/PackageManager( 1986): Unknown permission com.google.android.c2dm.permission.RECEIVE in package org.whispersystems.whisperpush
W/PackageManager( 1986): Unknown permission com.google.android.googleapps.permission.ACCESS_GOOGLE_PASSWORD in package com.android.development
W/PackageManager( 1986): Unknown permission com.google.android.googleapps.permission.GOOGLE_AUTH in package com.android.development
W/PackageManager( 1986): Unknown permission com.google.android.googleapps.permission.GOOGLE_AUTH.ALL_SERVICES in package com.android.development
W/PackageManager( 1986): Unknown permission com.google.android.googleapps.permission.GOOGLE_AUTH.YouTubeUser in package com.android.development
W/PackageManager( 1986): Not granting permission android.permission.DEVICE_POWER to package com.android.deskclock (protectionLevel=2 flags=0x48be45)
W/PackageManager( 1986): Unknown permission com.android.deskclock.worldclock.permissions.WRITE_DATABASE in package com.android.deskclock
I/SystemServer( 1986): Wi-Fi Service
E/libgenlock( 1522): perform_lock_unlock_operation: GENLOCK_IOC_DREADLOCK failed (lockType0x2,err=Connection timed out fd=30)
E/Adreno200-EGLSUB( 1522): LockImage() genlock_lock_buffer GENLOCK_READ_LOCK failed
E/Adreno200-ES20( 1522): <qgl2DrvAPI_glEGLImageTargetTexture2DOES:2612>: GL_INVALID_OPERATION
E/GLConsumer( 1522): [BootAnimation] bindTextureImage: error binding external texture image 0x1: 0x502
E/libgenlock( 1522): perform_lock_unlock_operation: GENLOCK_IOC_DREADLOCK failed (lockType0x2,err=Connection timed out fd=18)
E/Adreno200-EGLSUB( 1522): updater_thread() genlock_lock_buffer GENLOCK_READ_LOCK failed
I/SystemServer( 1986): Connectivity Service
D/ConnectivityService( 1986): ConnectivityService starting up
D/ConnectivityService( 1986): wifiOnly=false
E/ConnectivityService( 1986): Error in networkAttributes - ignoring attempt to use undefined radio 7 in network type 7
E/ConnectivityService( 1986): Ignoring protectedNetwork 10
