* daemon not running. starting it now on port 5037 *
* daemon started successfully *
--------- beginning of /dev/log/main
I/cm      ( 1476): Welcome to Android 4.4.2 / 11-20140429-UNOFFICIAL-shakira 
I/cm      ( 1467):  __  __ _       _    _____ __  __      _            
I/cm      ( 1468): XPERIENCE CN10 BY TEAMMEX  
I/cm      ( 1469):   E/mountext( 1497): linux partition not found on sdcard 
I/mountext( 1500): No swap partition found. 
I/apps2sd ( 1503): /sd-ext not mounted...nothing to do 
--------- beginning of /dev/log/system
I/auditd  ( 1518): Starting up
E/audit_log( 1518): Could not stat audit logfile /data/misc/audit/audit.log: Permission denied
E/auditd  ( 1518): Failed on audit_log_open
I/auditd  ( 1518): Exiting
E/libaudit( 1518): Could net set pid for audit events, error: Protocol error
I/AKMD2   ( 1529): AK8975/B for Android v0.9.0.1016 (Library: v1.0.0.929) started.
E/AKMD2   ( 1529): akmd2 : Device opened.
I/DEBUG   ( 1520): debuggerd: Apr 27 2014 06:18:23
I/installd( 1526): installd firing up
E/cutils  ( 1526): Failed to read /data/.layout_version: No such file or directory
D/installd( 1526): Upgrading /data/media for multi-user
D/installd( 1526): Upgrading to shared /data/media/obb
I/ChargAlg( 1530): USB connected: 1, AC connected: 0
I/ChargAlg( 1530): USB connected: 1, AC connected: 0
I/Vold    ( 1517): Vold 2.1 (the revenge) firing up
D/Vold    ( 1517): Volume sdcard0 state changing -1 (Initializing) -> 0 (No-Media)
D/Vold    ( 1517): Volume sdcard0 state changing 0 (No-Media) -> 2 (Pending)
D/DirectVolume( 1517): DirectVolume::handlePartitionAdded -> MAJOR 179, MINOR 1, PARTN 1
D/Vold    ( 1517): Volume sdcard0 state changing 2 (Pending) -> 1 (Idle-Unmounted)
I/Netd    ( 1519): Netd 1.0 starting
W/InterfaceController( 1519): Warning (dlopen failed: library "/system/lib/libnetcmdiface.so" not found) while opening the net interface command library
I/SurfaceFlinger( 1522): SurfaceFlinger is starting
I/SurfaceFlinger( 1522): SurfaceFlinger's main thread ready to run. Initializing graphics H/W...
D/libEGL  ( 1522): loaded /system/lib/egl/libEGL_adreno200.so
D/libEGL  ( 1522): loaded /system/lib/egl/libGLESv1_CM_adreno200.so
D/libEGL  ( 1522): loaded /system/lib/egl/libGLESv2_adreno200.so
I/gralloc ( 1522): using (fd=13)
I/gralloc ( 1522): id           = msmfb30_1ffff
I/gralloc ( 1522): xres         = 320 px
I/gralloc ( 1522): yres         = 480 px
I/gralloc ( 1522): xres_virtual = 320 px
I/gralloc ( 1522): yres_virtual = 1440 px
I/gralloc ( 1522): bpp          = 16
I/gralloc ( 1522): r            = 11:5
I/gralloc ( 1522): g            =  5:6
I/gralloc ( 1522): b            =  0:5
I/gralloc ( 1522): width        = 51 mm (159.372543 dpi)
I/gralloc ( 1522): height       = 76 mm (160.421051 dpi)
I/gralloc ( 1522): refresh rate = 60.00 Hz
D/CALCFPS ( 1522): DEBUG_CALC_FPS: 0
D/CALCFPS ( 1522): period: 10
D/CALCFPS ( 1522): ignorethresh_us: 500000
D/CALCFPS ( 1522): DEBUG_CALC_FPS: 0
D/CALCFPS ( 1522): period: 10
D/CALCFPS ( 1522): ignorethresh_us: 500000
E/SurfaceFlinger( 1522): hwcomposer module not found
W/SurfaceFlinger( 1522): getting VSYNC period from fb HAL: 16666666
E/Adreno200-EGL( 1522): <qeglDrvAPI_eglChooseConfig:757>: EGL_BAD_ATTRIBUTE
E/Adreno200-EGL( 1522): <qeglDrvAPI_eglChooseConfig:757>: EGL_BAD_ATTRIBUTE
W/SurfaceFlinger( 1522): no suitable EGLConfig found, trying a simpler query
I/SurfaceFlinger( 1522): EGL informations:
I/SurfaceFlinger( 1522): vendor    : Android
I/SurfaceFlinger( 1522): version   : 1.4 Android META-EGL
I/SurfaceFlinger( 1522): extensions: EGL_KHR_get_all_proc_addresses EGL_ANDROID_presentation_time EGL_KHR_image EGL_KHR_image_base EGL_KHR_lock_surface EGL_KHR_fence_sync EGL_ANDROID_image_native_buffer EGL_ANDROID_recordable 
I/SurfaceFlinger( 1522): Client API: OpenGL_ES
I/SurfaceFlinger( 1522): EGLSurface: 5-6-5-0, config=0x1
I/SurfaceFlinger( 1522): OpenGL ES informations:
I/SurfaceFlinger( 1522): vendor    : Qualcomm
I/SurfaceFlinger( 1522): renderer  : Adreno (TM) 200
I/SurfaceFlinger( 1522): version   : OpenGL ES 2.0 2131267
I/SurfaceFlinger( 1522): extensions: GL_EXT_debug_marker GL_AMD_compressed_ATC_texture GL_AMD_performance_monitor GL_AMD_program_binary_Z400 GL_EXT_texture_filter_anisotropic GL_EXT_texture_format_BGRA8888 GL_EXT_texture_type_2_10_10_10_REV GL_NV_fence GL_OES_compressed_ETC1_RGB8_texture GL_OES_depth_texture GL_OES_depth24 GL_OES_EGL_image GL_OES_EGL_image_external GL_OES_element_index_uint GL_OES_fbo_render_mipmap GL_OES_fragment_precision_high GL_OES_get_program_binary GL_OES_packed_depth_stencil GL_OES_rgb8_rgba8 GL_OES_standard_derivatives GL_OES_texture_3D GL_OES_texture_float GL_OES_texture_half_float GL_OES_texture_half_float_linear GL_OES_texture_npot GL_OES_vertex_half_float GL_OES_vertex_type_10_10_10_2 GL_OES_vertex_array_object GL_QCOM_alpha_test GL_QCOM_binning_control GL_QCOM_driver_control GL_QCOM_perfmon_global_mode GL_QCOM_extended_get GL_QCOM_extended_get2 GL_QCOM_tiled_rendering GL_QCOM_writeonly_rendering GL_AMD_compressed_3DC_texture 
I/SurfaceFlinger( 1522): GL_MAX_TEXTURE_SIZE = 4096
I/SurfaceFlinger( 1522): GL_MAX_VIEWPORT_DIMS = 4096
E/cutils-trace( 1522): Error opening trace file: No such file or directory (2)
D/SurfaceFlinger( 1522): Screen acquired, type=0 flinger=0xf450
E/libgenlock( 1522): perform_lock_unlock_operation: GENLOCK_IOC_DREADLOCK failed (lockType0x2,err=Connection timed out fd=24)
E/Adreno200-EGLSUB( 1522): updater_thread() genlock_lock_buffer GENLOCK_READ_LOCK failed
I/ChargAlg( 1530): USB maximum current: 500
I/mediaserver( 1525): ServiceManager: 0x13460
I/AudioFlinger( 1525): Using default 3000 mSec as standby time.
E/MediaPlayerFactory( 1525): calling dlopen on FACTORY_LIB
E/MediaPlayerFactory( 1525): Failed to open FACTORY_LIB Error : dlopen failed: library "libdashplayer.so" not found 
I/CameraService( 1525): CameraService started (pid=1525)
E/CameraService( 1525): Could not load camera HAL module
E/AudioPolicyManagerBase( 1525): could not load audio policy configuration file, setting defaults
I/ChargAlg( 1530): USB maximum current: 0
I/XPe_AudioHardware( 1525): get_audpp_filter
E/XPe_AudioHardware( 1525): failed to open AUDIO_NORMAL_FILTER /system/etc/AudioFilter.csv: No such file or directory (2).
E/XPe_AudioHardware( 1525): failed to open AUTO_VOLUME_CONTROL /system/etc/AutoVolumeControl.txt: No such file or directory (2)
I/XPe_AudioHardware( 1525): Set master volume to 1.
I/AudioFlinger( 1525): loadHwModule() Loaded primary audio interface from LEGACY Audio HW HAL (audio) handle 1
I/AudioFlinger( 1525): HAL output buffer size 1200 frames, normal mix buffer size 1200 frames
D/libEGL  ( 1647): loaded /system/lib/egl/libEGL_adreno200.so
D/libEGL  ( 1647): loaded /system/lib/egl/libGLESv1_CM_adreno200.so
D/libEGL  ( 1647): loaded /system/lib/egl/libGLESv2_adreno200.so
E/cutils-trace( 1647): Error opening trace file: No such file or directory (2)
D/memalloc( 1522): init_pmem_area: Initializing pmem area
D/memalloc( 1522): init_pmem_area_locked: Opening master pmem FD
D/memalloc( 1522): getPmemTotalSize: Allocating 4000000 bytes of pmem for camera
D/memalloc( 1522): init_pmem_area_locked: Total pmem size: 8832768
I/AudioMixer( 1525): found effect "Multichannel Downmix To Stereo" from The Android Open Source Project
I/AudioFlinger( 1525): Using module 1 has the primary audio interface
D/AudioHardwareInterface( 1525): setMode(NORMAL)
I/AudioFlinger( 1525): AudioFlinger's thread 0x40e98008 ready to run
W/AudioFlinger( 1525): Thread AudioOut_2 cannot connect to the power manager service
I/XPe_AudioHardware( 1525): Routing audio to Speakerphone (0,2)
D/XPe_AudioHardware( 1525): doAudioRouteOrMute() device 25, mMode 0, mMicMute 1, mBuiltinMicSelected 0, muted
I/XPe_AudioHardware( 1525): Routing audio to Speakerphone (0,2)
W/AudioFlinger( 1525): Thread AudioOut_2 cannot connect to the power manager service
D/XPe_AudioHardware( 1525): setVoiceVolume(0.000000)
I/XPe_AudioHardware( 1525): Setting in-call volume to 1 (available range is 1 to 6)
W/AudioFlinger( 1525): Thread AudioOut_2 cannot connect to the power manager service
E/AudioFlinger( 1525): no wake lock to update!
I/AudioPolicyService( 1525): Loaded audio policy from LEGACY Audio Policy HAL (audio_policy)
I/ChargAlg( 1530): USB maximum current: 500
I/ChargAlg( 1530): Safety timer updated to 60 min.
E/libgenlock( 1522): perform_lock_unlock_operation: GENLOCK_IOC_DREADLOCK failed (lockType0x2,err=Connection timed out fd=24)
D/AndroidRuntime( 1523): 
D/AndroidRuntime( 1523): >>>>>> AndroidRuntime START com.android.internal.os.ZygoteInit <<<<<<
D/AndroidRuntime( 1523): CheckJNI is OFF
E/libgenlock( 1647): perform_lock_unlock_operation: GENLOCK_IOC_DREADLOCK failed (lockType0x2,err=Connection timed out fd=12)
E/Adreno200-EGLSUB( 1647): updater_thread() genlock_lock_buffer GENLOCK_READ_LOCK failed
I/auditd  ( 1711): Starting up
E/audit_log( 1711): Could not stat audit logfile /data/misc/audit/audit.log: Permission denied
E/auditd  ( 1711): Failed on audit_log_open
I/auditd  ( 1711): Exiting
E/libaudit( 1711): Could net set pid for audit events, error: Protocol error
E/libgenlock( 1522): perform_lock_unlock_operation: GENLOCK_IOC_DREADLOCK failed (lockType0x2,err=Connection timed out fd=18)
E/Adreno200-EGLSUB( 1522): updater_thread() genlock_lock_buffer GENLOCK_READ_LOCK failed
D/dalvikvm( 1523): DexOpt: --- BEGIN 'core.jar' (bootstrap=1) ---
E/libgenlock( 1647): perform_lock_unlock_operation: GENLOCK_IOC_DREADLOCK failed (lockType0x2,err=Connection timed out fd=16)
E/Adreno200-EGLSUB( 1647): updater_thread() genlock_lock_buffer GENLOCK_READ_LOCK failed
E/libgenlock( 1522): perform_lock_unlock_operation: GENLOCK_IOC_DREADLOCK failed (lockType0x2,err=Connection timed out fd=30)
E/Adreno200-EGLSUB( 1522): LockImage() genlock_lock_buffer GENLOCK_READ_LOCK failed
E/Adreno200-ES20( 1522): <qgl2DrvAPI_glEGLImageTargetTexture2DOES:2612>: GL_INVALID_OPERATION
E/GLConsumer( 1522): [BootAnimation] bindTextureImage: error binding external texture image 0x1: 0x502
E/libgenlock( 1522): perform_lock_unlock_operation: GENLOCK_IOC_DREADLOCK failed (lockType0x2,err=Connection timed out fd=18)
E/libgenlock( 1522): perform_lock_unlock_operation: GENLOCK_IOC_DREADLOCK failed (lockType0x0,err=Invalid argument fd=24)
W/Adreno200-EGLSUB( 1522): updater_thread() genlock_unlock_buffer already unlocked
E/libgenlock( 1522): perform_lock_unlock_operation: GENLOCK_IOC_DREADLOCK failed (lockType0x0,err=Invalid argument fd=30)
E/Adreno200-EGLSUB( 1522): UnlockImage() genlock_unlock_buffer failed
E/libgenlock( 1647): perform_lock_unlock_operation: GENLOCK_IOC_DREADLOCK failed (lockType0x2,err=Connection timed out fd=23)
E/Adreno200-EGLSUB( 1647): updater_thread() genlock_lock_buffer GENLOCK_READ_LOCK failed
E/libgenlock( 1522): perform_lock_unlock_operation: GENLOCK_IOC_DREADLOCK failed (lockType0x2,err=Connection timed out fd=33)
E/Adreno200-EGLSUB( 1522): LockImage() genlock_lock_buffer GENLOCK_READ_LOCK failed
E/Adreno200-ES20( 1522): <qgl2DrvAPI_glEGLImageTargetTexture2DOES:2612>: GL_INVALID_OPERATION
E/GLConsumer( 1522): [BootAnimation] bindTextureImage: error binding external texture image 0x2: 0x502
E/libgenlock( 1522): perform_lock_unlock_operation: GENLOCK_IOC_DREADLOCK failed (lockType0x2,err=Connection timed out fd=21)
E/Adreno200-EGLSUB( 1522): updater_thread() genlock_lock_buffer GENLOCK_READ_LOCK failed
D/dalvikvm( 1730): Ignoring duplicate verify attempt on Ljava/lang/Object;
D/dalvikvm( 1730): Ignoring duplicate verify attempt on Ljava/lang/Class;
E/libgenlock( 1647): perform_lock_unlock_operation: GENLOCK_IOC_DREADLOCK failed (lockType0x2,err=Connection timed out fd=12)
E/Adreno200-EGLSUB( 1647): updater_thread() genlock_lock_buffer GENLOCK_READ_LOCK failed
D/dalvikvm( 1730): Ignoring duplicate verify attempt on Ljava/lang/ref/Reference;
D/dalvikvm( 1730): Ignoring duplicate verify attempt on Ljava/lang/ref/ReferenceQueue;
E/libgenlock( 1522): perform_lock_unlock_operation: GENLOCK_IOC_DREADLOCK failed (lockType0x2,err=Connection timed out fd=21)
E/libgenlock( 1522): perform_lock_unlock_operation: GENLOCK_IOC_DREADLOCK failed (lockType0x0,err=Invalid argument fd=18)
W/Adreno200-EGLSUB( 1522): updater_thread() genlock_unlock_buffer already unlocked
E/libgenlock( 1522): perform_lock_unlock_operation: GENLOCK_IOC_DREADLOCK failed (lockType0x0,err=Invalid argument fd=33)
E/Adreno200-EGLSUB( 1522): UnlockImage() genlock_unlock_buffer failed
D/dalvikvm( 1730): Ignoring duplicate verify attempt on Ljava/lang/ref/FinalizerReference;
E/libgenlock( 1522): perform_lock_unlock_operation: GENLOCK_IOC_DREADLOCK failed (lockType0x2,err=Connection timed out fd=36)
E/Adreno200-EGLSUB( 1522): LockImage() genlock_lock_buffer GENLOCK_READ_LOCK failed
E/Adreno200-ES20( 1522): <qgl2DrvAPI_glEGLImageTargetTexture2DOES:2612>: GL_INVALID_OPERATION
E/GLConsumer( 1522): [BootAnimation] bindTextureImage: error binding external texture image 0x3: 0x502
E/libgenlock( 1522): perform_lock_unlock_operation: GENLOCK_IOC_DREADLOCK failed (lockType0x2,err=Connection timed out fd=24)
E/Adreno200-EGLSUB( 1522): updater_thread() genlock_lock_buffer GENLOCK_READ_LOCK failed
V/NatController( 1519): runCmd(/system/bin/iptables -F natctrl_FORWARD) res=0
V/NatController( 1519): runCmd(/system/bin/iptables -A natctrl_FORWARD -j DROP) res=0
V/NatController( 1519): runCmd(/system/bin/iptables -t nat -F natctrl_nat_POSTROUTING) res=0
V/NatController( 1519): runCmd(/system/bin/ip route flush cache) res=0
V/NatController( 1519): runCmd(/system/bin/iptables -F natctrl_tether_counters) res=1
I/auditd  ( 1856): Starting up
E/libgenlock( 1522): perform_lock_unlock_operation: GENLOCK_IOC_DREADLOCK failed (lockType0x2,err=Connection timed out fd=24)
E/libgenlock( 1647): perform_lock_unlock_operation: GENLOCK_IOC_DREADLOCK failed (lockType0x2,err=Connection timed out fd=16)
E/Adreno200-EGLSUB( 1647): updater_thread() genlock_lock_buffer GENLOCK_READ_LOCK failed
E/libgenlock( 1522): perform_lock_unlock_operation: GENLOCK_IOC_DREADLOCK failed (lockType0x0,err=Invalid argument fd=21)
W/Adreno200-EGLSUB( 1522): updater_thread() genlock_unlock_buffer already unlocked
E/libgenlock( 1522): perform_lock_unlock_operation: GENLOCK_IOC_DREADLOCK failed (lockType0x0,err=Invalid argument fd=36)
E/Adreno200-EGLSUB( 1522): UnlockImage() genlock_unlock_buffer failed
E/audit_log( 1856): Could not stat audit logfile /data/misc/audit/audit.log: Permission denied
E/auditd  ( 1856): Failed on audit_log_open
I/auditd  ( 1856): Exiting
E/libaudit( 1856): Could net set pid for audit events, error: Protocol error
V/NatController( 1519): runCmd(/system/bin/iptables -X natctrl_tether_counters) res=1
V/NatController( 1519): runCmd(/system/bin/iptables -N natctrl_tether_counters) res=0
E/libgenlock( 1522): perform_lock_unlock_operation: GENLOCK_IOC_DREADLOCK failed (lockType0x2,err=Connection timed out fd=30)
E/Adreno200-EGLSUB( 1522): LockImage() genlock_lock_buffer GENLOCK_READ_LOCK failed
E/Adreno200-ES20( 1522): <qgl2DrvAPI_glEGLImageTargetTexture2DOES:2612>: GL_INVALID_OPERATION
E/GLConsumer( 1522): [BootAnimation] bindTextureImage: error binding external texture image 0x1: 0x502
E/libgenlock( 1522): perform_lock_unlock_operation: GENLOCK_IOC_DREADLOCK failed (lockType0x2,err=Connection timed out fd=18)
E/Adreno200-EGLSUB( 1522): updater_thread() genlock_lock_buffer GENLOCK_READ_LOCK failed
E/libgenlock( 1647): perform_lock_unlock_operation: GENLOCK_IOC_DREADLOCK failed (lockType0x2,err=Connection timed out fd=23)
E/Adreno200-EGLSUB( 1647): updater_thread() genlock_lock_buffer GENLOCK_READ_LOCK failed
E/libgenlock( 1522): perform_lock_unlock_operation: GENLOCK_IOC_DREADLOCK failed (lockType0x2,err=Connection timed out fd=18)
E/libgenlock( 1522): perform_lock_unlock_operation: GENLOCK_IOC_DREADLOCK failed (lockType0x0,err=Invalid argument fd=24)
W/Adreno200-EGLSUB( 1522): updater_thread() genlock_unlock_buffer already unlocked
E/libgenlock( 1522): perform_lock_unlock_operation: GENLOCK_IOC_DREADLOCK failed (lockType0x0,err=Invalid argument fd=30)
E/Adreno200-EGLSUB( 1522): UnlockImage() genlock_unlock_buffer failed
D/MDnsDS  ( 1519): MDnsSdListener::Hander starting up
D/MDnsDS  ( 1519): MDnsSdListener starting to monitor
D/MDnsDS  ( 1519): Going to poll with pollCount 1
D/dalvikvm( 1730): DexOpt: load 475ms, verify+opt 5906ms, 1514052 bytes
E/libgenlock( 1522): perform_lock_unlock_operation: GENLOCK_IOC_DREADLOCK failed (lockType0x2,err=Connection timed out fd=33)
E/Adreno200-EGLSUB( 1522): LockImage() genlock_lock_buffer GENLOCK_READ_LOCK failed
E/Adreno200-ES20( 1522): <qgl2DrvAPI_glEGLImageTargetTexture2DOES:2612>: GL_INVALID_OPERATION
E/GLConsumer( 1522): [BootAnimation] bindTextureImage: error binding external texture image 0x2: 0x502
E/libgenlock( 1522): perform_lock_unlock_operation: GENLOCK_IOC_DREADLOCK failed (lockType0x2,err=Connection timed out fd=21)
E/Adreno200-EGLSUB( 1522): updater_thread() genlock_lock_buffer GENLOCK_READ_LOCK failed
D/dalvikvm( 1523): DexOpt: --- END 'core.jar' (success) ---
D/dalvikvm( 1523): DEX prep '/system/framework/core.jar': unzip in 828ms, rewrite 7841ms
D/dalvikvm( 1523): DexOpt: --- BEGIN 'conscrypt.jar' (bootstrap=1) ---
D/dalvikvm( 1932): DexOpt: load 36ms, verify+opt 373ms, 422604 bytes
D/dalvikvm( 1523): DexOpt: --- END 'conscrypt.jar' (success) ---
D/dalvikvm( 1523): DEX prep '/system/framework/conscrypt.jar': unzip in 74ms, rewrite 533ms
D/dalvikvm( 1523): DexOpt: --- BEGIN 'okhttp.jar' (bootstrap=1) ---
E/libgenlock( 1647): perform_lock_unlock_operation: GENLOCK_IOC_DREADLOCK failed (lockType0x2,err=Connection timed out fd=12)
E/Adreno200-EGLSUB( 1647): updater_thread() genlock_lock_buffer GENLOCK_READ_LOCK failed
E/libgenlock( 1522): perform_lock_unlock_operation: GENLOCK_IOC_DREADLOCK failed (lockType0x2,err=Connection timed out fd=21)
E/libgenlock( 1522): perform_lock_unlock_operation: GENLOCK_IOC_DREADLOCK failed (lockType0x0,err=Invalid argument fd=18)
W/Adreno200-EGLSUB( 1522): updater_thread() genlock_unlock_buffer already unlocked
E/libgenlock( 1522): perform_lock_unlock_operation: GENLOCK_IOC_DREADLOCK failed (lockType0x0,err=Invalid argument fd=33)
E/Adreno200-EGLSUB( 1522): UnlockImage() genlock_unlock_buffer failed
D/dalvikvm( 1933): DexOpt: load 22ms, verify+opt 218ms, 346252 bytes
D/dalvikvm( 1523): DexOpt: --- END 'okhttp.jar' (success) ---
D/dalvikvm( 1523): DEX prep '/system/framework/okhttp.jar': unzip in 40ms, rewrite 335ms
D/dalvikvm( 1523): DexOpt: --- BEGIN 'core-junit.jar' (bootstrap=1) ---
D/dalvikvm( 1934): DexOpt: load 11ms, verify+opt 25ms, 143956 bytes
D/dalvikvm( 1523): DexOpt: --- END 'core-junit.jar' (success) ---
D/dalvikvm( 1523): DEX prep '/system/framework/core-junit.jar': unzip in 4ms, rewrite 94ms
D/dalvikvm( 1523): DexOpt: --- BEGIN 'bouncycastle.jar' (bootstrap=1) ---
E/libgenlock( 1522): perform_lock_unlock_operation: GENLOCK_IOC_DREADLOCK failed (lockType0x2,err=Connection timed out fd=36)
E/Adreno200-EGLSUB( 1522): LockImage() genlock_lock_buffer GENLOCK_READ_LOCK failed
E/Adreno200-ES20( 1522): <qgl2DrvAPI_glEGLImageTargetTexture2DOES:2612>: GL_INVALID_OPERATION
E/GLConsumer( 1522): [BootAnimation] bindTextureImage: error binding external texture image 0x3: 0x502
E/libgenlock( 1522): perform_lock_unlock_operation: GENLOCK_IOC_DREADLOCK failed (lockType0x2,err=Connection timed out fd=24)
E/Adreno200-EGLSUB( 1522): updater_thread() genlock_lock_buffer GENLOCK_READ_LOCK failed
I/auditd  ( 1936): Starting up
E/audit_log( 1936): Could not stat audit logfile /data/misc/audit/audit.log: Permission denied
E/auditd  ( 1936): Failed on audit_log_open
I/auditd  ( 1936): Exiting
E/libaudit( 1936): Could net set pid for audit events, error: Protocol error
D/dalvikvm( 1935): DexOpt: load 74ms, verify+opt 1150ms, 694804 bytes
D/dalvikvm( 1523): DexOpt: --- END 'bouncycastle.jar' (success) ---
D/dalvikvm( 1523): DEX prep '/system/framework/bouncycastle.jar': unzip in 226ms, rewrite 1507ms
E/libgenlock( 1647): perform_lock_unlock_operation: GENLOCK_IOC_DREADLOCK failed (lockType0x2,err=Connection timed out fd=16)
E/Adreno200-EGLSUB( 1647): updater_thread() genlock_lock_buffer GENLOCK_READ_LOCK failed
E/libgenlock( 1522): perform_lock_unlock_operation: GENLOCK_IOC_DREADLOCK failed (lockType0x2,err=Connection timed out fd=24)
E/libgenlock( 1522): perform_lock_unlock_operation: GENLOCK_IOC_DREADLOCK failed (lockType0x0,err=Invalid argument fd=21)
W/Adreno200-EGLSUB( 1522): updater_thread() genlock_unlock_buffer already unlocked
E/libgenlock( 1522): perform_lock_unlock_operation: GENLOCK_IOC_DREADLOCK failed (lockType0x0,err=Invalid argument fd=36)
E/Adreno200-EGLSUB( 1522): UnlockImage() genlock_unlock_buffer failed
D/dalvikvm( 1523): DexOpt: --- BEGIN 'ext.jar' (bootstrap=1) ---
E/libgenlock( 1522): perform_lock_unlock_operation: GENLOCK_IOC_DREADLOCK failed (lockType0x2,err=Connection timed out fd=30)
E/Adreno200-EGLSUB( 1522): LockImage() genlock_lock_buffer GENLOCK_READ_LOCK failed
E/Adreno200-ES20( 1522): <qgl2DrvAPI_glEGLImageTargetTexture2DOES:2612>: GL_INVALID_OPERATION
E/GLConsumer( 1522): [BootAnimation] bindTextureImage: error binding external texture image 0x1: 0x502
E/libgenlock( 1522): perform_lock_unlock_operation: GENLOCK_IOC_DREADLOCK failed (lockType0x2,err=Connection timed out fd=18)
E/Adreno200-EGLSUB( 1522): updater_thread() genlock_lock_buffer GENLOCK_READ_LOCK failed
E/libgenlock( 1647): perform_lock_unlock_operation: GENLOCK_IOC_DREADLOCK failed (lockType0x2,err=Connection timed out fd=23)
E/Adreno200-EGLSUB( 1647): updater_thread() genlock_lock_buffer GENLOCK_READ_LOCK failed
E/libgenlock( 1522): perform_lock_unlock_operation: GENLOCK_IOC_DREADLOCK failed (lockType0x2,err=Connection timed out fd=18)
E/libgenlock( 1522): perform_lock_unlock_operation: GENLOCK_IOC_DREADLOCK failed (lockType0x0,err=Invalid argument fd=24)
W/Adreno200-EGLSUB( 1522): updater_thread() genlock_unlock_buffer already unlocked
E/libgenlock( 1522): perform_lock_unlock_operation: GENLOCK_IOC_DREADLOCK failed (lockType0x0,err=Invalid argument fd=30)
E/Adreno200-EGLSUB( 1522): UnlockImage() genlock_unlock_buffer failed
D/dalvikvm( 1939): DexOpt: load 111ms, verify+opt 1575ms, 945156 bytes
D/dalvikvm( 1523): DexOpt: --- END 'ext.jar' (success) ---
D/dalvikvm( 1523): DEX prep '/system/framework/ext.jar': unzip in 335ms, rewrite 2037ms
E/libgenlock( 1522): perform_lock_unlock_operation: GENLOCK_IOC_DREADLOCK failed (lockType0x2,err=Connection timed out fd=33)
E/Adreno200-EGLSUB( 1522): LockImage() genlock_lock_buffer GENLOCK_READ_LOCK failed
E/Adreno200-ES20( 1522): <qgl2DrvAPI_glEGLImageTargetTexture2DOES:2612>: GL_INVALID_OPERATION
E/GLConsumer( 1522): [BootAnimation] bindTextureImage: error binding external texture image 0x2: 0x502
E/libgenlock( 1522): perform_lock_unlock_operation: GENLOCK_IOC_DREADLOCK failed (lockType0x2,err=Connection timed out fd=21)
E/Adreno200-EGLSUB( 1522): updater_thread() genlock_lock_buffer GENLOCK_READ_LOCK failed
E/libgenlock( 1647): perform_lock_unlock_operation: GENLOCK_IOC_DREADLOCK failed (lockType0x2,err=Connection timed out fd=12)
E/Adreno200-EGLSUB( 1647): updater_thread() genlock_lock_buffer GENLOCK_READ_LOCK failed
E/libgenlock( 1522): perform_lock_unlock_operation: GENLOCK_IOC_DREADLOCK failed (lockType0x2,err=Connection timed out fd=21)
E/libgenlock( 1522): perform_lock_unlock_operation: GENLOCK_IOC_DREADLOCK failed (lockType0x0,err=Invalid argument fd=18)
W/Adreno200-EGLSUB( 1522): updater_thread() genlock_unlock_buffer already unlocked
E/libgenlock( 1522): perform_lock_unlock_operation: GENLOCK_IOC_DREADLOCK failed (lockType0x0,err=Invalid argument fd=33)
E/Adreno200-EGLSUB( 1522): UnlockImage() genlock_unlock_buffer failed
I/auditd  ( 1941): Starting up
E/audit_log( 1941): Could not stat audit logfile /data/misc/audit/audit.log: Permission denied
E/auditd  ( 1941): Failed on audit_log_open
I/auditd  ( 1941): Exiting
E/libaudit( 1941): Could net set pid for audit events, error: Protocol error
D/dalvikvm( 1523): DexOpt: --- BEGIN 'framework.jar' (bootstrap=1) ---
E/libgenlock( 1522): perform_lock_unlock_operation: GENLOCK_IOC_DREADLOCK failed (lockType0x2,err=Connection timed out fd=36)
E/Adreno200-EGLSUB( 1522): LockImage() genlock_lock_buffer GENLOCK_READ_LOCK failed
E/Adreno200-ES20( 1522): <qgl2DrvAPI_glEGLImageTargetTexture2DOES:2612>: GL_INVALID_OPERATION
E/GLConsumer( 1522): [BootAnimation] bindTextureImage: error binding external texture image 0x3: 0x502
E/libgenlock( 1522): perform_lock_unlock_operation: GENLOCK_IOC_DREADLOCK failed (lockType0x2,err=Connection timed out fd=24)
E/Adreno200-EGLSUB( 1522): updater_thread() genlock_lock_buffer GENLOCK_READ_LOCK failed
E/libgenlock( 1647): perform_lock_unlock_operation: GENLOCK_IOC_DREADLOCK failed (lockType0x2,err=Connection timed out fd=16)
E/Adreno200-EGLSUB( 1647): updater_thread() genlock_lock_buffer GENLOCK_READ_LOCK failed
E/libgenlock( 1522): perform_lock_unlock_operation: GENLOCK_IOC_DREADLOCK failed (lockType0x2,err=Connection timed out fd=24)
E/libgenlock( 1522): perform_lock_unlock_operation: GENLOCK_IOC_DREADLOCK failed (lockType0x0,err=Invalid argument fd=21)
W/Adreno200-EGLSUB( 1522): updater_thread() genlock_unlock_buffer already unlocked
E/libgenlock( 1522): perform_lock_unlock_operation: GENLOCK_IOC_DREADLOCK failed (lockType0x0,err=Invalid argument fd=36)
E/Adreno200-EGLSUB( 1522): UnlockImage() genlock_unlock_buffer failed
D/dalvikvm( 1944): Note: class Landroid/app/ActivityManagerNative; has 180 unimplemented (abstract) methods
E/libgenlock( 1522): perform_lock_unlock_operation: GENLOCK_IOC_DREADLOCK failed (lockType0x2,err=Connection timed out fd=30)
E/Adreno200-EGLSUB( 1522): LockImage() genlock_lock_buffer GENLOCK_READ_LOCK failed
E/Adreno200-ES20( 1522): <qgl2DrvAPI_glEGLImageTargetTexture2DOES:2612>: GL_INVALID_OPERATION
E/GLConsumer( 1522): [BootAnimation] bindTextureImage: error binding external texture image 0x1: 0x502
E/libgenlock( 1522): perform_lock_unlock_operation: GENLOCK_IOC_DREADLOCK failed (lockType0x2,err=Connection timed out fd=18)
E/Adreno200-EGLSUB( 1522): updater_thread() genlock_lock_buffer GENLOCK_READ_LOCK failed
E/libgenlock( 1647): perform_lock_unlock_operation: GENLOCK_IOC_DREADLOCK failed (lockType0x2,err=Connection timed out fd=23)
E/Adreno200-EGLSUB( 1647): updater_thread() genlock_lock_buffer GENLOCK_READ_LOCK failed
E/libgenlock( 1522): perform_lock_unlock_operation: GENLOCK_IOC_DREADLOCK failed (lockType0x2,err=Connection timed out fd=18)
E/libgenlock( 1522): perform_lock_unlock_operation: GENLOCK_IOC_DREADLOCK failed (lockType0x0,err=Invalid argument fd=24)
W/Adreno200-EGLSUB( 1522): updater_thread() genlock_unlock_buffer already unlocked
E/libgenlock( 1522): perform_lock_unlock_operation: GENLOCK_IOC_DREADLOCK failed (lockType0x0,err=Invalid argument fd=30)
E/Adreno200-EGLSUB( 1522): UnlockImage() genlock_unlock_buffer failed
E/libgenlock( 1522): perform_lock_unlock_operation: GENLOCK_IOC_DREADLOCK failed (lockType0x2,err=Connection timed out fd=33)
E/Adreno200-EGLSUB( 1522): LockImage() genlock_lock_buffer GENLOCK_READ_LOCK failed
E/Adreno200-ES20( 1522): <qgl2DrvAPI_glEGLImageTargetTexture2DOES:2612>: GL_INVALID_OPERATION
E/GLConsumer( 1522): [BootAnimation] bindTextureImage: error binding external texture image 0x2: 0x502
E/libgenlock( 1522): perform_lock_unlock_operation: GENLOCK_IOC_DREADLOCK failed (lockType0x2,err=Connection timed out fd=21)
E/Adreno200-EGLSUB( 1522): updater_thread() genlock_lock_buffer GENLOCK_READ_LOCK failed
I/auditd  ( 1946): Starting up
E/audit_log( 1946): Could not stat audit logfile /data/misc/audit/audit.log: Permission denied
E/auditd  ( 1946): Failed on audit_log_open
I/auditd  ( 1946): Exiting
E/libaudit( 1946): Could net set pid for audit events, error: Protocol error
E/libgenlock( 1647): perform_lock_unlock_operation: GENLOCK_IOC_DREADLOCK failed (lockType0x2,err=Connection timed out fd=12)
E/Adreno200-EGLSUB( 1647): updater_thread() genlock_lock_buffer GENLOCK_READ_LOCK failed
E/libgenlock( 1522): perform_lock_unlock_operation: GENLOCK_IOC_DREADLOCK failed (lockType0x2,err=Connection timed out fd=21)
E/libgenlock( 1522): perform_lock_unlock_operation: GENLOCK_IOC_DREADLOCK failed (lockType0x0,err=Invalid argument fd=18)
W/Adreno200-EGLSUB( 1522): updater_thread() genlock_unlock_buffer already unlocked
E/libgenlock( 1522): perform_lock_unlock_operation: GENLOCK_IOC_DREADLOCK failed (lockType0x0,err=Invalid argument fd=33)
E/Adreno200-EGLSUB( 1522): UnlockImage() genlock_unlock_buffer failed
E/libgenlock( 1522): perform_lock_unlock_operation: GENLOCK_IOC_DREADLOCK failed (lockType0x2,err=Connection timed out fd=36)
E/Adreno200-EGLSUB( 1522): LockImage() genlock_lock_buffer GENLOCK_READ_LOCK failed
E/Adreno200-ES20( 1522): <qgl2DrvAPI_glEGLImageTargetTexture2DOES:2612>: GL_INVALID_OPERATION
E/GLConsumer( 1522): [BootAnimation] bindTextureImage: error binding external texture image 0x3: 0x502
E/libgenlock( 1522): perform_lock_unlock_operation: GENLOCK_IOC_DREADLOCK failed (lockType0x2,err=Connection timed out fd=24)
E/Adreno200-EGLSUB( 1522): updater_thread() genlock_lock_buffer GENLOCK_READ_LOCK failed
E/libgenlock( 1647): perform_lock_unlock_operation: GENLOCK_IOC_DREADLOCK failed (lockType0x2,err=Connection timed out fd=16)
E/Adreno200-EGLSUB( 1647): updater_thread() genlock_lock_buffer GENLOCK_READ_LOCK failed
E/libgenlock( 1522): perform_lock_unlock_operation: GENLOCK_IOC_DREADLOCK failed (lockType0x2,err=Connection timed out fd=24)
E/libgenlock( 1522): perform_lock_unlock_operation: GENLOCK_IOC_DREADLOCK failed (lockType0x0,err=Invalid argument fd=21)
W/Adreno200-EGLSUB( 1522): updater_thread() genlock_unlock_buffer already unlocked
E/libgenlock( 1522): perform_lock_unlock_operation: GENLOCK_IOC_DREADLOCK failed (lockType0x0,err=Invalid argument fd=36)
E/Adreno200-EGLSUB( 1522): UnlockImage() genlock_unlock_buffer failed
E/libgenlock( 1522): perform_lock_unlock_operation: GENLOCK_IOC_DREADLOCK failed (lockType0x2,err=Connection timed out fd=30)
E/Adreno200-EGLSUB( 1522): LockImage() genlock_lock_buffer GENLOCK_READ_LOCK failed
E/Adreno200-ES20( 1522): <qgl2DrvAPI_glEGLImageTargetTexture2DOES:2612>: GL_INVALID_OPERATION
E/GLConsumer( 1522): [BootAnimation] bindTextureImage: error binding external texture image 0x1: 0x502
E/libgenlock( 1522): perform_lock_unlock_operation: GENLOCK_IOC_DREADLOCK failed (lockType0x2,err=Connection timed out fd=18)
E/Adreno200-EGLSUB( 1522): updater_thread() genlock_lock_buffer GENLOCK_READ_LOCK failed
E/libgenlock( 1647): perform_lock_unlock_operation: GENLOCK_IOC_DREADLOCK failed (lockType0x2,err=Connection timed out fd=23)
E/Adreno200-EGLSUB( 1647): updater_thread() genlock_lock_buffer GENLOCK_READ_LOCK failed
E/libgenlock( 1522): perform_lock_unlock_operation: GENLOCK_IOC_DREADLOCK failed (lockType0x2,err=Connection timed out fd=18)
I/auditd  ( 1950): Starting up
E/libgenlock( 1522): perform_lock_unlock_operation: GENLOCK_IOC_DREADLOCK failed (lockType0x0,err=Invalid argument fd=24)
W/Adreno200-EGLSUB( 1522): updater_thread() genlock_unlock_buffer already unlocked
E/libgenlock( 1522): perform_lock_unlock_operation: GENLOCK_IOC_DREADLOCK failed (lockType0x0,err=Invalid argument fd=30)
E/Adreno200-EGLSUB( 1522): UnlockImage() genlock_unlock_buffer failed
E/audit_log( 1950): Could not stat audit logfile /data/misc/audit/audit.log: Permission denied
E/auditd  ( 1950): Failed on audit_log_open
I/auditd  ( 1950): Exiting
E/libaudit( 1950): Could net set pid for audit events, error: Protocol error
D/dalvikvm( 1944): DexOpt: load 1013ms, verify+opt 7337ms, 5178572 bytes
E/libgenlock( 1522): perform_lock_unlock_operation: GENLOCK_IOC_DREADLOCK failed (lockType0x2,err=Connection timed out fd=33)
E/Adreno200-EGLSUB( 1522): LockImage() genlock_lock_buffer GENLOCK_READ_LOCK failed
E/Adreno200-ES20( 1522): <qgl2DrvAPI_glEGLImageTargetTexture2DOES:2612>: GL_INVALID_OPERATION
E/GLConsumer( 1522): [BootAnimation] bindTextureImage: error binding external texture image 0x2: 0x502
E/libgenlock( 1522): perform_lock_unlock_operation: GENLOCK_IOC_DREADLOCK failed (lockType0x2,err=Connection timed out fd=21)
E/Adreno200-EGLSUB( 1522): updater_thread() genlock_lock_buffer GENLOCK_READ_LOCK failed
D/dalvikvm( 1523): DexOpt: --- END 'framework.jar' (success) ---
D/dalvikvm( 1523): DEX prep '/system/framework/framework.jar': unzip in 2467ms, rewrite 10726ms
D/dalvikvm( 1523): DexOpt: --- BEGIN 'framework2.jar' (bootstrap=1) ---
E/libgenlock( 1647): perform_lock_unlock_operation: GENLOCK_IOC_DREADLOCK failed (lockType0x2,err=Connection timed out fd=12)
E/Adreno200-EGLSUB( 1647): updater_thread() genlock_lock_buffer GENLOCK_READ_LOCK failed
E/libgenlock( 1522): perform_lock_unlock_operation: GENLOCK_IOC_DREADLOCK failed (lockType0x2,err=Connection timed out fd=21)
E/libgenlock( 1522): perform_lock_unlock_operation: GENLOCK_IOC_DREADLOCK failed (lockType0x0,err=Invalid argument fd=18)
W/Adreno200-EGLSUB( 1522): updater_thread() genlock_unlock_buffer already unlocked
E/libgenlock( 1522): perform_lock_unlock_operation: GENLOCK_IOC_DREADLOCK failed (lockType0x0,err=Invalid argument fd=33)
E/Adreno200-EGLSUB( 1522): UnlockImage() genlock_unlock_buffer failed
D/dalvikvm( 1954): Note: class Landroid/app/ActivityManagerNative; has 180 unimplemented (abstract) methods
E/libgenlock( 1522): perform_lock_unlock_operation: GENLOCK_IOC_DREADLOCK failed (lockType0x2,err=Connection timed out fd=36)
E/Adreno200-EGLSUB( 1522): LockImage() genlock_lock_buffer GENLOCK_READ_LOCK failed
E/Adreno200-ES20( 1522): <qgl2DrvAPI_glEGLImageTargetTexture2DOES:2612>: GL_INVALID_OPERATION
E/GLConsumer( 1522): [BootAnimation] bindTextureImage: error binding external texture image 0x3: 0x502
E/libgenlock( 1522): perform_lock_unlock_operation: GENLOCK_IOC_DREADLOCK failed (lockType0x2,err=Connection timed out fd=24)
E/Adreno200-EGLSUB( 1522): updater_thread() genlock_lock_buffer GENLOCK_READ_LOCK failed
D/dalvikvm( 1954): DexOpt: load 346ms, verify+opt 1525ms, 1917564 bytes
E/libgenlock( 1647): perform_lock_unlock_operation: GENLOCK_IOC_DREADLOCK failed (lockType0x2,err=Connection timed out fd=16)
E/Adreno200-EGLSUB( 1647): updater_thread() genlock_lock_buffer GENLOCK_READ_LOCK failed
D/dalvikvm( 1523): DexOpt: --- END 'framework2.jar' (success) ---
D/dalvikvm( 1523): DEX prep '/system/framework/framework2.jar': unzip in 349ms, rewrite 2347ms
E/libgenlock( 1522): perform_lock_unlock_operation: GENLOCK_IOC_DREADLOCK failed (lockType0x2,err=Connection timed out fd=24)
E/libgenlock( 1522): perform_lock_unlock_operation: GENLOCK_IOC_DREADLOCK failed (lockType0x0,err=Invalid argument fd=21)
W/Adreno200-EGLSUB( 1522): updater_thread() genlock_unlock_buffer already unlocked
E/libgenlock( 1522): perform_lock_unlock_operation: GENLOCK_IOC_DREADLOCK failed (lockType0x0,err=Invalid argument fd=36)
E/Adreno200-EGLSUB( 1522): UnlockImage() genlock_unlock_buffer failed
D/dalvikvm( 1523): DexOpt: --- BEGIN 'telephony-common.jar' (bootstrap=1) ---
E/libgenlock( 1522): perform_lock_unlock_operation: GENLOCK_IOC_DREADLOCK failed (lockType0x2,err=Connection timed out fd=30)
E/Adreno200-EGLSUB( 1522): LockImage() genlock_lock_buffer GENLOCK_READ_LOCK failed
E/Adreno200-ES20( 1522): <qgl2DrvAPI_glEGLImageTargetTexture2DOES:2612>: GL_INVALID_OPERATION
E/GLConsumer( 1522): [BootAnimation] bindTextureImage: error binding external texture image 0x1: 0x502
E/libgenlock( 1522): perform_lock_unlock_operation: GENLOCK_IOC_DREADLOCK failed (lockType0x2,err=Connection timed out fd=18)
E/Adreno200-EGLSUB( 1522): updater_thread() genlock_lock_buffer GENLOCK_READ_LOCK failed
I/auditd  ( 1957): Starting up
E/audit_log( 1957): Could not stat audit logfile /data/misc/audit/audit.log: Permission denied
E/auditd  ( 1957): Failed on audit_log_open
I/auditd  ( 1957): Exiting
E/libaudit( 1957): Could net set pid for audit events, error: Protocol error
D/dalvikvm( 1956): Note: class Landroid/app/ActivityManagerNative; has 180 unimplemented (abstract) methods
E/libgenlock( 1647): perform_lock_unlock_operation: GENLOCK_IOC_DREADLOCK failed (lockType0x2,err=Connection timed out fd=23)
E/Adreno200-EGLSUB( 1647): updater_thread() genlock_lock_buffer GENLOCK_READ_LOCK failed
E/libgenlock( 1522): perform_lock_unlock_operation: GENLOCK_IOC_DREADLOCK failed (lockType0x2,err=Connection timed out fd=18)
E/libgenlock( 1522): perform_lock_unlock_operation: GENLOCK_IOC_DREADLOCK failed (lockType0x0,err=Invalid argument fd=24)
W/Adreno200-EGLSUB( 1522): updater_thread() genlock_unlock_buffer already unlocked
E/libgenlock( 1522): perform_lock_unlock_operation: GENLOCK_IOC_DREADLOCK failed (lockType0x0,err=Invalid argument fd=30)
E/Adreno200-EGLSUB( 1522): UnlockImage() genlock_unlock_buffer failed
D/dalvikvm( 1956): DexOpt: load 239ms, verify+opt 1996ms, 1206948 bytes
D/dalvikvm( 1523): DexOpt: --- END 'telephony-common.jar' (success) ---
D/dalvikvm( 1523): DEX prep '/system/framework/telephony-common.jar': unzip in 349ms, rewrite 2607ms
D/dalvikvm( 1523): DexOpt: --- BEGIN 'voip-common.jar' (bootstrap=1) ---
E/libgenlock( 1522): perform_lock_unlock_operation: GENLOCK_IOC_DREADLOCK failed (lockType0x2,err=Connection timed out fd=33)
E/Adreno200-EGLSUB( 1522): LockImage() genlock_lock_buffer GENLOCK_READ_LOCK failed
E/Adreno200-ES20( 1522): <qgl2DrvAPI_glEGLImageTargetTexture2DOES:2612>: GL_INVALID_OPERATION
E/GLConsumer( 1522): [BootAnimation] bindTextureImage: error binding external texture image 0x2: 0x502
E/libgenlock( 1522): perform_lock_unlock_operation: GENLOCK_IOC_DREADLOCK failed (lockType0x2,err=Connection timed out fd=21)
E/Adreno200-EGLSUB( 1522): updater_thread() genlock_lock_buffer GENLOCK_READ_LOCK failed
D/dalvikvm( 1960): DexOpt: load 20ms, verify+opt 176ms, 350364 bytes
D/dalvikvm( 1523): DexOpt: --- END 'voip-common.jar' (success) ---
D/dalvikvm( 1523): DEX prep '/system/framework/voip-common.jar': unzip in 30ms, rewrite 302ms
D/dalvikvm( 1523): DexOpt: --- BEGIN 'mms-common.jar' (bootstrap=1) ---
D/dalvikvm( 1961): DexOpt: load 13ms, verify+opt 182ms, 224380 bytes
D/dalvikvm( 1523): DexOpt: --- END 'mms-common.jar' (success) ---
D/dalvikvm( 1523): DEX prep '/system/framework/mms-common.jar': unzip in 23ms, rewrite 287ms
D/dalvikvm( 1523): DexOpt: --- BEGIN 'android.policy.jar' (bootstrap=1) ---
D/dalvikvm( 1962): Note: class Landroid/app/ActivityManagerNative; has 180 unimplemented (abstract) methods
E/libgenlock( 1647): perform_lock_unlock_operation: GENLOCK_IOC_DREADLOCK failed (lockType0x2,err=Connection timed out fd=12)
E/Adreno200-EGLSUB( 1647): updater_thread() genlock_lock_buffer GENLOCK_READ_LOCK failed
E/libgenlock( 1522): perform_lock_unlock_operation: GENLOCK_IOC_DREADLOCK failed (lockType0x2,err=Connection timed out fd=21)
E/libgenlock( 1522): perform_lock_unlock_operation: GENLOCK_IOC_DREADLOCK failed (lockType0x0,err=Invalid argument fd=18)
W/Adreno200-EGLSUB( 1522): updater_thread() genlock_unlock_buffer already unlocked
E/libgenlock( 1522): perform_lock_unlock_operation: GENLOCK_IOC_DREADLOCK failed (lockType0x0,err=Invalid argument fd=33)
E/Adreno200-EGLSUB( 1522): UnlockImage() genlock_unlock_buffer failed
D/dalvikvm( 1962): DexOpt: load 78ms, verify+opt 528ms, 899004 bytes
D/dalvikvm( 1523): DexOpt: --- END 'android.policy.jar' (success) ---
D/dalvikvm( 1523): DEX prep '/system/framework/android.policy.jar': unzip in 56ms, rewrite 738ms
E/libgenlock( 1522): perform_lock_unlock_operation: GENLOCK_IOC_DREADLOCK failed (lockType0x2,err=Connection timed out fd=36)
E/Adreno200-EGLSUB( 1522): LockImage() genlock_lock_buffer GENLOCK_READ_LOCK failed
E/Adreno200-ES20( 1522): <qgl2DrvAPI_glEGLImageTargetTexture2DOES:2612>: GL_INVALID_OPERATION
E/GLConsumer( 1522): [BootAnimation] bindTextureImage: error binding external texture image 0x3: 0x502
E/libgenlock( 1522): perform_lock_unlock_operation: GENLOCK_IOC_DREADLOCK failed (lockType0x2,err=Connection timed out fd=24)
E/Adreno200-EGLSUB( 1522): updater_thread() genlock_lock_buffer GENLOCK_READ_LOCK failed
D/dalvikvm( 1523): DexOpt: --- BEGIN 'services.jar' (bootstrap=1) ---
D/dalvikvm( 1963): Note: class Landroid/app/ActivityManagerNative; has 180 unimplemented (abstract) methods
E/libgenlock( 1647): perform_lock_unlock_operation: GENLOCK_IOC_DREADLOCK failed (lockType0x2,err=Connection timed out fd=16)
E/Adreno200-EGLSUB( 1647): updater_thread() genlock_lock_buffer GENLOCK_READ_LOCK failed
E/libgenlock( 1522): perform_lock_unlock_operation: GENLOCK_IOC_DREADLOCK failed (lockType0x2,err=Connection timed out fd=24)
E/libgenlock( 1522): perform_lock_unlock_operation: GENLOCK_IOC_DREADLOCK failed (lockType0x0,err=Invalid argument fd=21)
W/Adreno200-EGLSUB( 1522): updater_thread() genlock_unlock_buffer already unlocked
E/libgenlock( 1522): perform_lock_unlock_operation: GENLOCK_IOC_DREADLOCK failed (lockType0x0,err=Invalid argument fd=36)
E/Adreno200-EGLSUB( 1522): UnlockImage() genlock_unlock_buffer failed
I/auditd  ( 1965): Starting up
E/audit_log( 1965): Could not stat audit logfile /data/misc/audit/audit.log: Permission denied
E/auditd  ( 1965): Failed on audit_log_open
I/auditd  ( 1965): Exiting
E/libaudit( 1965): Could net set pid for audit events, error: Protocol error
E/libgenlock( 1522): perform_lock_unlock_operation: GENLOCK_IOC_DREADLOCK failed (lockType0x2,err=Connection timed out fd=30)
E/Adreno200-EGLSUB( 1522): LockImage() genlock_lock_buffer GENLOCK_READ_LOCK failed
E/Adreno200-ES20( 1522): <qgl2DrvAPI_glEGLImageTargetTexture2DOES:2612>: GL_INVALID_OPERATION
E/GLConsumer( 1522): [BootAnimation] bindTextureImage: error binding external texture image 0x1: 0x502
E/libgenlock( 1522): perform_lock_unlock_operation: GENLOCK_IOC_DREADLOCK failed (lockType0x2,err=Connection timed out fd=18)
E/Adreno200-EGLSUB( 1522): updater_thread() genlock_lock_buffer GENLOCK_READ_LOCK failed
E/libgenlock( 1647): perform_lock_unlock_operation: GENLOCK_IOC_DREADLOCK failed (lockType0x2,err=Connection timed out fd=23)
E/Adreno200-EGLSUB( 1647): updater_thread() genlock_lock_buffer GENLOCK_READ_LOCK failed
E/libgenlock( 1522): perform_lock_unlock_operation: GENLOCK_IOC_DREADLOCK failed (lockType0x2,err=Connection timed out fd=18)
E/libgenlock( 1522): perform_lock_unlock_operation: GENLOCK_IOC_DREADLOCK failed (lockType0x0,err=Invalid argument fd=24)
W/Adreno200-EGLSUB( 1522): updater_thread() genlock_unlock_buffer already unlocked
E/libgenlock( 1522): perform_lock_unlock_operation: GENLOCK_IOC_DREADLOCK failed (lockType0x0,err=Invalid argument fd=30)
E/Adreno200-EGLSUB( 1522): UnlockImage() genlock_unlock_buffer failed
E/libgenlock( 1522): perform_lock_unlock_operation: GENLOCK_IOC_DREADLOCK failed (lockType0x2,err=Connection timed out fd=33)
E/Adreno200-EGLSUB( 1522): LockImage() genlock_lock_buffer GENLOCK_READ_LOCK failed
E/Adreno200-ES20( 1522): <qgl2DrvAPI_glEGLImageTargetTexture2DOES:2612>: GL_INVALID_OPERATION
E/GLConsumer( 1522): [BootAnimation] bindTextureImage: error binding external texture image 0x2: 0x502
E/libgenlock( 1522): perform_lock_unlock_operation: GENLOCK_IOC_DREADLOCK failed (lockType0x2,err=Connection timed out fd=21)
E/Adreno200-EGLSUB( 1522): updater_thread() genlock_lock_buffer GENLOCK_READ_LOCK failed
E/libgenlock( 1647): perform_lock_unlock_operation: GENLOCK_IOC_DREADLOCK failed (lockType0x2,err=Connection timed out fd=12)
E/Adreno200-EGLSUB( 1647): updater_thread() genlock_lock_buffer GENLOCK_READ_LOCK failed
E/libgenlock( 1522): perform_lock_unlock_operation: GENLOCK_IOC_DREADLOCK failed (lockType0x2,err=Connection timed out fd=21)
E/libgenlock( 1522): perform_lock_unlock_operation: GENLOCK_IOC_DREADLOCK failed (lockType0x0,err=Invalid argument fd=18)
W/Adreno200-EGLSUB( 1522): updater_thread() genlock_unlock_buffer already unlocked
E/libgenlock( 1522): perform_lock_unlock_operation: GENLOCK_IOC_DREADLOCK failed (lockType0x0,err=Invalid argument fd=33)
E/Adreno200-EGLSUB( 1522): UnlockImage() genlock_unlock_buffer failed
E/libgenlock( 1522): perform_lock_unlock_operation: GENLOCK_IOC_DREADLOCK failed (lockType0x2,err=Connection timed out fd=36)
E/Adreno200-EGLSUB( 1522): LockImage() genlock_lock_buffer GENLOCK_READ_LOCK failed
E/Adreno200-ES20( 1522): <qgl2DrvAPI_glEGLImageTargetTexture2DOES:2612>: GL_INVALID_OPERATION
E/GLConsumer( 1522): [BootAnimation] bindTextureImage: error binding external texture image 0x3: 0x502
E/libgenlock( 1522): perform_lock_unlock_operation: GENLOCK_IOC_DREADLOCK failed (lockType0x2,err=Connection timed out fd=24)
E/Adreno200-EGLSUB( 1522): updater_thread() genlock_lock_buffer GENLOCK_READ_LOCK failed
I/auditd  ( 1968): Starting up
E/audit_log( 1968): Could not stat audit logfile /data/misc/audit/audit.log: Permission denied
E/auditd  ( 1968): Failed on audit_log_open
I/auditd  ( 1968): Exiting
E/libaudit( 1968): Could net set pid for audit events, error: Protocol error
D/dalvikvm( 1963): DexOpt: load 264ms, verify+opt 5352ms, 2720164 bytes
D/dalvikvm( 1523): DexOpt: --- END 'services.jar' (success) ---
D/dalvikvm( 1523): DEX prep '/system/framework/services.jar': unzip in 801ms, rewrite 6361ms
D/dalvikvm( 1523): DexOpt: --- BEGIN 'apache-xml.jar' (bootstrap=1) ---
E/libgenlock( 1647): perform_lock_unlock_operation: GENLOCK_IOC_DREADLOCK failed (lockType0x2,err=Connection timed out fd=16)
E/Adreno200-EGLSUB( 1647): updater_thread() genlock_lock_buffer GENLOCK_READ_LOCK failed
E/libgenlock( 1522): perform_lock_unlock_operation: GENLOCK_IOC_DREADLOCK failed (lockType0x2,err=Connection timed out fd=24)
E/libgenlock( 1522): perform_lock_unlock_operation: GENLOCK_IOC_DREADLOCK failed (lockType0x0,err=Invalid argument fd=21)
W/Adreno200-EGLSUB( 1522): updater_thread() genlock_unlock_buffer already unlocked
E/libgenlock( 1522): perform_lock_unlock_operation: GENLOCK_IOC_DREADLOCK failed (lockType0x0,err=Invalid argument fd=36)
E/Adreno200-EGLSUB( 1522): UnlockImage() genlock_unlock_buffer failed
E/libgenlock( 1522): perform_lock_unlock_operation: GENLOCK_IOC_DREADLOCK failed (lockType0x2,err=Connection timed out fd=30)
E/Adreno200-EGLSUB( 1522): LockImage() genlock_lock_buffer GENLOCK_READ_LOCK failed
E/Adreno200-ES20( 1522): <qgl2DrvAPI_glEGLImageTargetTexture2DOES:2612>: GL_INVALID_OPERATION
E/GLConsumer( 1522): [BootAnimation] bindTextureImage: error binding external texture image 0x1: 0x502
E/libgenlock( 1522): perform_lock_unlock_operation: GENLOCK_IOC_DREADLOCK failed (lockType0x2,err=Connection timed out fd=18)
E/Adreno200-EGLSUB( 1522): updater_thread() genlock_lock_buffer GENLOCK_READ_LOCK failed
D/dalvikvm( 1972): DexOpt: load 136ms, verify+opt 1297ms, 839500 bytes
D/dalvikvm( 1523): DexOpt: --- END 'apache-xml.jar' (success) ---
D/dalvikvm( 1523): DEX prep '/system/framework/apache-xml.jar': unzip in 288ms, rewrite 1791ms
D/dalvikvm( 1523): Unable to stat classpath element '/system/framework/webviewchromium.jar'
D/dalvikvm( 1523): DexOpt: --- BEGIN 'telephony-msim.jar' (bootstrap=1) ---
D/dalvikvm( 1973): Note: class Landroid/app/ActivityManagerNative; has 180 unimplemented (abstract) methods
D/dalvikvm( 1973): DexOpt: load 67ms, verify+opt 225ms, 586108 bytes
D/dalvikvm( 1523): DexOpt: --- END 'telephony-msim.jar' (success) ---
D/dalvikvm( 1523): DEX prep '/system/framework/telephony-msim.jar': unzip in 30ms, rewrite 399ms
E/libgenlock( 1647): perform_lock_unlock_operation: GENLOCK_IOC_DREADLOCK failed (lockType0x2,err=Connection timed out fd=23)
E/Adreno200-EGLSUB( 1647): updater_thread() genlock_lock_buffer GENLOCK_READ_LOCK failed
E/libgenlock( 1522): perform_lock_unlock_operation: GENLOCK_IOC_DREADLOCK failed (lockType0x2,err=Connection timed out fd=18)
D/dalvikvm( 1523): Trying to load lib libjavacore.so 0x0
E/libgenlock( 1522): perform_lock_unlock_operation: GENLOCK_IOC_DREADLOCK failed (lockType0x0,err=Invalid argument fd=24)
W/Adreno200-EGLSUB( 1522): updater_thread() genlock_unlock_buffer already unlocked
E/libgenlock( 1522): perform_lock_unlock_operation: GENLOCK_IOC_DREADLOCK failed (lockType0x0,err=Invalid argument fd=30)
E/Adreno200-EGLSUB( 1522): UnlockImage() genlock_unlock_buffer failed
D/dalvikvm( 1523): Added shared lib libjavacore.so 0x0
D/dalvikvm( 1523): Trying to load lib libnativehelper.so 0x0
D/dalvikvm( 1523): Added shared lib libnativehelper.so 0x0
D/dalvikvm( 1523): No JNI_OnLoad found in libnativehelper.so 0x0, skipping init
D/dalvikvm( 1523): Note: class Landroid/app/ActivityManagerNative; has 180 unimplemented (abstract) methods
E/memtrack( 1523): Couldn't load memtrack module (No such file or directory)
E/android.os.Debug( 1523): failed to load memtrack module: -2
I/SamplingProfilerIntegration( 1523): Profiling disabled.
I/Zygote  ( 1523): Preloading classes...
E/cutils-trace( 1523): Error opening trace file: No such file or directory (2)
E/libgenlock( 1522): perform_lock_unlock_operation: GENLOCK_IOC_DREADLOCK failed (lockType0x2,err=Connection timed out fd=33)
E/Adreno200-EGLSUB( 1522): LockImage() genlock_lock_buffer GENLOCK_READ_LOCK failed
E/Adreno200-ES20( 1522): <qgl2DrvAPI_glEGLImageTargetTexture2DOES:2612>: GL_INVALID_OPERATION
E/GLConsumer( 1522): [BootAnimation] bindTextureImage: error binding external texture image 0x2: 0x502
E/libgenlock( 1522): perform_lock_unlock_operation: GENLOCK_IOC_DREADLOCK failed (lockType0x2,err=Connection timed out fd=21)
E/Adreno200-EGLSUB( 1522): updater_thread() genlock_lock_buffer GENLOCK_READ_LOCK failed
D/idmap   ( 1977): error: no read access to /vendor/overlay: No such file or directory
E/libgenlock( 1647): perform_lock_unlock_operation: GENLOCK_IOC_DREADLOCK failed (lockType0x2,err=Connection timed out fd=12)
E/Adreno200-EGLSUB( 1647): updater_thread() genlock_lock_buffer GENLOCK_READ_LOCK failed
E/libgenlock( 1522): perform_lock_unlock_operation: GENLOCK_IOC_DREADLOCK failed (lockType0x2,err=Connection timed out fd=21)
E/libgenlock( 1522): perform_lock_unlock_operation: GENLOCK_IOC_DREADLOCK failed (lockType0x0,err=Invalid argument fd=18)
W/Adreno200-EGLSUB( 1522): updater_thread() genlock_unlock_buffer already unlocked
E/libgenlock( 1522): perform_lock_unlock_operation: GENLOCK_IOC_DREADLOCK failed (lockType0x0,err=Invalid argument fd=33)
