W/SyncManagerFile( 1986): java.io.FileNotFoundException: /data/system/sync/pending.xml: open failed: ENOENT (No such file or directory)
W/SyncManagerFile( 1986): 	at libcore.io.IoBridge.open(IoBridge.java:409)
W/SyncManagerFile( 1986): 	at java.io.FileInputStream.<init>(FileInputStream.java:78)
W/SyncManagerFile( 1986): 	at android.util.AtomicFile.openRead(AtomicFile.java:199)
W/SyncManagerFile( 1986): 	at com.android.server.content.SyncStorageEngine.readPendingOperationsLocked(SyncStorageEngine.java:2292)
W/SyncManagerFile( 1986): 	at com.android.server.content.SyncStorageEngine.<init>(SyncStorageEngine.java:434)
W/SyncManagerFile( 1986): 	at com.android.server.content.SyncStorageEngine.init(SyncStorageEngine.java:454)
W/SyncManagerFile( 1986): 	at com.android.server.content.SyncManager.<init>(SyncManager.java:389)
W/SyncManagerFile( 1986): 	at com.android.server.content.ContentService.getSyncManager(ContentService.java:75)
W/SyncManagerFile( 1986): 	at com.android.server.content.ContentService.notifyChange(ContentService.java:283)
W/SyncManagerFile( 1986): 	at android.content.ContentResolver.notifyChange(ContentResolver.java:1621)
W/SyncManagerFile( 1986): 	at com.android.providers.settings.SettingsProvider.sendNotify(SettingsProvider.java:262)
W/SyncManagerFile( 1986): 	at com.android.providers.settings.SettingsProvider.insertForUser(SettingsProvider.java:941)
W/SyncManagerFile( 1986): 	at com.android.providers.settings.SettingsProvider.ensureAndroidIdIsSet(SettingsProvider.java:496)
W/SyncManagerFile( 1986): 	at com.android.providers.settings.SettingsProvider.establishDbTracking(SettingsProvider.java:409)
W/SyncManagerFile( 1986): 	at com.android.providers.settings.SettingsProvider.onCreate(SettingsProvider.java:335)
W/SyncManagerFile( 1986): 	at android.content.ContentProvider.attachInfo(ContentProvider.java:1591)
W/SyncManagerFile( 1986): 	at android.content.ContentProvider.attachInfo(ContentProvider.java:1562)
W/SyncManagerFile( 1986): 	at android.app.ActivityThread.installProvider(ActivityThread.java:4955)
W/SyncManagerFile( 1986): 	at android.app.ActivityThread.installContentProviders(ActivityThread.java:4550)
W/SyncManagerFile( 1986): 	at android.app.ActivityThread.installSystemProviders(ActivityThread.java:5110)
W/SyncManagerFile( 1986): 	at com.android.server.am.ActivityManagerService.installSystemProviders(ActivityManagerService.java:8211)
W/SyncManagerFile( 1986): 	at com.android.server.ServerThread.initAndLoop(SystemServer.java:342)
W/SyncManagerFile( 1986): 	at com.android.server.SystemServer.main(SystemServer.java:1406)
W/SyncManagerFile( 1986): 	at java.lang.reflect.Method.invokeNative(Native Method)
W/SyncManagerFile( 1986): 	at java.lang.reflect.Method.invoke(Method.java:515)
W/SyncManagerFile( 1986): 	at com.android.internal.os.ZygoteInit$MethodAndArgsCaller.run(ZygoteInit.java:789)
W/SyncManagerFile( 1986): 	at com.android.internal.os.ZygoteInit.main(ZygoteInit.java:605)
W/SyncManagerFile( 1986): 	at dalvik.system.NativeStart.main(Native Method)
W/SyncManagerFile( 1986): Caused by: libcore.io.ErrnoException: open failed: ENOENT (No such file or directory)
W/SyncManagerFile( 1986): 	at libcore.io.Posix.open(Native Method)
W/SyncManagerFile( 1986): 	at libcore.io.BlockGuardOs.open(BlockGuardOs.java:110)
W/SyncManagerFile( 1986): 	at libcore.io.IoBridge.open(IoBridge.java:393)
W/SyncManagerFile( 1986): 	... 27 more
I/SyncManager( 1986): No initial statistics
D/SettingsProvider( 1986): Generated and saved new ANDROID_ID [deda05f9fed2162b] for user 0
I/SystemServer( 1986): Lights Service
I/SystemServer( 1986): Vibrator Service
E/ConsumerIrService( 1986): Can't open consumer IR HW Module, error: -2
I/SystemServer( 1986): Consumer IR Service
I/libsuspend( 1986): Selected early suspend
I/libsuspend( 1986): Starting early suspend unblocker thread
E/Klzz PowerHAL( 1986): Error opening /sys/devices/system/cpu/cpufreq/ondemand/sampling_rate: No such file or directory
E/libgenlock( 1522): perform_lock_unlock_operation: GENLOCK_IOC_DREADLOCK failed (lockType0x2,err=Connection timed out fd=30)
E/Adreno200-EGLSUB( 1522): LockImage() genlock_lock_buffer GENLOCK_READ_LOCK failed
E/Adreno200-ES20( 1522): <qgl2DrvAPI_glEGLImageTargetTexture2DOES:2612>: GL_INVALID_OPERATION
E/GLConsumer( 1522): [BootAnimation] bindTextureImage: error binding external texture image 0x1: 0x502
D/SurfaceFlinger( 1522): Screen acquired, type=0 flinger=0xf450
D/SurfaceFlinger( 1522):  screen was previously acquired
I/SystemServer( 1986): Alarm Manager
E/libgenlock( 1522): perform_lock_unlock_operation: GENLOCK_IOC_DREADLOCK failed (lockType0x2,err=Connection timed out fd=18)
E/Adreno200-EGLSUB( 1522): updater_thread() genlock_lock_buffer GENLOCK_READ_LOCK failed
I/SystemServer( 1986): Init Watchdog
I/SystemServer( 1986): Input Manager
I/InputManager( 1986): Initializing input manager, mUseDevInputEventForAudioJack=false
I/SystemServer( 1986): Window Manager
D/PermissionCache( 1522): checking android.permission.ACCESS_SURFACE_FLINGER for uid=1000 => granted (545 us)
I/WindowManager( 1986): No existing display settings /data/system/display_settings.xml; starting empty
E/libgenlock( 1647): perform_lock_unlock_operation: GENLOCK_IOC_DREADLOCK failed (lockType0x2,err=Connection timed out fd=23)
E/Adreno200-EGLSUB( 1647): updater_thread() genlock_lock_buffer GENLOCK_READ_LOCK failed
E/libgenlock( 1522): perform_lock_unlock_operation: GENLOCK_IOC_DREADLOCK failed (lockType0x2,err=Connection timed out fd=18)
E/libgenlock( 1522): perform_lock_unlock_operation: GENLOCK_IOC_DREADLOCK failed (lockType0x0,err=Invalid argument fd=24)
W/Adreno200-EGLSUB( 1522): updater_thread() genlock_unlock_buffer already unlocked
E/libgenlock( 1522): perform_lock_unlock_operation: GENLOCK_IOC_DREADLOCK failed (lockType0x0,err=Invalid argument fd=30)
E/Adreno200-EGLSUB( 1522): UnlockImage() genlock_unlock_buffer failed
E/libgenlock( 1522): perform_lock_unlock_operation: GENLOCK_IOC_DREADLOCK failed (lockType0x2,err=Connection timed out fd=21)
E/Adreno200-EGLSUB( 1522): updater_thread() genlock_lock_buffer GENLOCK_READ_LOCK failed
E/libgenlock( 1522): perform_lock_unlock_operation: GENLOCK_IOC_DREADLOCK failed (lockType0x2,err=Connection timed out fd=33)
E/Adreno200-EGLSUB( 1522): LockImage() genlock_lock_buffer GENLOCK_READ_LOCK failed
E/Adreno200-ES20( 1522): <qgl2DrvAPI_glEGLImageTargetTexture2DOES:2612>: GL_INVALID_OPERATION
E/GLConsumer( 1522): [BootAnimation] bindTextureImage: error binding external texture image 0x2: 0x502
I/AKMD2   ( 1529): akmd2 : Compass Opened.
I/WindowManager( 1986): No keyguard interface!
E/libgenlock( 1522): perform_lock_unlock_operation: GENLOCK_IOC_DREADLOCK failed (lockType0x2,err=Connection timed out fd=21)
E/libgenlock( 1522): perform_lock_unlock_operation: GENLOCK_IOC_DREADLOCK failed (lockType0x0,err=Invalid argument fd=18)
W/Adreno200-EGLSUB( 1522): updater_thread() genlock_unlock_buffer already unlocked
E/libgenlock( 1522): perform_lock_unlock_operation: GENLOCK_IOC_DREADLOCK failed (lockType0x0,err=Invalid argument fd=33)
E/Adreno200-EGLSUB( 1522): UnlockImage() genlock_unlock_buffer failed
E/libgenlock( 1647): perform_lock_unlock_operation: GENLOCK_IOC_DREADLOCK failed (lockType0x2,err=Connection timed out fd=12)
E/Adreno200-EGLSUB( 1647): updater_thread() genlock_lock_buffer GENLOCK_READ_LOCK failed
I/InputManager( 1986): Starting input manager
D/BluetoothManagerService( 1986): Loading stored name and address
D/BluetoothManagerService( 1986): Stored bluetooth Name=null,Address=null
I/SystemServer( 1986): Bluetooth Manager Service
I/SystemServer( 1986): Input Method Service
D/EventHub( 1986): No input device configuration file found for device 'compass'.
D/EventHub( 1986): No input device configuration file found for device 'shakira_keypad'.
W/EventHub( 1986): Unable to disable kernel key repeat for /dev/input/event3: Function not implemented
I/EventHub( 1986): New device: id=2, fd=100, path='/dev/input/event3', name='shakira_keypad', classes=0x1, configuration='', keyLayout='/system/usr/keylayout/shakira_keypad.kl', keyCharacterMap='/system/usr/keychars/Generic.kcm', builtinKeyboard=false, usingSuspendBlockIoctl=false, usingClockIoctl=false
W/EventHub( 1986): Unable to disable kernel key repeat for /dev/input/event2: Function not implemented
I/EventHub( 1986): New device: id=3, fd=102, path='/dev/input/event2', name='synaptics-rmi-touchscreen', classes=0x155, configuration='/system/usr/idc/synaptics-rmi-touchscreen.idc', keyLayout='/system/usr/keylayout/Generic.kl', keyCharacterMap='/system/usr/keychars/Generic.kcm', builtinKeyboard=false, usingSuspendBlockIoctl=false, usingClockIoctl=false
D/EventHub( 1986): No input device configuration file found for device 'lightsensor'.
D/EventHub( 1986): No input device configuration file found for device 'proximity'.
I/InputReader( 1986): Device added: id=-1, name='Virtual', sources=0x00000301
W/InputReader( 1986): Invalid value for touch.size.calibration: 'normalized'
I/InputReader( 1986):   Touch device 'synaptics-rmi-touchscreen' could not query the properties of its associated display.  The device will be inoperable until the display size becomes available.
I/InputReader( 1986): Device added: id=3, name='synaptics-rmi-touchscreen', sources=0x01001513
I/InputReader( 1986): Device added: id=2, name='shakira_keypad', sources=0x00000101
I/InputMethodUtils( 1986): Adding: com.android.inputmethod.latin/.LatinIME
W/InputMethodManagerService( 1986): No IME selected. Choose the most applicable IME.
F/SystemServer( 1986): BOOT FAILURE starting Input Manager Service
F/SystemServer( 1986): java.lang.NullPointerException
F/SystemServer( 1986): 	at com.android.server.InputMethodManagerService.resetDefaultImeLocked(InputMethodManagerService.java:747)
F/SystemServer( 1986): 	at com.android.server.InputMethodManagerService.<init>(InputMethodManagerService.java:706)
F/SystemServer( 1986): 	at com.android.server.ServerThread.initAndLoop(SystemServer.java:442)
F/SystemServer( 1986): 	at com.android.server.SystemServer.main(SystemServer.java:1406)
F/SystemServer( 1986): 	at java.lang.reflect.Method.invokeNative(Native Method)
F/SystemServer( 1986): 	at java.lang.reflect.Method.invoke(Method.java:515)
F/SystemServer( 1986): 	at com.android.internal.os.ZygoteInit$MethodAndArgsCaller.run(ZygoteInit.java:789)
F/SystemServer( 1986): 	at com.android.internal.os.ZygoteInit.main(ZygoteInit.java:605)
F/SystemServer( 1986): 	at dalvik.system.NativeStart.main(Native Method)
W/SystemServer( 1986): ***********************************************
I/SystemServer( 1986): Accessibility Manager
I/auditd  ( 2161): Starting up
I/ActivityManager( 1986): Config changes=1df8 {1.0 ?mcc?mnc en_US ldltr sw320dp w320dp h480dp 160dpi nrml port ?uimode ?night -touch -keyb/h/h -nav/h s.2 themeResource=null}
I/InputReader( 1986): Reconfiguring input devices.  changes=0x00000004
I/InputReader( 1986): Device reconfigured: id=3, name='synaptics-rmi-touchscreen', size 320x480, orientation 0, mode 1, display id 0
I/InputReader( 1986): Reconfiguring input devices.  changes=0x00000004
E/audit_log( 2161): Could not stat audit logfile /data/misc/audit/audit.log: Permission denied
E/auditd  ( 2161): Failed on audit_log_open
I/auditd  ( 2161): Exiting
E/libaudit( 2161): Could net set pid for audit events, error: Protocol error
E/libgenlock( 1522): perform_lock_unlock_operation: GENLOCK_IOC_DREADLOCK failed (lockType0x2,err=Connection timed out fd=36)
E/Adreno200-EGLSUB( 1522): LockImage() genlock_lock_buffer GENLOCK_READ_LOCK failed
E/Adreno200-ES20( 1522): <qgl2DrvAPI_glEGLImageTargetTexture2DOES:2612>: GL_INVALID_OPERATION
E/GLConsumer( 1522): [BootAnimation] bindTextureImage: error binding external texture image 0x3: 0x502
E/libgenlock( 1522): perform_lock_unlock_operation: GENLOCK_IOC_DREADLOCK failed (lockType0x2,err=Connection timed out fd=24)
E/Adreno200-EGLSUB( 1522): updater_thread() genlock_lock_buffer GENLOCK_READ_LOCK failed
E/libgenlock( 1522): perform_lock_unlock_operation: GENLOCK_IOC_DREADLOCK failed (lockType0x2,err=Connection timed out fd=24)
E/libgenlock( 1647): perform_lock_unlock_operation: GENLOCK_IOC_DREADLOCK failed (lockType0x2,err=Connection timed out fd=16)
E/Adreno200-EGLSUB( 1647): updater_thread() genlock_lock_buffer GENLOCK_READ_LOCK failed
E/libgenlock( 1522): perform_lock_unlock_operation: GENLOCK_IOC_DREADLOCK failed (lockType0x0,err=Invalid argument fd=21)
W/Adreno200-EGLSUB( 1522): updater_thread() genlock_unlock_buffer already unlocked
E/libgenlock( 1522): perform_lock_unlock_operation: GENLOCK_IOC_DREADLOCK failed (lockType0x0,err=Invalid argument fd=36)
E/Adreno200-EGLSUB( 1522): UnlockImage() genlock_unlock_buffer failed
I/ActivityManager( 1986): Config changes=408 {1.0 ?mcc?mnc en_US ldltr sw320dp w320dp h455dp 160dpi nrml port ?uimode ?night finger -keyb/h/h -nav/h s.3 themeResource=null}
I/PackageManager( 1986): Running dexopt on: com.android.wallpaper
I/PackageManager( 1986): Running dexopt on: com.android.phone
D/dalvikvm( 2169): Unable to stat classpath element '/system/framework/webviewchromium.jar'
D/dalvikvm( 2170): Unable to stat classpath element '/system/framework/webviewchromium.jar'
D/dalvikvm( 2169): DexOpt: load 86ms, verify+opt 186ms, 418476 bytes
I/PackageManager( 1986): Running dexopt on: com.android.keyguard
D/dalvikvm( 2172): Unable to stat classpath element '/system/framework/webviewchromium.jar'
E/libgenlock( 1522): perform_lock_unlock_operation: GENLOCK_IOC_DREADLOCK failed (lockType0x2,err=Connection timed out fd=30)
E/Adreno200-EGLSUB( 1522): LockImage() genlock_lock_buffer GENLOCK_READ_LOCK failed
E/Adreno200-ES20( 1522): <qgl2DrvAPI_glEGLImageTargetTexture2DOES:2612>: GL_INVALID_OPERATION
E/GLConsumer( 1522): [BootAnimation] bindTextureImage: error binding external texture image 0x1: 0x502
E/libgenlock( 1522): perform_lock_unlock_operation: GENLOCK_IOC_DREADLOCK failed (lockType0x2,err=Connection timed out fd=18)
E/Adreno200-EGLSUB( 1522): updater_thread() genlock_lock_buffer GENLOCK_READ_LOCK failed
D/dalvikvm( 2172): Note: class Landroid/app/ActivityManagerNative; has 180 unimplemented (abstract) methods
E/libgenlock( 1647): perform_lock_unlock_operation: GENLOCK_IOC_DREADLOCK failed (lockType0x2,err=Connection timed out fd=23)
E/Adreno200-EGLSUB( 1647): updater_thread() genlock_lock_buffer GENLOCK_READ_LOCK failed
E/libgenlock( 1522): perform_lock_unlock_operation: GENLOCK_IOC_DREADLOCK failed (lockType0x2,err=Connection timed out fd=18)
E/libgenlock( 1522): perform_lock_unlock_operation: GENLOCK_IOC_DREADLOCK failed (lockType0x0,err=Invalid argument fd=24)
W/Adreno200-EGLSUB( 1522): updater_thread() genlock_unlock_buffer already unlocked
E/libgenlock( 1522): perform_lock_unlock_operation: GENLOCK_IOC_DREADLOCK failed (lockType0x0,err=Invalid argument fd=30)
E/Adreno200-EGLSUB( 1522): UnlockImage() genlock_unlock_buffer failed
D/dalvikvm( 2172): DexOpt: load 489ms, verify+opt 1142ms, 1080604 bytes
I/PackageManager( 1986): Running dexopt on: com.android.defcontainer
D/dalvikvm( 2170): Note: class Landroid/app/ActivityManagerNative; has 180 unimplemented (abstract) methods
D/dalvikvm( 2174): Unable to stat classpath element '/system/framework/webviewchromium.jar'
D/dalvikvm( 2174): DexOpt: load 28ms, verify+opt 61ms, 212588 bytes
I/PackageManager( 1986): Running dexopt on: com.android.exchange
E/libgenlock( 1522): perform_lock_unlock_operation: GENLOCK_IOC_DREADLOCK failed (lockType0x2,err=Connection timed out fd=33)
E/Adreno200-EGLSUB( 1522): LockImage() genlock_lock_buffer GENLOCK_READ_LOCK failed
E/Adreno200-ES20( 1522): <qgl2DrvAPI_glEGLImageTargetTexture2DOES:2612>: GL_INVALID_OPERATION
E/GLConsumer( 1522): [BootAnimation] bindTextureImage: error binding external texture image 0x2: 0x502
E/libgenlock( 1522): perform_lock_unlock_operation: GENLOCK_IOC_DREADLOCK failed (lockType0x2,err=Connection timed out fd=21)
E/Adreno200-EGLSUB( 1522): updater_thread() genlock_lock_buffer GENLOCK_READ_LOCK failed
I/auditd  ( 2177): Starting up
E/audit_log( 2177): Could not stat audit logfile /data/misc/audit/audit.log: Permission denied
E/auditd  ( 2177): Failed on audit_log_open
I/auditd  ( 2177): Exiting
E/libaudit( 2177): Could net set pid for audit events, error: Protocol error
D/dalvikvm( 2170): DexOpt: load 313ms, verify+opt 2476ms, 1343948 bytes
I/PackageManager( 1986): Running dexopt on: com.svox.pico
D/dalvikvm( 2176): Unable to stat classpath element '/system/framework/webviewchromium.jar'
D/dalvikvm( 2182): Unable to stat classpath element '/system/framework/webviewchromium.jar'
D/dalvikvm( 2182): DexOpt: load 75ms, verify+opt 43ms, 227388 bytes
I/PackageManager( 1986): Running dexopt on: jackpal.androidterm
E/libgenlock( 1647): perform_lock_unlock_operation: GENLOCK_IOC_DREADLOCK failed (lockType0x2,err=Connection timed out fd=12)
E/Adreno200-EGLSUB( 1647): updater_thread() genlock_lock_buffer GENLOCK_READ_LOCK failed
E/libgenlock( 1522): perform_lock_unlock_operation: GENLOCK_IOC_DREADLOCK failed (lockType0x2,err=Connection timed out fd=21)
E/libgenlock( 1522): perform_lock_unlock_operation: GENLOCK_IOC_DREADLOCK failed (lockType0x0,err=Invalid argument fd=18)
W/Adreno200-EGLSUB( 1522): updater_thread() genlock_unlock_buffer already unlocked
E/libgenlock( 1522): perform_lock_unlock_operation: GENLOCK_IOC_DREADLOCK failed (lockType0x0,err=Invalid argument fd=33)
E/Adreno200-EGLSUB( 1522): UnlockImage() genlock_unlock_buffer failed
D/dalvikvm( 2184): Unable to stat classpath element '/system/framework/webviewchromium.jar'
D/dalvikvm( 2184): DexOpt: 'Landroid/annotation/SuppressLint;' has an earlier definition; blocking out
D/dalvikvm( 2184): DexOpt: 'Landroid/annotation/TargetApi;' has an earlier definition; blocking out
D/dalvikvm( 2184): DexOpt: not verifying/optimizing 'Landroid/annotation/SuppressLint;': multiple definitions
D/dalvikvm( 2184): DexOpt: not verifying/optimizing 'Landroid/annotation/TargetApi;': multiple definitions
E/libgenlock( 1522): perform_lock_unlock_operation: GENLOCK_IOC_DREADLOCK failed (lockType0x2,err=Connection timed out fd=36)
E/Adreno200-EGLSUB( 1522): LockImage() genlock_lock_buffer GENLOCK_READ_LOCK failed
E/Adreno200-ES20( 1522): <qgl2DrvAPI_glEGLImageTargetTexture2DOES:2612>: GL_INVALID_OPERATION
E/GLConsumer( 1522): [BootAnimation] bindTextureImage: error binding external texture image 0x3: 0x502
E/libgenlock( 1522): perform_lock_unlock_operation: GENLOCK_IOC_DREADLOCK failed (lockType0x2,err=Connection timed out fd=24)
E/Adreno200-EGLSUB( 1522): updater_thread() genlock_lock_buffer GENLOCK_READ_LOCK failed
D/dalvikvm( 2184): DexOpt: load 213ms, verify+opt 618ms, 630828 bytes
I/PackageManager( 1986): Running dexopt on: com.cyanogenmod.trebuchet
D/dalvikvm( 2186): Unable to stat classpath element '/system/framework/webviewchromium.jar'
D/dalvikvm( 2186): DexOpt: 'Landroid/util/Pools$Pool;' has an earlier definition; blocking out
D/dalvikvm( 2186): DexOpt: 'Landroid/util/Pools$SimplePool;' has an earlier definition; blocking out
D/dalvikvm( 2186): DexOpt: 'Landroid/util/Pools$SynchronizedPool;' has an earlier definition; blocking out
D/dalvikvm( 2186): DexOpt: 'Landroid/util/Pools;' has an earlier definition; blocking out
E/libgenlock( 1647): perform_lock_unlock_operation: GENLOCK_IOC_DREADLOCK failed (lockType0x2,err=Connection timed out fd=16)
E/Adreno200-EGLSUB( 1647): updater_thread() genlock_lock_buffer GENLOCK_READ_LOCK failed
E/libgenlock( 1522): perform_lock_unlock_operation: GENLOCK_IOC_DREADLOCK failed (lockType0x2,err=Connection timed out fd=24)
E/libgenlock( 1522): perform_lock_unlock_operation: GENLOCK_IOC_DREADLOCK failed (lockType0x0,err=Invalid argument fd=21)
W/Adreno200-EGLSUB( 1522): updater_thread() genlock_unlock_buffer already unlocked
E/libgenlock( 1522): perform_lock_unlock_operation: GENLOCK_IOC_DREADLOCK failed (lockType0x0,err=Invalid argument fd=36)
E/Adreno200-EGLSUB( 1522): UnlockImage() genlock_unlock_buffer failed
D/dalvikvm( 2186): DexOpt: not verifying/optimizing 'Landroid/util/Pools$Pool;': multiple definitions
D/dalvikvm( 2186): DexOpt: not verifying/optimizing 'Landroid/util/Pools$SimplePool;': multiple definitions
D/dalvikvm( 2186): DexOpt: not verifying/optimizing 'Landroid/util/Pools$SynchronizedPool;': multiple definitions
D/dalvikvm( 2186): DexOpt: not verifying/optimizing 'Landroid/util/Pools;': multiple definitions
E/libgenlock( 1522): perform_lock_unlock_operation: GENLOCK_IOC_DREADLOCK failed (lockType0x2,err=Connection timed out fd=30)
E/Adreno200-EGLSUB( 1522): LockImage() genlock_lock_buffer GENLOCK_READ_LOCK failed
E/Adreno200-ES20( 1522): <qgl2DrvAPI_glEGLImageTargetTexture2DOES:2612>: GL_INVALID_OPERATION
E/GLConsumer( 1522): [BootAnimation] bindTextureImage: error binding external texture image 0x1: 0x502
E/libgenlock( 1522): perform_lock_unlock_operation: GENLOCK_IOC_DREADLOCK failed (lockType0x2,err=Connection timed out fd=18)
E/Adreno200-EGLSUB( 1522): updater_thread() genlock_lock_buffer GENLOCK_READ_LOCK failed
E/libgenlock( 1647): perform_lock_unlock_operation: GENLOCK_IOC_DREADLOCK failed (lockType0x2,err=Connection timed out fd=23)
E/Adreno200-EGLSUB( 1647): updater_thread() genlock_lock_buffer GENLOCK_READ_LOCK failed
E/libgenlock( 1522): perform_lock_unlock_operation: GENLOCK_IOC_DREADLOCK failed (lockType0x2,err=Connection timed out fd=18)
E/libgenlock( 1522): perform_lock_unlock_operation: GENLOCK_IOC_DREADLOCK failed (lockType0x0,err=Invalid argument fd=24)
W/Adreno200-EGLSUB( 1522): updater_thread() genlock_unlock_buffer already unlocked
E/libgenlock( 1522): perform_lock_unlock_operation: GENLOCK_IOC_DREADLOCK failed (lockType0x0,err=Invalid argument fd=30)
E/Adreno200-EGLSUB( 1522): UnlockImage() genlock_unlock_buffer failed
I/auditd  ( 2187): Starting up
E/audit_log( 2187): Could not stat audit logfile /data/misc/audit/audit.log: Permission denied
E/auditd  ( 2187): Failed on audit_log_open
I/auditd  ( 2187): Exiting
E/libaudit( 2187): Could net set pid for audit events, error: Protocol error
E/libgenlock( 1522): perform_lock_unlock_operation: GENLOCK_IOC_DREADLOCK failed (lockType0x2,err=Connection timed out fd=33)
E/Adreno200-EGLSUB( 1522): LockImage() genlock_lock_buffer GENLOCK_READ_LOCK failed
E/Adreno200-ES20( 1522): <qgl2DrvAPI_glEGLImageTargetTexture2DOES:2612>: GL_INVALID_OPERATION
E/GLConsumer( 1522): [BootAnimation] bindTextureImage: error binding external texture image 0x2: 0x502
E/libgenlock( 1522): perform_lock_unlock_operation: GENLOCK_IOC_DREADLOCK failed (lockType0x2,err=Connection timed out fd=21)
E/Adreno200-EGLSUB( 1522): updater_thread() genlock_lock_buffer GENLOCK_READ_LOCK failed
I/dalvikvm( 2186): DexOpt: not resolving ambiguous class 'Landroid/util/Pools$Pool;'
I/dalvikvm( 2186): DexOpt: not resolving ambiguous class 'Landroid/util/Pools$SynchronizedPool;'
D/dalvikvm( 2186): DexOpt: load 837ms, verify+opt 2937ms, 1371148 bytes
I/PackageManager( 1986): Running dexopt on: com.android.vpndialogs
D/dalvikvm( 2192): Unable to stat classpath element '/system/framework/webviewchromium.jar'
E/libgenlock( 1647): perform_lock_unlock_operation: GENLOCK_IOC_DREADLOCK failed (lockType0x2,err=Connection timed out fd=12)
E/Adreno200-EGLSUB( 1647): updater_thread() genlock_lock_buffer GENLOCK_READ_LOCK failed
E/libgenlock( 1522): perform_lock_unlock_operation: GENLOCK_IOC_DREADLOCK failed (lockType0x2,err=Connection timed out fd=21)
E/libgenlock( 1522): perform_lock_unlock_operation: GENLOCK_IOC_DREADLOCK failed (lockType0x0,err=Invalid argument fd=18)
W/Adreno200-EGLSUB( 1522): updater_thread() genlock_unlock_buffer already unlocked
E/libgenlock( 1522): perform_lock_unlock_operation: GENLOCK_IOC_DREADLOCK failed (lockType0x0,err=Invalid argument fd=33)
E/Adreno200-EGLSUB( 1522): UnlockImage() genlock_unlock_buffer failed
D/dalvikvm( 2192): DexOpt: load 51ms, verify+opt 240ms, 282796 bytes
I/PackageManager( 1986): Running dexopt on: com.android.htmlviewer
D/dalvikvm( 2194): Unable to stat classpath element '/system/framework/webviewchromium.jar'
D/dalvikvm( 2194): DexOpt: load 59ms, verify+opt 134ms, 258780 bytes
I/PackageManager( 1986): Running dexopt on: com.android.dreams.basic
D/dalvikvm( 2196): Unable to stat classpath element '/system/framework/webviewchromium.jar'
D/dalvikvm( 2176): DexOpt: load 840ms, verify+opt 5354ms, 2145172 bytes
D/dalvikvm( 2196): DexOpt: load 39ms, verify+opt 51ms, 195628 bytes
I/PackageManager( 1986): Running dexopt on: com.android.calendar
E/libgenlock( 1522): perform_lock_unlock_operation: GENLOCK_IOC_DREADLOCK failed (lockType0x2,err=Connection timed out fd=36)
E/Adreno200-EGLSUB( 1522): LockImage() genlock_lock_buffer GENLOCK_READ_LOCK failed
E/Adreno200-ES20( 1522): <qgl2DrvAPI_glEGLImageTargetTexture2DOES:2612>: GL_INVALID_OPERATION
E/GLConsumer( 1522): [BootAnimation] bindTextureImage: error binding external texture image 0x3: 0x502
I/PackageManager( 1986): Running dexopt on: com.android.providers.contacts
E/libgenlock( 1522): perform_lock_unlock_operation: GENLOCK_IOC_DREADLOCK failed (lockType0x2,err=Connection timed out fd=24)
E/Adreno200-EGLSUB( 1522): updater_thread() genlock_lock_buffer GENLOCK_READ_LOCK failed
D/dalvikvm( 2198): Unable to stat classpath element '/system/framework/webviewchromium.jar'
D/dalvikvm( 2200): Unable to stat classpath element '/system/framework/webviewchromium.jar'
E/libgenlock( 1647): perform_lock_unlock_operation: GENLOCK_IOC_DREADLOCK failed (lockType0x2,err=Connection timed out fd=16)
E/Adreno200-EGLSUB( 1647): updater_thread() genlock_lock_buffer GENLOCK_READ_LOCK failed
E/libgenlock( 1522): perform_lock_unlock_operation: GENLOCK_IOC_DREADLOCK failed (lockType0x2,err=Connection timed out fd=24)
E/libgenlock( 1522): perform_lock_unlock_operation: GENLOCK_IOC_DREADLOCK failed (lockType0x0,err=Invalid argument fd=21)
W/Adreno200-EGLSUB( 1522): updater_thread() genlock_unlock_buffer already unlocked
E/libgenlock( 1522): perform_lock_unlock_operation: GENLOCK_IOC_DREADLOCK failed (lockType0x0,err=Invalid argument fd=36)
E/Adreno200-EGLSUB( 1522): UnlockImage() genlock_unlock_buffer failed
D/dalvikvm( 2200): Note: class Landroid/app/ActivityManagerNative; has 180 unimplemented (abstract) methods
E/libgenlock( 1522): perform_lock_unlock_operation: GENLOCK_IOC_DREADLOCK failed (lockType0x2,err=Connection timed out fd=30)
E/Adreno200-EGLSUB( 1522): LockImage() genlock_lock_buffer GENLOCK_READ_LOCK failed
E/Adreno200-ES20( 1522): <qgl2DrvAPI_glEGLImageTargetTexture2DOES:2612>: GL_INVALID_OPERATION
E/GLConsumer( 1522): [BootAnimation] bindTextureImage: error binding external texture image 0x1: 0x502
E/libgenlock( 1522): perform_lock_unlock_operation: GENLOCK_IOC_DREADLOCK failed (lockType0x2,err=Connection timed out fd=18)
E/Adreno200-EGLSUB( 1522): updater_thread() genlock_lock_buffer GENLOCK_READ_LOCK failed
I/auditd  ( 2202): Starting up
E/audit_log( 2202): Could not stat audit logfile /data/misc/audit/audit.log: Permission denied
E/auditd  ( 2202): Failed on audit_log_open
I/auditd  ( 2202): Exiting
E/libaudit( 2202): Could net set pid for audit events, error: Protocol error
D/dalvikvm( 2200): DexOpt: load 160ms, verify+opt 2039ms, 802348 bytes
E/libgenlock( 1647): perform_lock_unlock_operation: GENLOCK_IOC_DREADLOCK failed (lockType0x2,err=Connection timed out fd=23)
E/Adreno200-EGLSUB( 1647): updater_thread() genlock_lock_buffer GENLOCK_READ_LOCK failed
I/PackageManager( 1986): Running dexopt on: com.sonyericsson.systemconnector
E/libgenlock( 1522): perform_lock_unlock_operation: GENLOCK_IOC_DREADLOCK failed (lockType0x2,err=Connection timed out fd=18)
E/libgenlock( 1522): perform_lock_unlock_operation: GENLOCK_IOC_DREADLOCK failed (lockType0x0,err=Invalid argument fd=24)
W/Adreno200-EGLSUB( 1522): updater_thread() genlock_unlock_buffer already unlocked
E/libgenlock( 1522): perform_lock_unlock_operation: GENLOCK_IOC_DREADLOCK failed (lockType0x0,err=Invalid argument fd=30)
E/Adreno200-EGLSUB( 1522): UnlockImage() genlock_unlock_buffer failed
D/dalvikvm( 2206): Unable to stat classpath element '/system/framework/webviewchromium.jar'
D/dalvikvm( 2206): DexOpt: load 32ms, verify+opt 80ms, 191828 bytes
I/PackageManager( 1986): Running dexopt on: com.android.keychain
D/dalvikvm( 2208): Unable to stat classpath element '/system/framework/webviewchromium.jar'
E/libgenlock( 1522): perform_lock_unlock_operation: GENLOCK_IOC_DREADLOCK failed (lockType0x2,err=Connection timed out fd=33)
E/Adreno200-EGLSUB( 1522): LockImage() genlock_lock_buffer GENLOCK_READ_LOCK failed
E/Adreno200-ES20( 1522): <qgl2DrvAPI_glEGLImageTargetTexture2DOES:2612>: GL_INVALID_OPERATION
E/GLConsumer( 1522): [BootAnimation] bindTextureImage: error binding external texture image 0x2: 0x502
E/libgenlock( 1522): perform_lock_unlock_operation: GENLOCK_IOC_DREADLOCK failed (lockType0x2,err=Connection timed out fd=21)
E/Adreno200-EGLSUB( 1522): updater_thread() genlock_lock_buffer GENLOCK_READ_LOCK failed
D/dalvikvm( 2208): DexOpt: load 62ms, verify+opt 370ms, 392836 bytes
I/PackageManager( 1986): Running dexopt on: com.android.packageinstaller
D/dalvikvm( 2198): DexOpt: load 785ms, verify+opt 2804ms, 1416044 bytes
I/PackageManager( 1986): Running dexopt on: com.android.cellbroadcastreceiver
D/dalvikvm( 2211): Unable to stat classpath element '/system/framework/webviewchromium.jar'
D/dalvikvm( 2213): Unable to stat classpath element '/system/framework/webviewchromium.jar'
E/libgenlock( 1647): perform_lock_unlock_operation: GENLOCK_IOC_DREADLOCK failed (lockType0x2,err=Connection timed out fd=12)
E/Adreno200-EGLSUB( 1647): updater_thread() genlock_lock_buffer GENLOCK_READ_LOCK failed
E/libgenlock( 1522): perform_lock_unlock_operation: GENLOCK_IOC_DREADLOCK failed (lockType0x2,err=Connection timed out fd=21)
E/libgenlock( 1522): perform_lock_unlock_operation: GENLOCK_IOC_DREADLOCK failed (lockType0x0,err=Invalid argument fd=18)
W/Adreno200-EGLSUB( 1522): updater_thread() genlock_unlock_buffer already unlocked
E/libgenlock( 1522): perform_lock_unlock_operation: GENLOCK_IOC_DREADLOCK failed (lockType0x0,err=Invalid argument fd=33)
E/Adreno200-EGLSUB( 1522): UnlockImage() genlock_unlock_buffer failed
D/dalvikvm( 2211): Note: class Landroid/app/ActivityManagerNative; has 180 unimplemented (abstract) methods
D/dalvikvm( 2213): DexOpt: load 172ms, verify+opt 510ms, 581516 bytes
D/dalvikvm( 2211): DexOpt: load 212ms, verify+opt 608ms, 586388 bytes
I/PackageManager( 1986): Running dexopt on: com.android.soundrecorder
I/PackageManager( 1986): Running dexopt on: com.cyanogenmod.settings.device.hwa
D/dalvikvm( 2217): Unable to stat classpath element '/system/framework/webviewchromium.jar'
D/dalvikvm( 2216): Unable to stat classpath element '/system/framework/webviewchromium.jar'
D/dalvikvm( 2216): DexOpt: load 78ms, verify+opt 355ms, 406676 bytes
I/PackageManager( 1986): Running dexopt on: com.android.stk
D/dalvikvm( 2217): DexOpt: load 78ms, verify+opt 399ms, 417892 bytes
E/libgenlock( 1522): perform_lock_unlock_operation: GENLOCK_IOC_DREADLOCK failed (lockType0x2,err=Connection timed out fd=36)
E/Adreno200-EGLSUB( 1522): LockImage() genlock_lock_buffer GENLOCK_READ_LOCK failed
E/Adreno200-ES20( 1522): <qgl2DrvAPI_glEGLImageTargetTexture2DOES:2612>: GL_INVALID_OPERATION
E/GLConsumer( 1522): [BootAnimation] bindTextureImage: error binding external texture image 0x3: 0x502
I/PackageManager( 1986): Running dexopt on: com.android.proxyhandler
E/libgenlock( 1522): perform_lock_unlock_operation: GENLOCK_IOC_DREADLOCK failed (lockType0x2,err=Connection timed out fd=24)
E/Adreno200-EGLSUB( 1522): updater_thread() genlock_lock_buffer GENLOCK_READ_LOCK failed
D/dalvikvm( 2219): Unable to stat classpath element '/system/framework/webviewchromium.jar'
D/dalvikvm( 2221): Unable to stat classpath element '/system/framework/webviewchromium.jar'
D/dalvikvm( 2221): DexOpt: load 30ms, verify+opt 56ms, 156492 bytes
I/PackageManager( 1986): Running dexopt on: com.android.bluetooth
D/dalvikvm( 2219): DexOpt: load 82ms, verify+opt 461ms, 461236 bytes
I/PackageManager( 1986): Running dexopt on: com.android.deskclock
E/libgenlock( 1647): perform_lock_unlock_operation: GENLOCK_IOC_DREADLOCK failed (lockType0x2,err=Connection timed out fd=16)
E/Adreno200-EGLSUB( 1647): updater_thread() genlock_lock_buffer GENLOCK_READ_LOCK failed
E/libgenlock( 1522): perform_lock_unlock_operation: GENLOCK_IOC_DREADLOCK failed (lockType0x2,err=Connection timed out fd=24)
E/libgenlock( 1522): perform_lock_unlock_operation: GENLOCK_IOC_DREADLOCK failed (lockType0x0,err=Invalid argument fd=21)
W/Adreno200-EGLSUB( 1522): updater_thread() genlock_unlock_buffer already unlocked
E/libgenlock( 1522): perform_lock_unlock_operation: GENLOCK_IOC_DREADLOCK failed (lockType0x0,err=Invalid argument fd=36)
E/Adreno200-EGLSUB( 1522): UnlockImage() genlock_unlock_buffer failed
I/auditd  ( 2227): Starting up
E/audit_log( 2227): Could not stat audit logfile /data/misc/audit/audit.log: Permission denied
E/auditd  ( 2227): Failed on audit_log_open
I/auditd  ( 2227): Exiting
E/libaudit( 2227): Could net set pid for audit events, error: Protocol error
D/dalvikvm( 2226): Unable to stat classpath element '/system/framework/webviewchromium.jar'
D/dalvikvm( 2224): Unable to stat classpath element '/system/framework/webviewchromium.jar'
E/libgenlock( 1522): perform_lock_unlock_operation: GENLOCK_IOC_DREADLOCK failed (lockType0x2,err=Connection timed out fd=30)
E/Adreno200-EGLSUB( 1522): LockImage() genlock_lock_buffer GENLOCK_READ_LOCK failed
E/Adreno200-ES20( 1522): <qgl2DrvAPI_glEGLImageTargetTexture2DOES:2612>: GL_INVALID_OPERATION
E/GLConsumer( 1522): [BootAnimation] bindTextureImage: error binding external texture image 0x1: 0x502
E/libgenlock( 1522): perform_lock_unlock_operation: GENLOCK_IOC_DREADLOCK failed (lockType0x2,err=Connection timed out fd=18)
E/Adreno200-EGLSUB( 1522): updater_thread() genlock_lock_buffer GENLOCK_READ_LOCK failed
E/libgenlock( 1647): perform_lock_unlock_operation: GENLOCK_IOC_DREADLOCK failed (lockType0x2,err=Connection timed out fd=23)
E/Adreno200-EGLSUB( 1647): updater_thread() genlock_lock_buffer GENLOCK_READ_LOCK failed
E/libgenlock( 1522): perform_lock_unlock_operation: GENLOCK_IOC_DREADLOCK failed (lockType0x2,err=Connection timed out fd=18)
E/libgenlock( 1522): perform_lock_unlock_operation: GENLOCK_IOC_DREADLOCK failed (lockType0x0,err=Invalid argument fd=24)
W/Adreno200-EGLSUB( 1522): updater_thread() genlock_unlock_buffer already unlocked
E/libgenlock( 1522): perform_lock_unlock_operation: GENLOCK_IOC_DREADLOCK failed (lockType0x0,err=Invalid argument fd=30)
E/Adreno200-EGLSUB( 1522): UnlockImage() genlock_unlock_buffer failed
E/libgenlock( 1522): perform_lock_unlock_operation: GENLOCK_IOC_DREADLOCK failed (lockType0x2,err=Connection timed out fd=33)
E/Adreno200-EGLSUB( 1522): LockImage() genlock_lock_buffer GENLOCK_READ_LOCK failed
E/Adreno200-ES20( 1522): <qgl2DrvAPI_glEGLImageTargetTexture2DOES:2612>: GL_INVALID_OPERATION
E/GLConsumer( 1522): [BootAnimation] bindTextureImage: error binding external texture image 0x2: 0x502
E/libgenlock( 1522): perform_lock_unlock_operation: GENLOCK_IOC_DREADLOCK failed (lockType0x2,err=Connection timed out fd=21)
E/Adreno200-EGLSUB( 1522): updater_thread() genlock_lock_buffer GENLOCK_READ_LOCK failed
D/dalvikvm( 2226): DexOpt: load 556ms, verify+opt 2174ms, 1202012 bytes
I/PackageManager( 1986): Running dexopt on: com.tmobile.thememanager
D/dalvikvm( 2231): Unable to stat classpath element '/system/framework/webviewchromium.jar'
D/dalvikvm( 2231): DexOpt: load 31ms, verify+opt 151ms, 263620 bytes
I/PackageManager( 1986): Running dexopt on: com.android.providers.calendar
E/libgenlock( 1647): perform_lock_unlock_operation: GENLOCK_IOC_DREADLOCK failed (lockType0x2,err=Connection timed out fd=12)
E/Adreno200-EGLSUB( 1647): updater_thread() genlock_lock_buffer GENLOCK_READ_LOCK failed
E/libgenlock( 1522): perform_lock_unlock_operation: GENLOCK_IOC_DREADLOCK failed (lockType0x2,err=Connection timed out fd=21)
E/libgenlock( 1522): perform_lock_unlock_operation: GENLOCK_IOC_DREADLOCK failed (lockType0x0,err=Invalid argument fd=18)
W/Adreno200-EGLSUB( 1522): updater_thread() genlock_unlock_buffer already unlocked
E/libgenlock( 1522): perform_lock_unlock_operation: GENLOCK_IOC_DREADLOCK failed (lockType0x0,err=Invalid argument fd=33)
E/Adreno200-EGLSUB( 1522): UnlockImage() genlock_unlock_buffer failed
D/dalvikvm( 2233): Unable to stat classpath element '/system/framework/webviewchromium.jar'
E/libgenlock( 1522): perform_lock_unlock_operation: GENLOCK_IOC_DREADLOCK failed (lockType0x2,err=Connection timed out fd=36)
E/Adreno200-EGLSUB( 1522): LockImage() genlock_lock_buffer GENLOCK_READ_LOCK failed
E/Adreno200-ES20( 1522): <qgl2DrvAPI_glEGLImageTargetTexture2DOES:2612>: GL_INVALID_OPERATION
E/GLConsumer( 1522): [BootAnimation] bindTextureImage: error binding external texture image 0x3: 0x502
E/libgenlock( 1522): perform_lock_unlock_operation: GENLOCK_IOC_DREADLOCK failed (lockType0x2,err=Connection timed out fd=24)
E/Adreno200-EGLSUB( 1522): updater_thread() genlock_lock_buffer GENLOCK_READ_LOCK failed
I/auditd  ( 2234): Starting up
E/audit_log( 2234): Could not stat audit logfile /data/misc/audit/audit.log: Permission denied
E/auditd  ( 2234): Failed on audit_log_open
I/auditd  ( 2234): Exiting
E/libaudit( 2234): Could net set pid for audit events, error: Protocol error
D/dalvikvm( 2233): Note: class Landroid/app/ActivityManagerNative; has 180 unimplemented (abstract) methods
D/dalvikvm( 2233): DexOpt: load 139ms, verify+opt 1345ms, 623868 bytes
I/PackageManager( 1986): Running dexopt on: com.android.certinstaller
E/libgenlock( 1647): perform_lock_unlock_operation: GENLOCK_IOC_DREADLOCK failed (lockType0x2,err=Connection timed out fd=16)
E/Adreno200-EGLSUB( 1647): updater_thread() genlock_lock_buffer GENLOCK_READ_LOCK failed
E/libgenlock( 1522): perform_lock_unlock_operation: GENLOCK_IOC_DREADLOCK failed (lockType0x2,err=Connection timed out fd=24)
E/libgenlock( 1522): perform_lock_unlock_operation: GENLOCK_IOC_DREADLOCK failed (lockType0x0,err=Invalid argument fd=21)
W/Adreno200-EGLSUB( 1522): updater_thread() genlock_unlock_buffer already unlocked
E/libgenlock( 1522): perform_lock_unlock_operation: GENLOCK_IOC_DREADLOCK failed (lockType0x0,err=Invalid argument fd=36)
E/Adreno200-EGLSUB( 1522): UnlockImage() genlock_unlock_buffer failed
D/dalvikvm( 2238): Unable to stat classpath element '/system/framework/webviewchromium.jar'
D/dalvikvm( 2238): DexOpt: load 79ms, verify+opt 358ms, 359124 bytes
I/PackageManager( 1986): Running dexopt on: com.android.providers.telephony
D/dalvikvm( 2240): Unable to stat classpath element '/system/framework/webviewchromium.jar'
E/libgenlock( 1522): perform_lock_unlock_operation: GENLOCK_IOC_DREADLOCK failed (lockType0x2,err=Connection timed out fd=30)
E/Adreno200-EGLSUB( 1522): LockImage() genlock_lock_buffer GENLOCK_READ_LOCK failed
E/Adreno200-ES20( 1522): <qgl2DrvAPI_glEGLImageTargetTexture2DOES:2612>: GL_INVALID_OPERATION
E/GLConsumer( 1522): [BootAnimation] bindTextureImage: error binding external texture image 0x1: 0x502
E/libgenlock( 1522): perform_lock_unlock_operation: GENLOCK_IOC_DREADLOCK failed (lockType0x2,err=Connection timed out fd=18)
E/Adreno200-EGLSUB( 1522): updater_thread() genlock_lock_buffer GENLOCK_READ_LOCK failed
D/dalvikvm( 2240): DexOpt: load 46ms, verify+opt 413ms, 275620 bytes
I/PackageManager( 1986): Running dexopt on: com.android.shell
D/dalvikvm( 2242): Unable to stat classpath element '/system/framework/webviewchromium.jar'
D/dalvikvm( 2242): DexOpt: load 68ms, verify+opt 272ms, 334092 bytes
I/PackageManager( 1986): Running dexopt on: com.android.provision
E/libgenlock( 1647): perform_lock_unlock_operation: GENLOCK_IOC_DREADLOCK failed (lockType0x2,err=Connection timed out fd=23)
E/Adreno200-EGLSUB( 1647): updater_thread() genlock_lock_buffer GENLOCK_READ_LOCK failed
E/libgenlock( 1522): perform_lock_unlock_operation: GENLOCK_IOC_DREADLOCK failed (lockType0x2,err=Connection timed out fd=18)
E/libgenlock( 1522): perform_lock_unlock_operation: GENLOCK_IOC_DREADLOCK failed (lockType0x0,err=Invalid argument fd=24)
W/Adreno200-EGLSUB( 1522): updater_thread() genlock_unlock_buffer already unlocked
E/libgenlock( 1522): perform_lock_unlock_operation: GENLOCK_IOC_DREADLOCK failed (lockType0x0,err=Invalid argument fd=30)
E/Adreno200-EGLSUB( 1522): UnlockImage() genlock_unlock_buffer failed
D/dalvikvm( 2244): Unable to stat classpath element '/system/framework/webviewchromium.jar'
D/dalvikvm( 2244): DexOpt: load 65ms, verify+opt 5ms, 140100 bytes
I/PackageManager( 1986): Running dexopt on: com.android.providers.userdictionary
D/dalvikvm( 2246): Unable to stat classpath element '/system/framework/webviewchromium.jar'
D/dalvikvm( 2246): DexOpt: load 50ms, verify+opt 68ms, 173356 bytes
I/PackageManager( 1986): Running dexopt on: com.android.providers.media
D/dalvikvm( 2248): Unable to stat classpath element '/system/framework/webviewchromium.jar'
E/libgenlock( 1522): perform_lock_unlock_operation: GENLOCK_IOC_DREADLOCK failed (lockType0x2,err=Connection timed out fd=33)
E/Adreno200-EGLSUB( 1522): LockImage() genlock_lock_buffer GENLOCK_READ_LOCK failed
E/Adreno200-ES20( 1522): <qgl2DrvAPI_glEGLImageTargetTexture2DOES:2612>: GL_INVALID_OPERATION
E/GLConsumer( 1522): [BootAnimation] bindTextureImage: error binding external texture image 0x2: 0x502
E/libgenlock( 1522): perform_lock_unlock_operation: GENLOCK_IOC_DREADLOCK failed (lockType0x2,err=Connection timed out fd=21)
E/Adreno200-EGLSUB( 1522): updater_thread() genlock_lock_buffer GENLOCK_READ_LOCK failed
D/dalvikvm( 2248): Note: class Landroid/app/ActivityManagerNative; has 180 unimplemented (abstract) methods
E/libgenlock( 1647): perform_lock_unlock_operation: GENLOCK_IOC_DREADLOCK failed (lockType0x2,err=Connection timed out fd=12)
E/Adreno200-EGLSUB( 1647): updater_thread() genlock_lock_buffer GENLOCK_READ_LOCK failed
E/libgenlock( 1522): perform_lock_unlock_operation: GENLOCK_IOC_DREADLOCK failed (lockType0x2,err=Connection timed out fd=21)
E/libgenlock( 1522): perform_lock_unlock_operation: GENLOCK_IOC_DREADLOCK failed (lockType0x0,err=Invalid argument fd=18)
W/Adreno200-EGLSUB( 1522): updater_thread() genlock_unlock_buffer already unlocked
E/libgenlock( 1522): perform_lock_unlock_operation: GENLOCK_IOC_DREADLOCK failed (lockType0x0,err=Invalid argument fd=33)
E/Adreno200-EGLSUB( 1522): UnlockImage() genlock_unlock_buffer failed
D/dalvikvm( 2248): DexOpt: load 107ms, verify+opt 990ms, 542164 bytes
I/PackageManager( 1986): Running dexopt on: com.android.smspush
I/auditd  ( 2251): Starting up
E/audit_log( 2251): Could not stat audit logfile /data/misc/audit/audit.log: Permission denied
E/auditd  ( 2251): Failed on audit_log_open
I/auditd  ( 2251): Exiting
E/libaudit( 2251): Could net set pid for audit events, error: Protocol error
D/dalvikvm( 2250): Unable to stat classpath element '/system/framework/webviewchromium.jar'
D/dalvikvm( 2250): DexOpt: load 49ms, verify+opt 35ms, 145724 bytes
I/PackageManager( 1986): Running dexopt on: com.android.externalstorage
D/dalvikvm( 2255): Unable to stat classpath element '/system/framework/webviewchromium.jar'
D/dalvikvm( 2255): DexOpt: load 58ms, verify+opt 109ms, 224628 bytes
I/PackageManager( 1986): Running dexopt on: com.andrew.apollo
E/libgenlock( 1522): perform_lock_unlock_operation: GENLOCK_IOC_DREADLOCK failed (lockType0x2,err=Connection timed out fd=36)
E/Adreno200-EGLSUB( 1522): LockImage() genlock_lock_buffer GENLOCK_READ_LOCK failed
E/Adreno200-ES20( 1522): <qgl2DrvAPI_glEGLImageTargetTexture2DOES:2612>: GL_INVALID_OPERATION
E/GLConsumer( 1522): [BootAnimation] bindTextureImage: error binding external texture image 0x3: 0x502
E/libgenlock( 1522): perform_lock_unlock_operation: GENLOCK_IOC_DREADLOCK failed (lockType0x2,err=Connection timed out fd=24)
E/Adreno200-EGLSUB( 1522): updater_thread() genlock_lock_buffer GENLOCK_READ_LOCK failed
D/dalvikvm( 2257): Unable to stat classpath element '/system/framework/webviewchromium.jar'
E/libgenlock( 1647): perform_lock_unlock_operation: GENLOCK_IOC_DREADLOCK failed (lockType0x2,err=Connection timed out fd=16)
E/Adreno200-EGLSUB( 1647): updater_thread() genlock_lock_buffer GENLOCK_READ_LOCK failed
E/libgenlock( 1522): perform_lock_unlock_operation: GENLOCK_IOC_DREADLOCK failed (lockType0x2,err=Connection timed out fd=24)
E/libgenlock( 1522): perform_lock_unlock_operation: GENLOCK_IOC_DREADLOCK failed (lockType0x0,err=Invalid argument fd=21)
W/Adreno200-EGLSUB( 1522): updater_thread() genlock_unlock_buffer already unlocked
E/libgenlock( 1522): perform_lock_unlock_operation: GENLOCK_IOC_DREADLOCK failed (lockType0x0,err=Invalid argument fd=36)
E/Adreno200-EGLSUB( 1522): UnlockImage() genlock_unlock_buffer failed
E/libgenlock( 1522): perform_lock_unlock_operation: GENLOCK_IOC_DREADLOCK failed (lockType0x2,err=Connection timed out fd=30)
E/Adreno200-EGLSUB( 1522): LockImage() genlock_lock_buffer GENLOCK_READ_LOCK failed
E/Adreno200-ES20( 1522): <qgl2DrvAPI_glEGLImageTargetTexture2DOES:2612>: GL_INVALID_OPERATION
E/GLConsumer( 1522): [BootAnimation] bindTextureImage: error binding external texture image 0x1: 0x502
E/libgenlock( 1522): perform_lock_unlock_operation: GENLOCK_IOC_DREADLOCK failed (lockType0x2,err=Connection timed out fd=18)
E/Adreno200-EGLSUB( 1522): updater_thread() genlock_lock_buffer GENLOCK_READ_LOCK failed
D/dalvikvm( 2224): DexOpt: load 1253ms, verify+opt 9883ms, 2935684 bytes
E/libgenlock( 1647): perform_lock_unlock_operation: GENLOCK_IOC_DREADLOCK failed (lockType0x2,err=Connection timed out fd=23)
E/Adreno200-EGLSUB( 1647): updater_thread() genlock_lock_buffer GENLOCK_READ_LOCK failed
E/libgenlock( 1522): perform_lock_unlock_operation: GENLOCK_IOC_DREADLOCK failed (lockType0x2,err=Connection timed out fd=18)
E/libgenlock( 1522): perform_lock_unlock_operation: GENLOCK_IOC_DREADLOCK failed (lockType0x0,err=Invalid argument fd=24)
W/Adreno200-EGLSUB( 1522): updater_thread() genlock_unlock_buffer already unlocked
E/libgenlock( 1522): perform_lock_unlock_operation: GENLOCK_IOC_DREADLOCK failed (lockType0x0,err=Invalid argument fd=30)
E/Adreno200-EGLSUB( 1522): UnlockImage() genlock_unlock_buffer failed
I/PackageManager( 1986): Running dexopt on: com.android.gallery3d
D/dalvikvm( 2257): DexOpt: load 832ms, verify+opt 2355ms, 1179580 bytes
I/PackageManager( 1986): Running dexopt on: com.android.mms
D/dalvikvm( 2259): Unable to stat classpath element '/system/framework/webviewchromium.jar'
E/libgenlock( 1522): perform_lock_unlock_operation: GENLOCK_IOC_DREADLOCK failed (lockType0x2,err=Connection timed out fd=33)
E/Adreno200-EGLSUB( 1522): LockImage() genlock_lock_buffer GENLOCK_READ_LOCK failed
E/Adreno200-ES20( 1522): <qgl2DrvAPI_glEGLImageTargetTexture2DOES:2612>: GL_INVALID_OPERATION
E/GLConsumer( 1522): [BootAnimation] bindTextureImage: error binding external texture image 0x2: 0x502
E/libgenlock( 1522): perform_lock_unlock_operation: GENLOCK_IOC_DREADLOCK failed (lockType0x2,err=Connection timed out fd=21)
E/Adreno200-EGLSUB( 1522): updater_thread() genlock_lock_buffer GENLOCK_READ_LOCK failed
I/auditd  ( 2263): Starting up
E/audit_log( 2263): Could not stat audit logfile /data/misc/audit/audit.log: Permission denied
E/auditd  ( 2263): Failed on audit_log_open
I/auditd  ( 2263): Exiting
E/libaudit( 2263): Could net set pid for audit events, error: Protocol error
D/dalvikvm( 2262): Unable to stat classpath element '/system/framework/webviewchromium.jar'
E/libgenlock( 1647): perform_lock_unlock_operation: GENLOCK_IOC_DREADLOCK failed (lockType0x2,err=Connection timed out fd=12)
E/Adreno200-EGLSUB( 1647): updater_thread() genlock_lock_buffer GENLOCK_READ_LOCK failed
E/libgenlock( 1522): perform_lock_unlock_operation: GENLOCK_IOC_DREADLOCK failed (lockType0x2,err=Connection timed out fd=21)
E/libgenlock( 1522): perform_lock_unlock_operation: GENLOCK_IOC_DREADLOCK failed (lockType0x0,err=Invalid argument fd=18)
W/Adreno200-EGLSUB( 1522): updater_thread() genlock_unlock_buffer already unlocked
E/libgenlock( 1522): perform_lock_unlock_operation: GENLOCK_IOC_DREADLOCK failed (lockType0x0,err=Invalid argument fd=33)
E/Adreno200-EGLSUB( 1522): UnlockImage() genlock_unlock_buffer failed
D/dalvikvm( 2259): DexOpt: 'Landroid/util/Pools$Pool;' has an earlier definition; blocking out
D/dalvikvm( 2259): DexOpt: 'Landroid/util/Pools$SimplePool;' has an earlier definition; blocking out
D/dalvikvm( 2259): DexOpt: 'Landroid/util/Pools$SynchronizedPool;' has an earlier definition; blocking out
D/dalvikvm( 2259): DexOpt: 'Landroid/util/Pools;' has an earlier definition; blocking out
E/libgenlock( 1522): perform_lock_unlock_operation: GENLOCK_IOC_DREADLOCK failed (lockType0x2,err=Connection timed out fd=36)
E/Adreno200-EGLSUB( 1522): LockImage() genlock_lock_buffer GENLOCK_READ_LOCK failed
E/Adreno200-ES20( 1522): <qgl2DrvAPI_glEGLImageTargetTexture2DOES:2612>: GL_INVALID_OPERATION
E/GLConsumer( 1522): [BootAnimation] bindTextureImage: error binding external texture image 0x3: 0x502
E/libgenlock( 1522): perform_lock_unlock_operation: GENLOCK_IOC_DREADLOCK failed (lockType0x2,err=Connection timed out fd=24)
E/Adreno200-EGLSUB( 1522): updater_thread() genlock_lock_buffer GENLOCK_READ_LOCK failed
E/libgenlock( 1647): perform_lock_unlock_operation: GENLOCK_IOC_DREADLOCK failed (lockType0x2,err=Connection timed out fd=16)
E/Adreno200-EGLSUB( 1647): updater_thread() genlock_lock_buffer GENLOCK_READ_LOCK failed
E/libgenlock( 1522): perform_lock_unlock_operation: GENLOCK_IOC_DREADLOCK failed (lockType0x2,err=Connection timed out fd=24)
E/libgenlock( 1522): perform_lock_unlock_operation: GENLOCK_IOC_DREADLOCK failed (lockType0x0,err=Invalid argument fd=21)
W/Adreno200-EGLSUB( 1522): updater_thread() genlock_unlock_buffer already unlocked
E/libgenlock( 1522): perform_lock_unlock_operation: GENLOCK_IOC_DREADLOCK failed (lockType0x0,err=Invalid argument fd=36)
E/Adreno200-EGLSUB( 1522): UnlockImage() genlock_unlock_buffer failed
E/libgenlock( 1522): perform_lock_unlock_operation: GENLOCK_IOC_DREADLOCK failed (lockType0x2,err=Connection timed out fd=30)
