E/SELinuxMMAC( 1978): java.io.FileNotFoundException: /data/system/seapp_hash: open failed: ENOENT (No such file or directory)
E/SELinuxMMAC( 1978): 	at libcore.io.IoBridge.open(IoBridge.java:409)
E/SELinuxMMAC( 1978): 	at libcore.io.IoUtils$FileReader.<init>(IoUtils.java:207)
E/SELinuxMMAC( 1978): 	at libcore.io.IoUtils.readFileAsByteArray(IoUtils.java:107)
E/SELinuxMMAC( 1978): 	at com.android.server.pm.SELinuxMMAC.shouldRestorecon(SELinuxMMAC.java:427)
E/SELinuxMMAC( 1978): 	at com.android.server.pm.PackageManagerService.<init>(PackageManagerService.java:1608)
E/SELinuxMMAC( 1978): 	at com.android.server.pm.PackageManagerService.main(PackageManagerService.java:1124)
E/SELinuxMMAC( 1978): 	at com.android.server.ServerThread.initAndLoop(SystemServer.java:308)
E/SELinuxMMAC( 1978): 	at com.android.server.SystemServer.main(SystemServer.java:1406)
E/SELinuxMMAC( 1978): 	at java.lang.reflect.Method.invokeNative(Native Method)
E/SELinuxMMAC( 1978): 	at java.lang.reflect.Method.invoke(Method.java:515)
E/SELinuxMMAC( 1978): 	at com.android.internal.os.ZygoteInit$MethodAndArgsCaller.run(ZygoteInit.java:789)
E/SELinuxMMAC( 1978): 	at com.android.internal.os.ZygoteInit.main(ZygoteInit.java:605)
E/SELinuxMMAC( 1978): 	at dalvik.system.NativeStart.main(Native Method)
E/SELinuxMMAC( 1978): Caused by: libcore.io.ErrnoException: open failed: ENOENT (No such file or directory)
E/SELinuxMMAC( 1978): 	at libcore.io.Posix.open(Native Method)
E/SELinuxMMAC( 1978): 	at libcore.io.BlockGuardOs.open(BlockGuardOs.java:110)
E/SELinuxMMAC( 1978): 	at libcore.io.IoBridge.open(IoBridge.java:393)
E/SELinuxMMAC( 1978): 	... 12 more
I/PackageManager( 1978): Relabeling of /data/data and /data/user issued.
I/SystemServer( 1978): Entropy Mixer
W/EntropyMixer( 1978): No existing entropy file -- first boot?
I/EntropyMixer( 1978): Writing entropy...
I/SystemServer( 1978): User Service
I/SystemServer( 1978): Account Manager
I/SystemServer( 1978): Content Manager
I/SystemServer( 1978): System Content Providers
D/dalvikvm( 1978): DexOpt: --- BEGIN 'SettingsProvider.apk' (bootstrap=0) ---
I/auditd  ( 2145): Starting up
E/audit_log( 2145): Could not stat audit logfile /data/misc/audit/audit.log: Permission denied
E/auditd  ( 2145): Failed on audit_log_open
I/auditd  ( 2145): Exiting
E/libaudit( 2145): Could net set pid for audit events, error: Protocol error
D/dalvikvm( 2144): Note: class Landroid/app/ActivityManagerNative; has 180 unimplemented (abstract) methods
D/dalvikvm( 2144): DexOpt: load 41ms, verify+opt 365ms, 578620 bytes
D/dalvikvm( 1978): DexOpt: --- END 'SettingsProvider.apk' (success) ---
D/dalvikvm( 1978): DEX prep '/system/priv-app/SettingsProvider.apk': unzip in 23ms, rewrite 567ms
I/SyncManager( 1978): No initial accounts
I/SyncManager( 1978): No initial status
W/SyncManagerFile( 1978): Error reading pending data.
W/SyncManagerFile( 1978): java.io.FileNotFoundException: /data/system/sync/pending.xml: open failed: ENOENT (No such file or directory)
W/SyncManagerFile( 1978): 	at libcore.io.IoBridge.open(IoBridge.java:409)
W/SyncManagerFile( 1978): 	at java.io.FileInputStream.<init>(FileInputStream.java:78)
W/SyncManagerFile( 1978): 	at android.util.AtomicFile.openRead(AtomicFile.java:199)
W/SyncManagerFile( 1978): 	at com.android.server.content.SyncStorageEngine.readPendingOperationsLocked(SyncStorageEngine.java:2292)
W/SyncManagerFile( 1978): 	at com.android.server.content.SyncStorageEngine.<init>(SyncStorageEngine.java:434)
W/SyncManagerFile( 1978): 	at com.android.server.content.SyncStorageEngine.init(SyncStorageEngine.java:454)
W/SyncManagerFile( 1978): 	at com.android.server.content.SyncManager.<init>(SyncManager.java:389)
W/SyncManagerFile( 1978): 	at com.android.server.content.ContentService.getSyncManager(ContentService.java:75)
W/SyncManagerFile( 1978): 	at com.android.server.content.ContentService.notifyChange(ContentService.java:283)
W/SyncManagerFile( 1978): 	at android.content.ContentResolver.notifyChange(ContentResolver.java:1621)
W/SyncManagerFile( 1978): 	at com.android.providers.settings.SettingsProvider.sendNotify(SettingsProvider.java:262)
W/SyncManagerFile( 1978): 	at com.android.providers.settings.SettingsProvider.insertForUser(SettingsProvider.java:941)
W/SyncManagerFile( 1978): 	at com.android.providers.settings.SettingsProvider.ensureAndroidIdIsSet(SettingsProvider.java:496)
W/SyncManagerFile( 1978): 	at com.android.providers.settings.SettingsProvider.establishDbTracking(SettingsProvider.java:409)
W/SyncManagerFile( 1978): 	at com.android.providers.settings.SettingsProvider.onCreate(SettingsProvider.java:335)
W/SyncManagerFile( 1978): 	at android.content.ContentProvider.attachInfo(ContentProvider.java:1591)
W/SyncManagerFile( 1978): 	at android.content.ContentProvider.attachInfo(ContentProvider.java:1562)
W/SyncManagerFile( 1978): 	at android.app.ActivityThread.installProvider(ActivityThread.java:4955)
W/SyncManagerFile( 1978): 	at android.app.ActivityThread.installContentProviders(ActivityThread.java:4550)
W/SyncManagerFile( 1978): 	at android.app.ActivityThread.installSystemProviders(ActivityThread.java:5110)
W/SyncManagerFile( 1978): 	at com.android.server.am.ActivityManagerService.installSystemProviders(ActivityManagerService.java:8211)
W/SyncManagerFile( 1978): 	at com.android.server.ServerThread.initAndLoop(SystemServer.java:342)
W/SyncManagerFile( 1978): 	at com.android.server.SystemServer.main(SystemServer.java:1406)
W/SyncManagerFile( 1978): 	at java.lang.reflect.Method.invokeNative(Native Method)
W/SyncManagerFile( 1978): 	at java.lang.reflect.Method.invoke(Method.java:515)
W/SyncManagerFile( 1978): 	at com.android.internal.os.ZygoteInit$MethodAndArgsCaller.run(ZygoteInit.java:789)
W/SyncManagerFile( 1978): 	at com.android.internal.os.ZygoteInit.main(ZygoteInit.java:605)
W/SyncManagerFile( 1978): 	at dalvik.system.NativeStart.main(Native Method)
W/SyncManagerFile( 1978): Caused by: libcore.io.ErrnoException: open failed: ENOENT (No such file or directory)
W/SyncManagerFile( 1978): 	at libcore.io.Posix.open(Native Method)
W/SyncManagerFile( 1978): 	at libcore.io.BlockGuardOs.open(BlockGuardOs.java:110)
W/SyncManagerFile( 1978): 	at libcore.io.IoBridge.open(IoBridge.java:393)
W/SyncManagerFile( 1978): 	... 27 more
I/SyncManager( 1978): No initial statistics
D/SettingsProvider( 1978): Generated and saved new ANDROID_ID [d499f365e7dc4d57] for user 0
I/SystemServer( 1978): Lights Service
I/SystemServer( 1978): Vibrator Service
I/SystemServer( 1978): Consumer IR Service
E/ConsumerIrService( 1978): Can't open consumer IR HW Module, error: -2
I/libsuspend( 1978): Selected early suspend
I/libsuspend( 1978): Starting early suspend unblocker thread
E/Klzz PowerHAL( 1978): Error opening /sys/devices/system/cpu/cpufreq/ondemand/sampling_rate: No such file or directory
D/SurfaceFlinger( 1511): Screen acquired, type=0 flinger=0xf450
D/SurfaceFlinger( 1511):  screen was previously acquired
I/SystemServer( 1978): Alarm Manager
I/SystemServer( 1978): Init Watchdog
I/SystemServer( 1978): Input Manager
I/InputManager( 1978): Initializing input manager, mUseDevInputEventForAudioJack=false
I/SystemServer( 1978): Window Manager
I/WindowManager( 1978): No existing display settings /data/system/display_settings.xml; starting empty
D/PermissionCache( 1511): checking android.permission.ACCESS_SURFACE_FLINGER for uid=1000 => granted (576 us)
I/AKMD2   ( 1518): akmd2 : Compass Opened.
I/WindowManager( 1978): No keyguard interface!
I/InputManager( 1978): Starting input manager
D/BluetoothManagerService( 1978): Loading stored name and address
D/BluetoothManagerService( 1978): Stored bluetooth Name=null,Address=null
I/SystemServer( 1978): Bluetooth Manager Service
I/SystemServer( 1978): Input Method Service
D/EventHub( 1978): No input device configuration file found for device 'compass'.
D/EventHub( 1978): No input device configuration file found for device 'shakira_keypad'.
W/EventHub( 1978): Unable to disable kernel key repeat for /dev/input/event3: Function not implemented
I/EventHub( 1978): New device: id=2, fd=101, path='/dev/input/event3', name='shakira_keypad', classes=0x1, configuration='', keyLayout='/system/usr/keylayout/shakira_keypad.kl', keyCharacterMap='/system/usr/keychars/Generic.kcm', builtinKeyboard=false, usingSuspendBlockIoctl=false, usingClockIoctl=false
W/EventHub( 1978): Unable to disable kernel key repeat for /dev/input/event2: Function not implemented
I/EventHub( 1978): New device: id=3, fd=102, path='/dev/input/event2', name='synaptics-rmi-touchscreen', classes=0x155, configuration='/system/usr/idc/synaptics-rmi-touchscreen.idc', keyLayout='/system/usr/keylayout/Generic.kl', keyCharacterMap='/system/usr/keychars/Generic.kcm', builtinKeyboard=false, usingSuspendBlockIoctl=false, usingClockIoctl=false
D/EventHub( 1978): No input device configuration file found for device 'lightsensor'.
D/EventHub( 1978): No input device configuration file found for device 'proximity'.
I/InputReader( 1978): Device added: id=-1, name='Virtual', sources=0x00000301
W/InputReader( 1978): Invalid value for touch.size.calibration: 'normalized'
I/InputReader( 1978):   Touch device 'synaptics-rmi-touchscreen' could not query the properties of its associated display.  The device will be inoperable until the display size becomes available.
I/InputReader( 1978): Device added: id=3, name='synaptics-rmi-touchscreen', sources=0x01001513
I/InputReader( 1978): Device added: id=2, name='shakira_keypad', sources=0x00000101
I/InputMethodUtils( 1978): Adding: com.android.inputmethod.latin/.LatinIME
W/InputMethodManagerService( 1978): No IME selected. Choose the most applicable IME.
W/SystemServer( 1978): ***********************************************
F/SystemServer( 1978): BOOT FAILURE starting Input Manager Service
F/SystemServer( 1978): java.lang.NullPointerException
F/SystemServer( 1978): 	at com.android.server.InputMethodManagerService.resetDefaultImeLocked(InputMethodManagerService.java:747)
F/SystemServer( 1978): 	at com.android.server.InputMethodManagerService.<init>(InputMethodManagerService.java:706)
F/SystemServer( 1978): 	at com.android.server.ServerThread.initAndLoop(SystemServer.java:442)
F/SystemServer( 1978): 	at com.android.server.SystemServer.main(SystemServer.java:1406)
F/SystemServer( 1978): 	at java.lang.reflect.Method.invokeNative(Native Method)
F/SystemServer( 1978): 	at java.lang.reflect.Method.invoke(Method.java:515)
F/SystemServer( 1978): 	at com.android.internal.os.ZygoteInit$MethodAndArgsCaller.run(ZygoteInit.java:789)
F/SystemServer( 1978): 	at com.android.internal.os.ZygoteInit.main(ZygoteInit.java:605)
F/SystemServer( 1978): 	at dalvik.system.NativeStart.main(Native Method)
I/SystemServer( 1978): Accessibility Manager
I/ActivityManager( 1978): Config changes=1df8 {1.0 ?mcc?mnc en_US ldltr sw320dp w320dp h480dp 160dpi nrml port ?uimode ?night -touch -keyb/h/h -nav/h s.2 themeResource=null}
I/InputReader( 1978): Reconfiguring input devices.  changes=0x00000004
I/InputReader( 1978): Device reconfigured: id=3, name='synaptics-rmi-touchscreen', size 320x480, orientation 0, mode 1, display id 0
I/InputReader( 1978): Reconfiguring input devices.  changes=0x00000004
I/ActivityManager( 1978): Config changes=408 {1.0 ?mcc?mnc en_US ldltr sw320dp w320dp h455dp 160dpi nrml port ?uimode ?night finger -keyb/h/h -nav/h s.3 themeResource=null}
I/PackageManager( 1978): Running dexopt on: com.android.packageinstaller
I/PackageManager( 1978): Running dexopt on: com.android.calendar
D/dalvikvm( 2164): Unable to stat classpath element '/system/framework/webviewchromium.jar'
D/dalvikvm( 2165): Unable to stat classpath element '/system/framework/webviewchromium.jar'
D/dalvikvm( 2164): Note: class Landroid/app/ActivityManagerNative; has 180 unimplemented (abstract) methods
D/dalvikvm( 2164): DexOpt: load 299ms, verify+opt 778ms, 586388 bytes
I/PackageManager( 1978): Running dexopt on: jackpal.androidterm
D/dalvikvm( 2167): Unable to stat classpath element '/system/framework/webviewchromium.jar'
D/dalvikvm( 2167): DexOpt: 'Landroid/annotation/SuppressLint;' has an earlier definition; blocking out
D/dalvikvm( 2167): DexOpt: 'Landroid/annotation/TargetApi;' has an earlier definition; blocking out
D/dalvikvm( 2167): DexOpt: not verifying/optimizing 'Landroid/annotation/SuppressLint;': multiple definitions
D/dalvikvm( 2167): DexOpt: not verifying/optimizing 'Landroid/annotation/TargetApi;': multiple definitions
D/dalvikvm( 2167): DexOpt: load 324ms, verify+opt 907ms, 630828 bytes
I/PackageManager( 1978): Running dexopt on: com.android.deskclock
D/dalvikvm( 2169): Unable to stat classpath element '/system/framework/webviewchromium.jar'
I/auditd  ( 2170): Starting up
E/audit_log( 2170): Could not stat audit logfile /data/misc/audit/audit.log: Permission denied
E/auditd  ( 2170): Failed on audit_log_open
I/auditd  ( 2170): Exiting
E/libaudit( 2170): Could net set pid for audit events, error: Protocol error
D/dalvikvm( 2165): DexOpt: load 1031ms, verify+opt 4298ms, 1416044 bytes
I/PackageManager( 1978): Running dexopt on: com.android.keyguard
D/dalvikvm( 2174): Unable to stat classpath element '/system/framework/webviewchromium.jar'
D/dalvikvm( 2169): DexOpt: load 766ms, verify+opt 2853ms, 1202012 bytes
I/PackageManager( 1978): Running dexopt on: com.android.inputmethod.latin
D/dalvikvm( 2174): Note: class Landroid/app/ActivityManagerNative; has 180 unimplemented (abstract) methods
D/dalvikvm( 2176): Unable to stat classpath element '/system/framework/webviewchromium.jar'
I/auditd  ( 2177): Starting up
E/audit_log( 2177): Could not stat audit logfile /data/misc/audit/audit.log: Permission denied
E/auditd  ( 2177): Failed on audit_log_open
I/auditd  ( 2177): Exiting
E/libaudit( 2177): Could net set pid for audit events, error: Protocol error
D/dalvikvm( 2174): DexOpt: load 752ms, verify+opt 1957ms, 1080604 bytes
I/PackageManager( 1978): Running dexopt on: com.tmobile.thememanager
D/dalvikvm( 2181): Unable to stat classpath element '/system/framework/webviewchromium.jar'
D/dalvikvm( 2181): DexOpt: load 55ms, verify+opt 201ms, 263620 bytes
I/PackageManager( 1978): Running dexopt on: com.android.camera2
D/dalvikvm( 2183): Unable to stat classpath element '/system/framework/webviewchromium.jar'
D/dalvikvm( 2176): DexOpt: load 830ms, verify+opt 4081ms, 1349108 bytes
I/PackageManager( 1978): Running dexopt on: com.android.phone
I/auditd  ( 2186): Starting up
E/audit_log( 2186): Could not stat audit logfile /data/misc/audit/audit.log: Permission denied
E/auditd  ( 2186): Failed on audit_log_open
I/auditd  ( 2186): Exiting
E/libaudit( 2186): Could net set pid for audit events, error: Protocol error
D/dalvikvm( 2185): Unable to stat classpath element '/system/framework/webviewchromium.jar'
D/dalvikvm( 2183): DexOpt: load 754ms, verify+opt 3788ms, 1310780 bytes
I/PackageManager( 1978): Running dexopt on: com.android.sharedstoragebackup
D/dalvikvm( 2190): Unable to stat classpath element '/system/framework/webviewchromium.jar'
D/dalvikvm( 2190): DexOpt: load 60ms, verify+opt 62ms, 154860 bytes
I/PackageManager( 1978): Running dexopt on: com.android.backupconfirm
D/dalvikvm( 2192): Unable to stat classpath element '/system/framework/webviewchromium.jar'
D/dalvikvm( 2192): DexOpt: load 69ms, verify+opt 171ms, 234356 bytes
I/PackageManager( 1978): Running dexopt on: com.android.exchange
D/dalvikvm( 2185): Note: class Landroid/app/ActivityManagerNative; has 180 unimplemented (abstract) methods
D/dalvikvm( 2194): Unable to stat classpath element '/system/framework/webviewchromium.jar'
I/auditd  ( 2195): Starting up
E/audit_log( 2195): Could not stat audit logfile /data/misc/audit/audit.log: Permission denied
E/auditd  ( 2195): Failed on audit_log_open
I/auditd  ( 2195): Exiting
E/libaudit( 2195): Could net set pid for audit events, error: Protocol error
D/dalvikvm( 2185): DexOpt: load 412ms, verify+opt 3839ms, 1343948 bytes
I/PackageManager( 1978): Running dexopt on: Com.Klozz.Xperience
D/dalvikvm( 2199): Unable to stat classpath element '/system/framework/webviewchromium.jar'
D/dalvikvm( 2199): DexOpt: 'Landroid/annotation/SuppressLint;' has an earlier definition; blocking out
D/dalvikvm( 2199): DexOpt: 'Landroid/annotation/TargetApi;' has an earlier definition; blocking out
D/dalvikvm( 2199): DexOpt: not verifying/optimizing 'Landroid/annotation/SuppressLint;': multiple definitions
D/dalvikvm( 2199): DexOpt: not verifying/optimizing 'Landroid/annotation/TargetApi;': multiple definitions
D/dalvikvm( 2199): DexOpt: load 83ms, verify+opt 151ms, 191044 bytes
I/PackageManager( 1978): Running dexopt on: com.android.mms
D/dalvikvm( 2201): Unable to stat classpath element '/system/framework/webviewchromium.jar'
I/auditd  ( 2202): Starting up
E/audit_log( 2202): Could not stat audit logfile /data/misc/audit/audit.log: Permission denied
E/auditd  ( 2202): Failed on audit_log_open
I/auditd  ( 2202): Exiting
E/libaudit( 2202): Could net set pid for audit events, error: Protocol error
D/dalvikvm( 2201): DexOpt: load 1211ms, verify+opt 4487ms, 1540164 bytes
I/PackageManager( 1978): Running dexopt on: com.sonyericsson.anthal.service
D/dalvikvm( 2206): Unable to stat classpath element '/system/framework/webviewchromium.jar'
D/dalvikvm( 2206): DexOpt: load 52ms, verify+opt 20ms, 115716 bytes
I/PackageManager( 1978): Running dexopt on: com.android.onetimeinitializer
D/dalvikvm( 2208): Unable to stat classpath element '/system/framework/webviewchromium.jar'
D/dalvikvm( 2208): DexOpt: load 63ms, verify+opt 38ms, 141164 bytes
I/PackageManager( 1978): Running dexopt on: com.android.browser
I/auditd  ( 2211): Starting up
D/dalvikvm( 2210): Unable to stat classpath element '/system/framework/webviewchromium.jar'
E/audit_log( 2211): Could not stat audit logfile /data/misc/audit/audit.log: Permission denied
E/auditd  ( 2211): Failed on audit_log_open
I/auditd  ( 2211): Exiting
E/libaudit( 2211): Could net set pid for audit events, error: Protocol error
D/dalvikvm( 2194): DexOpt: load 1367ms, verify+opt 8312ms, 2145172 bytes
I/PackageManager( 1978): Running dexopt on: com.android.development
D/dalvikvm( 2215): Unable to stat classpath element '/system/framework/webviewchromium.jar'
D/dalvikvm( 2215): Note: class Landroid/app/ActivityManagerNative; has 180 unimplemented (abstract) methods
D/dalvikvm( 2215): DexOpt: load 317ms, verify+opt 1001ms, 684756 bytes
I/PackageManager( 1978): Running dexopt on: com.bel.android.dspmanager
D/dalvikvm( 2217): Unable to stat classpath element '/system/framework/webviewchromium.jar'
I/auditd  ( 2218): Starting up
E/audit_log( 2218): Could not stat audit logfile /data/misc/audit/audit.log: Permission denied
E/auditd  ( 2218): Failed on audit_log_open
I/auditd  ( 2218): Exiting
E/libaudit( 2218): Could net set pid for audit events, error: Protocol error
D/dalvikvm( 2210): DexOpt: load 1399ms, verify+opt 3517ms, 1522932 bytes
I/PackageManager( 1978): Running dexopt on: com.android.gallery3d
D/dalvikvm( 2222): Unable to stat classpath element '/system/framework/webviewchromium.jar'
D/dalvikvm( 2217): DexOpt: load 678ms, verify+opt 3000ms, 1133348 bytes
I/PackageManager( 1978): Running dexopt on: com.android.soundrecorder
D/dalvikvm( 2224): Unable to stat classpath element '/system/framework/webviewchromium.jar'
D/dalvikvm( 2222): DexOpt: 'Landroid/util/Pools$Pool;' has an earlier definition; blocking out
D/dalvikvm( 2222): DexOpt: 'Landroid/util/Pools$SimplePool;' has an earlier definition; blocking out
D/dalvikvm( 2222): DexOpt: 'Landroid/util/Pools$SynchronizedPool;' has an earlier definition; blocking out
D/dalvikvm( 2222): DexOpt: 'Landroid/util/Pools;' has an earlier definition; blocking out
D/dalvikvm( 2224): DexOpt: load 109ms, verify+opt 594ms, 406676 bytes
I/PackageManager( 1978): Running dexopt on: com.android.smspush
D/dalvikvm( 2226): Unable to stat classpath element '/system/framework/webviewchromium.jar'
D/dalvikvm( 2226): DexOpt: load 67ms, verify+opt 71ms, 145724 bytes
I/PackageManager( 1978): Running dexopt on: com.sonyericsson.systemconnector
D/dalvikvm( 2228): Unable to stat classpath element '/system/framework/webviewchromium.jar'
I/auditd  ( 2229): Starting up
E/audit_log( 2229): Could not stat audit logfile /data/misc/audit/audit.log: Permission denied
E/auditd  ( 2229): Failed on audit_log_open
I/auditd  ( 2229): Exiting
E/libaudit( 2229): Could net set pid for audit events, error: Protocol error
D/dalvikvm( 2228): DexOpt: load 76ms, verify+opt 174ms, 191828 bytes
I/PackageManager( 1978): Running dexopt on: com.tmobile.themechooser
D/dalvikvm( 2233): Unable to stat classpath element '/system/framework/webviewchromium.jar'
D/dalvikvm( 2233): DexOpt: load 249ms, verify+opt 416ms, 376332 bytes
I/PackageManager( 1978): Running dexopt on: com.android.shell
D/dalvikvm( 2235): Unable to stat classpath element '/system/framework/webviewchromium.jar'
D/dalvikvm( 2235): DexOpt: load 114ms, verify+opt 417ms, 334092 bytes
I/PackageManager( 1978): Running dexopt on: com.android.settings
D/dalvikvm( 2222): DexOpt: not verifying/optimizing 'Landroid/util/Pools$Pool;': multiple definitions
D/dalvikvm( 2222): DexOpt: not verifying/optimizing 'Landroid/util/Pools$SimplePool;': multiple definitions
D/dalvikvm( 2222): DexOpt: not verifying/optimizing 'Landroid/util/Pools$SynchronizedPool;': multiple definitions
D/dalvikvm( 2222): DexOpt: not verifying/optimizing 'Landroid/util/Pools;': multiple definitions
D/dalvikvm( 2237): Unable to stat classpath element '/system/framework/webviewchromium.jar'
I/auditd  ( 2238): Starting up
E/audit_log( 2238): Could not stat audit logfile /data/misc/audit/audit.log: Permission denied
E/auditd  ( 2238): Failed on audit_log_open
I/auditd  ( 2238): Exiting
E/libaudit( 2238): Could net set pid for audit events, error: Protocol error
I/dalvikvm( 2222): DexOpt: not resolving ambiguous class 'Landroid/util/Pools$SynchronizedPool;'
I/dalvikvm( 2222): DexOpt: not resolving ambiguous class 'Landroid/util/Pools$SimplePool;'
I/dalvikvm( 2222): DexOpt: not resolving ambiguous class 'Landroid/util/Pools$Pool;'
I/dalvikvm( 2222): DexOpt: not resolving ambiguous class 'Landroid/util/Pools$SynchronizedPool;'
I/auditd  ( 2241): Starting up
E/audit_log( 2241): Could not stat audit logfile /data/misc/audit/audit.log: Permission denied
E/auditd  ( 2241): Failed on audit_log_open
I/auditd  ( 2241): Exiting
E/libaudit( 2241): Could net set pid for audit events, error: Protocol error
D/dalvikvm( 2237): Note: class Landroid/app/ActivityManagerNative; has 180 unimplemented (abstract) methods
D/dalvikvm( 2222): DexOpt: load 1753ms, verify+opt 11409ms, 2337684 bytes
I/PackageManager( 1978): Running dexopt on: com.android.pacprocessor
D/dalvikvm( 2245): Unable to stat classpath element '/system/framework/webviewchromium.jar'
D/dalvikvm( 2245): DexOpt: load 66ms, verify+opt 36ms, 125908 bytes
I/PackageManager( 1978): Running dexopt on: com.android.wallpaper.livepicker
D/dalvikvm( 2247): Unable to stat classpath element '/system/framework/webviewchromium.jar'
D/dalvikvm( 2247): DexOpt: load 146ms, verify+opt 599ms, 370964 bytes
I/PackageManager( 1978): Running dexopt on: com.android.cellbroadcastreceiver
D/dalvikvm( 2249): Unable to stat classpath element '/system/framework/webviewchromium.jar'
D/dalvikvm( 2249): DexOpt: load 347ms, verify+opt 977ms, 581516 bytes
I/PackageManager( 1978): Running dexopt on: com.svox.pico
I/auditd  ( 2252): Starting up
E/audit_log( 2252): Could not stat audit logfile /data/misc/audit/audit.log: Permission denied
E/auditd  ( 2252): Failed on audit_log_open
I/auditd  ( 2252): Exiting
E/libaudit( 2252): Could net set pid for audit events, error: Protocol error
D/dalvikvm( 2251): Unable to stat classpath element '/system/framework/webviewchromium.jar'
D/dalvikvm( 2251): DexOpt: load 133ms, verify+opt 129ms, 227388 bytes
I/PackageManager( 1978): Running dexopt on: org.codeaurora.bluetooth
D/dalvikvm( 2256): Unable to stat classpath element '/system/framework/webviewchromium.jar'
D/dalvikvm( 2237): DexOpt: load 2157ms, verify+opt 12783ms, 2931844 bytes
D/dalvikvm( 2256): DexOpt: load 274ms, verify+opt 3167ms, 651036 bytes
I/PackageManager( 1978): Running dexopt on: com.cyanogenmod.updater
I/auditd  ( 2257): Starting up
E/audit_log( 2257): Could not stat audit logfile /data/misc/audit/audit.log: Permission denied
E/auditd  ( 2257): Failed on audit_log_open
I/auditd  ( 2257): Exiting
E/libaudit( 2257): Could net set pid for audit events, error: Protocol error
I/PackageManager( 1978): Running dexopt on: com.android.htmlviewer
D/dalvikvm( 2263): Unable to stat classpath element '/system/framework/webviewchromium.jar'
D/dalvikvm( 2261): Unable to stat classpath element '/system/framework/webviewchromium.jar'
D/dalvikvm( 2263): DexOpt: load 90ms, verify+opt 237ms, 258780 bytes
I/PackageManager( 1978): Running dexopt on: com.android.externalstorage
D/dalvikvm( 2265): Unable to stat classpath element '/system/framework/webviewchromium.jar'
D/dalvikvm( 2265): DexOpt: load 73ms, verify+opt 143ms, 224628 bytes
I/PackageManager( 1978): Running dexopt on: org.whispersystems.whisperpush
D/dalvikvm( 2261): DexOpt: load 351ms, verify+opt 605ms, 528580 bytes
I/PackageManager( 1978): Running dexopt on: com.android.contacts
D/dalvikvm( 2267): Unable to stat classpath element '/system/framework/webviewchromium.jar'
D/dalvikvm( 2269): Unable to stat classpath element '/system/framework/webviewchromium.jar'
I/auditd  ( 2270): Starting up
E/audit_log( 2270): Could not stat audit logfile /data/misc/audit/audit.log: Permission denied
E/auditd  ( 2270): Failed on audit_log_open
I/auditd  ( 2270): Exiting
E/libaudit( 2270): Could net set pid for audit events, error: Protocol error
D/dalvikvm( 2267): DexOpt: load 623ms, verify+opt 4596ms, 1221052 bytes
I/PackageManager( 1978): Running dexopt on: com.android.stk
D/dalvikvm( 2274): Unable to stat classpath element '/system/framework/webviewchromium.jar'
D/dalvikvm( 2274): DexOpt: load 113ms, verify+opt 900ms, 461236 bytes
I/PackageManager( 1978): Running dexopt on: com.android.documentsui
D/dalvikvm( 2276): Unable to stat classpath element '/system/framework/webviewchromium.jar'
I/auditd  ( 2277): Starting up
E/audit_log( 2277): Could not stat audit logfile /data/misc/audit/audit.log: Permission denied
E/auditd  ( 2277): Failed on audit_log_open
I/auditd  ( 2277): Exiting
E/libaudit( 2277): Could net set pid for audit events, error: Protocol error
D/dalvikvm( 2269): DexOpt: load 1452ms, verify+opt 7048ms, 1756884 bytes
I/PackageManager( 1978): Running dexopt on: com.android.providers.calendar
D/dalvikvm( 2281): Unable to stat classpath element '/system/framework/webviewchromium.jar'
D/dalvikvm( 2276): DexOpt: load 484ms, verify+opt 2398ms, 926212 bytes
I/PackageManager( 1978): Running dexopt on: com.andrew.apollo
D/dalvikvm( 2283): Unable to stat classpath element '/system/framework/webviewchromium.jar'
I/auditd  ( 2284): Starting up
E/audit_log( 2284): Could not stat audit logfile /data/misc/audit/audit.log: Permission denied
E/auditd  ( 2284): Failed on audit_log_open
I/auditd  ( 2284): Exiting
E/libaudit( 2284): Could net set pid for audit events, error: Protocol error
D/dalvikvm( 2281): Note: class Landroid/app/ActivityManagerNative; has 180 unimplemented (abstract) methods
D/dalvikvm( 2281): DexOpt: load 244ms, verify+opt 2196ms, 623868 bytes
I/PackageManager( 1978): Running dexopt on: com.android.keychain
D/dalvikvm( 2288): Unable to stat classpath element '/system/framework/webviewchromium.jar'
D/dalvikvm( 2288): DexOpt: load 91ms, verify+opt 723ms, 392836 bytes
I/PackageManager( 1978): Running dexopt on: com.android.providers.downloads.ui
D/dalvikvm( 2290): Unable to stat classpath element '/system/framework/webviewchromium.jar'
D/dalvikvm( 2290): DexOpt: load 265ms, verify+opt 699ms, 446172 bytes
I/PackageManager( 1978): Running dexopt on: com.android.providers.contacts
D/dalvikvm( 2292): Unable to stat classpath element '/system/framework/webviewchromium.jar'
D/dalvikvm( 2283): DexOpt: load 1164ms, verify+opt 3470ms, 1179580 bytes
I/PackageManager( 1978): Running dexopt on: com.android.systemui
I/auditd  ( 2293): Starting up
E/audit_log( 2293): Could not stat audit logfile /data/misc/audit/audit.log: Permission denied
E/auditd  ( 2293): Failed on audit_log_open
I/auditd  ( 2293): Exiting
E/libaudit( 2293): Could net set pid for audit events, error: Protocol error
D/dalvikvm( 2297): Unable to stat classpath element '/system/framework/webviewchromium.jar'
D/dalvikvm( 2292): Note: class Landroid/app/ActivityManagerNative; has 180 unimplemented (abstract) methods
D/dalvikvm( 2297): Note: class Landroid/app/ActivityManagerNative; has 180 unimplemented (abstract) methods
D/dalvikvm( 2292): DexOpt: load 352ms, verify+opt 3982ms, 802348 bytes
I/PackageManager( 1978): Running dexopt on: com.android.voicedialer
D/dalvikvm( 2299): Unable to stat classpath element '/system/framework/webviewchromium.jar'
I/auditd  ( 2300): Starting up
E/audit_log( 2300): Could not stat audit logfile /data/misc/audit/audit.log: Permission denied
E/auditd  ( 2300): Failed on audit_log_open
I/auditd  ( 2300): Exiting
E/libaudit( 2300): Could net set pid for audit events, error: Protocol error
D/dalvikvm( 2299): DexOpt: load 117ms, verify+opt 696ms, 380276 bytes
I/PackageManager( 1978): Running dexopt on: com.android.dreams.basic
D/dalvikvm( 2304): Unable to stat classpath element '/system/framework/webviewchromium.jar'
D/dalvikvm( 2304): DexOpt: load 76ms, verify+opt 115ms, 195628 bytes
I/PackageManager( 1978): Running dexopt on: com.android.location.fused
D/dalvikvm( 2297): DexOpt: load 1189ms, verify+opt 4024ms, 1409716 bytes
I/PackageManager( 1978): Running dexopt on: com.cyanogenmod.trebuchet
D/dalvikvm( 2306): Unable to stat classpath element '/system/framework/webviewchromium.jar'
D/dalvikvm( 2306): DexOpt: load 80ms, verify+opt 41ms, 150364 bytes
I/PackageManager( 1978): Running dexopt on: com.cyanogenmod.filemanager
D/dalvikvm( 2308): Unable to stat classpath element '/system/framework/webviewchromium.jar'
D/dalvikvm( 2310): Unable to stat classpath element '/system/framework/webviewchromium.jar'
D/dalvikvm( 2308): DexOpt: 'Landroid/util/Pools$Pool;' has an earlier definition; blocking out
D/dalvikvm( 2308): DexOpt: 'Landroid/util/Pools$SimplePool;' has an earlier definition; blocking out
D/dalvikvm( 2308): DexOpt: 'Landroid/util/Pools$SynchronizedPool;' has an earlier definition; blocking out
D/dalvikvm( 2308): DexOpt: 'Landroid/util/Pools;' has an earlier definition; blocking out
D/dalvikvm( 2308): DexOpt: not verifying/optimizing 'Landroid/util/Pools$Pool;': multiple definitions
D/dalvikvm( 2308): DexOpt: not verifying/optimizing 'Landroid/util/Pools$SimplePool;': multiple definitions
D/dalvikvm( 2308): DexOpt: not verifying/optimizing 'Landroid/util/Pools$SynchronizedPool;': multiple definitions
D/dalvikvm( 2308): DexOpt: not verifying/optimizing 'Landroid/util/Pools;': multiple definitions
I/auditd  ( 2311): Starting up
E/audit_log( 2311): Could not stat audit logfile /data/misc/audit/audit.log: Permission denied
E/auditd  ( 2311): Failed on audit_log_open
I/auditd  ( 2311): Exiting
E/libaudit( 2311): Could net set pid for audit events, error: Protocol error
D/dalvikvm( 2310): DexOpt: load 1282ms, verify+opt 3742ms, 1102764 bytes
I/PackageManager( 1978): Running dexopt on: com.android.providers.downloads
D/dalvikvm( 2315): Unable to stat classpath element '/system/framework/webviewchromium.jar'
I/auditd  ( 2316): Starting up
E/audit_log( 2316): Could not stat audit logfile /data/misc/audit/audit.log: Permission denied
E/auditd  ( 2316): Failed on audit_log_open
I/auditd  ( 2316): Exiting
E/libaudit( 2316): Could net set pid for audit events, error: Protocol error
D/dalvikvm( 2315): DexOpt: load 255ms, verify+opt 1369ms, 574268 bytes
I/dalvikvm( 2308): DexOpt: not resolving ambiguous class 'Landroid/util/Pools$Pool;'
I/dalvikvm( 2308): DexOpt: not resolving ambiguous class 'Landroid/util/Pools$SynchronizedPool;'
I/PackageManager( 1978): Running dexopt on: com.android.wallpaper
D/dalvikvm( 2308): DexOpt: load 1719ms, verify+opt 6155ms, 1371148 bytes
I/PackageManager( 1978): Running dexopt on: com.android.defcontainer
D/dalvikvm( 2320): Unable to stat classpath element '/system/framework/webviewchromium.jar'
D/dalvikvm( 2322): Unable to stat classpath element '/system/framework/webviewchromium.jar'
D/dalvikvm( 2322): DexOpt: load 94ms, verify+opt 142ms, 212588 bytes
I/PackageManager( 1978): Running dexopt on: com.android.providers.telephony
D/dalvikvm( 2320): DexOpt: load 203ms, verify+opt 366ms, 418476 bytes
I/PackageManager( 1978): Running dexopt on: com.cyanogenmod.settings.device.hwa
D/dalvikvm( 2324): Unable to stat classpath element '/system/framework/webviewchromium.jar'
D/dalvikvm( 2326): Unable to stat classpath element '/system/framework/webviewchromium.jar'
D/dalvikvm( 2324): DexOpt: load 54ms, verify+opt 759ms, 275620 bytes
I/PackageManager( 1978): Running dexopt on: com.android.vpndialogs
D/dalvikvm( 2326): DexOpt: load 151ms, verify+opt 813ms, 417892 bytes
D/dalvikvm( 2328): Unable to stat classpath element '/system/framework/webviewchromium.jar'
I/PackageManager( 1978): Running dexopt on: com.android.provision
D/dalvikvm( 2330): Unable to stat classpath element '/system/framework/webviewchromium.jar'
D/dalvikvm( 2330): DexOpt: load 101ms, verify+opt 7ms, 140100 bytes
I/PackageManager( 1978): Running dexopt on: com.android.providers.userdictionary
D/dalvikvm( 2328): DexOpt: load 99ms, verify+opt 444ms, 282796 bytes
I/PackageManager( 1978): Running dexopt on: com.android.proxyhandler
D/dalvikvm( 2332): DexOpt: sleeping on flock(/data/dalvik-cache/system@framework@okhttp.jar@classes.dex)
D/dalvikvm( 2332): Unable to stat classpath element '/system/framework/webviewchromium.jar'
D/dalvikvm( 2334): Unable to stat classpath element '/system/framework/webviewchromium.jar'
D/dalvikvm( 2334): DexOpt: load 70ms, verify+opt 85ms, 156492 bytes
D/dalvikvm( 2332): DexOpt: load 69ms, verify+opt 143ms, 173356 bytes
I/PackageManager( 1978): Running dexopt on: com.android.wallpapercropper
I/PackageManager( 1978): Running dexopt on: com.android.dialer
D/dalvikvm( 2337): Unable to stat classpath element '/system/framework/webviewchromium.jar'
I/auditd  ( 2340): Starting up
E/audit_log( 2340): Could not stat audit logfile /data/misc/audit/audit.log: Permission denied
E/auditd  ( 2340): Failed on audit_log_open
I/auditd  ( 2340): Exiting
E/libaudit( 2340): Could net set pid for audit events, error: Protocol error
D/dalvikvm( 2338): Unable to stat classpath element '/system/framework/webviewchromium.jar'
D/dalvikvm( 2337): DexOpt: load 381ms, verify+opt 739ms, 438316 bytes
I/PackageManager( 1978): Running dexopt on: com.android.calculator2
D/dalvikvm( 2344): Unable to stat classpath element '/system/framework/webviewchromium.jar'
I/auditd  ( 2345): Starting up
E/audit_log( 2345): Could not stat audit logfile /data/misc/audit/audit.log: Permission denied
E/auditd  ( 2345): Failed on audit_log_open
I/auditd  ( 2345): Exiting
E/libaudit( 2345): Could net set pid for audit events, error: Protocol error
D/dalvikvm( 2344): DexOpt: load 831ms, verify+opt 3524ms, 1012596 bytes
I/PackageManager( 1978): Running dexopt on: com.android.bluetooth
